08-07 21:09:53.748  6702  7309 V SoundInfo: construct(0x0436b62c)
08-07 21:09:53.767  6702  7293 I [Gralloc]:  ion device open success! fd = 92
08-07 21:09:53.789  6702  7308 E WVMExtractor: Failed to open libwvm.so: dlopen failed: "/system/vendor/lib64/libwvm.so" is 32-bit instead of 64-bit
08-07 21:09:53.815  6702  7308 I MediaCodec: callingProcessName:com.qualcomm.ftcrobotcontroller
08-07 21:09:53.822  6702  7317 I ACodec  : onAllocateComponent:6752 mSoftCodecPref:0 componentName:
08-07 21:09:53.823  6702  7317 I ACodec  : onAllocateComponent:6783 mSoftCodecPref:0 componentName:OMX.google.raw.decoder
08-07 21:09:53.858  6702  6702 V AppUtil : rootActivity=PermissionValidatorWrapper destroyed
08-07 21:09:53.859  6702  6702 V AppUtil : rootActivity=FtcRobotControllerActivity
08-07 21:09:53.859  6702  6702 I PermissionValidatorActivity: Lifecycle onDestroy : 21fe8bb
08-07 21:09:53.904  6702  6824 D SoundPlayer: onLoadComplete(samp=1|ms=4580, samp=1)=0
08-07 21:09:53.906  6702  7309 W AudioTrack: AUDIO_OUTPUT_FLAG_FAST denied by client; transfer 4, track 48000 Hz, output 44100 Hz
08-07 21:09:53.912  6702  7309 D SoundPlayer: playing volume=0.000000 samp=1|ms=4580
08-07 21:09:55.086  6702  7306 V FtcWebSocket: Opening websocket (ip=localhost/127.0.0.1 port=8081)
08-07 21:09:55.092  6702  7083 V WebSocketManager: Subscribed websocket (ip=localhost/127.0.0.1 port=8081) to namespace (progress)
08-07 21:09:55.093  6702  7071 V WebSocketManager: Subscribed websocket (ip=localhost/127.0.0.1 port=8081) to namespace (ControlHubUpdater)
08-07 21:09:56.090  6702  7340 V SessionCookie: added SessionCookie: cookie=b312ecc6-9df8-49fd-880c-7b69589bcf0a uri='/js/rcInfo.json'
08-07 21:09:56.093  6702  7340 I RobotCore: B-it.M-o!#2024.
08-07 21:09:56.118  6702  7340 V SessionCookie: added SessionCookie: cookie=9d379fdc-2947-455d-a3cb-c32baa98d256 uri='/revHubsAvailableForUpdate'
08-07 21:09:58.703  6702  7086 V RobotCore: EventLoopManager state is NOT_STARTED
08-07 21:09:58.703  6702  7086 V FTCService: Waiting for a connection to a Wi-Fi service
08-07 21:09:58.704  6702  7086 V RobotCore: Robot Status: stopped, waiting for network to become active
08-07 21:09:58.705  6702  7086 I RobotControllerAccessPointAssistant: Wi-Fi AP is enabled
08-07 21:09:58.705  6702  7086 V CoreRobotWebServer: Asked an already running WebServer to start
08-07 21:09:58.706  6702  7086 V RobotCore: Robot Status: stopped, starting robot
08-07 21:09:58.706  6702  7086 V Robocol : EventLoopManager.start()
08-07 21:09:58.706  6702  7086 V RobotCore: Getting network assistant of type: RCWIRELESSAP
08-07 21:09:58.708  6702  7086 I RobotControllerAccessPointAssistant: Wi-Fi AP is enabled
08-07 21:09:58.708  6702  7086 V Robocol : Spoofing a Network Connection event...
08-07 21:09:58.708  6702  7086 I EventLoopManager: onNetworkConnectionEvent: CONNECTION_INFO_AVAILABLE
08-07 21:09:58.708  6702  7086 I Robocol : Received network connection event
08-07 21:09:58.709  6702  7086 I RobotControllerAccessPointAssistant: Wi-Fi AP is enabled
08-07 21:09:58.709  6702  7086 I NetworkConnectionHandler: Handling new network connection infomation, connected: true setup needed: true
08-07 21:09:58.710  6702  7086 I RobotControllerAccessPointAssistant: Wi-Fi AP is enabled
08-07 21:09:59.481  6702  7340 V SessionCookie: added SessionCookie: cookie=c9195768-bb8b-43af-8eeb-1044999d2677 uri='/js/rcInfo.json'
08-07 21:09:59.481  6702  7340 I RobotCore: B-it.M-o!#2024.
08-07 21:09:59.495  6702  7340 V SessionCookie: added SessionCookie: cookie=ca1108cb-4163-432f-9889-795aa5ec41df uri='/revHubsAvailableForUpdate'
08-07 21:10:01.711  6702  7538 V RobotCore: thread: 'SetupRunnable.run()' starting...
08-07 21:10:01.711  6702  7086 V RobotCore: EventLoopManager state is STOPPED
08-07 21:10:01.713  6702  7086 V Robocol : eventLoop=FtcEventLoop
08-07 21:10:01.713  6702  7086 V RobotCore: EventLoopManager state is INIT
08-07 21:10:01.714  6702  7086 V RobotCore: Robot Status: initializing, starting robot
08-07 21:10:01.714  6702  7086 I FtcEventLoop: ======= INIT START =======
08-07 21:10:01.718  6702  7538 D Robocol : RobocolDatagramSocket listening addr=/192.168.43.1:20884 cbRec=65520 cbSend=106496 msRecTO=300
08-07 21:10:01.719  6702  7538 V Robocol : RecvLoopRunnable created
08-07 21:10:01.721  6702  7539 V Robocol : PacketProcessor started
08-07 21:10:01.723  6702  7540 V Robocol : CommandProcessor started
08-07 21:10:01.727  6702  7541 V RobotCore: thread: 'RecvLoopRunnable.run()' starting...
08-07 21:10:01.728  6702  7538 V PeerDiscovery: Starting peer discovery remote: /192.168.43.1 local: /192.168.43.1
08-07 21:10:01.728  6702  7538 V PeerDiscovery: No need for initiating peer discovery, we are the Robot Controller
08-07 21:10:01.728  6702  7538 V RobotCore: Setup complete
08-07 21:10:01.728  6702  7538 V RobotCore: thread: ...terminating 'SetupRunnable.run()'
08-07 21:10:01.741  6702  7086 V FtcEventLoop: Ensuring that the embedded Control Hub module is set up correctly
08-07 21:10:01.742  6702  7086 V RobotCore: Creating REV Robotics USB Expansion Hub Portal [(embedded)]
08-07 21:10:01.743  6702  7086 V LynxUsb : creating new [(embedded)]: 0x0470b2cb
08-07 21:10:01.746  6702  7086 V FtDeviceManager: createDeviceInfoList(): 0 USB devices
08-07 21:10:01.747  6702  7086 V RobotUsbManagerCombining: FTDI driver failed to open USB device with serial number (embedded) (returned null device)
08-07 21:10:01.749  6702  7086 V SerialPortNative: [SerialPort.cpp:150] opened(/dev/ttyS1): fd=109
08-07 21:10:01.749  6702  7086 V RobotUsbDeviceTTY: opening serial=(embedded) file=/dev/ttyS1
08-07 21:10:01.750  6702  7086 V LynxUsb : armDevice() serial=(embedded)...
08-07 21:10:01.750  6702  7086 V LynxUsb : resetDevice() serial=(embedded)
08-07 21:10:01.751  6702  7086 V LynxModule: resetting embedded usb device: isPresent: was=true
08-07 21:10:02.029  6702  7541 E Robocol : exception SocketTimeoutException(Receive timed out): no packet received [java.net.PlainDatagramSocketImpl.receive0(Native Method)]
08-07 21:10:02.107  6702  7086 V LynxUsb : ...done armDevice()
08-07 21:10:02.107  6702  7543 V RobotCore: thread: 'lynx incoming datagrams' starting...
08-07 21:10:02.107  6702  7086 V LynxUsb : 0x0b1ea566 on 0x0470b2cb: new delegate to [(embedded)]
08-07 21:10:02.108  6702  7086 V LynxUsb : addConfiguredModule() module#=173
08-07 21:10:02.112  6702  7086 V LynxModule: pingAndQueryKnownInterfaces mod=173
08-07 21:10:02.113  6702  7543 V LynxUsb : synchronization gained: serial=(embedded)
08-07 21:10:02.124  6702  7086 V LynxModule: mod#=173 queryInterface(DEKA)=54 commands starting at 4096
08-07 21:10:02.130  6702  7086 V LynxModule: sending LynxFtdiResetControlCommand(true) wasInterrupted=false
08-07 21:10:02.136  6702  7086 V LynxModule: sendLEDPatternSteps(): steps=[Step(color=65280, msDuration=1000)]
08-07 21:10:02.140  6702  7086 V LynxModule: setAsControlHubEmbeddedModule(mod=173)
08-07 21:10:02.140  6702  7086 V EmbeddedControlHubModule: setting embedded module
08-07 21:10:02.142  6702  7086 V LynxModule: sending LynxFtdiResetControlCommand(false) wasInterrupted=false
08-07 21:10:02.145  6702  7086 V LynxModule: close(#173)
08-07 21:10:02.146  6702  7086 V LynxUsb : Verified that the embedded Control Hub module has the correct address
08-07 21:10:02.146  6702  7086 V LynxUsb : addConfiguredModule() module#=173
08-07 21:10:02.147  6702  7086 V LynxModule: pingAndQueryKnownInterfaces mod=173
08-07 21:10:02.158  6702  7086 V LynxModule: mod#=173 queryInterface(DEKA)=54 commands starting at 4096
08-07 21:10:02.164  6702  7086 V LynxModule: sending LynxFtdiResetControlCommand(true) wasInterrupted=false
08-07 21:10:02.168  6702  7086 V LynxModule: sendLEDPatternSteps(): steps=[Step(color=65280, msDuration=1000)]
08-07 21:10:02.172  6702  7086 V LynxModule: setAsControlHubEmbeddedModule(mod=173)
08-07 21:10:02.172  6702  7086 V EmbeddedControlHubModule: setting embedded module
08-07 21:10:02.176  6702  7543 V RobotCore: nack rec'd mod=173 msg#=8 ref#=0 reason=PARAM0:0
08-07 21:10:02.177  6702  7071 V LynxModule: mod#=173 queryInterface(): interface SERVO_HUB is not supported
08-07 21:10:02.178  6702  7071 I RobotCore: LynxFirmwareVersionManager: LynxI2cDeviceSynchV2
08-07 21:10:02.178  6702  7071 V LynxI2cDeviceSynch: initializeHardware() mod#=173
08-07 21:10:02.179  6702  7071 V BNO055  : Suppressing I2C warnings while we check for a BNO055 IMU
08-07 21:10:02.184  6702  7071 V BNO055  : No BNO055 IMU found
08-07 21:10:02.184  6702  7071 V BHI260IMU: Suppressing I2C warnings while we check for a BHI260AP IMU
08-07 21:10:02.188  6702  7071 V BHI260IMU: Found BHI260AP IMU
08-07 21:10:02.188  6702  7071 V EmbeddedControlHubModule: setting embedded IMU type
08-07 21:10:02.189  6702  7086 V LynxModule: sending LynxFtdiResetControlCommand(false) wasInterrupted=false
08-07 21:10:02.191  6702  7086 V LynxModule: close(#173)
08-07 21:10:02.192  6702  7086 V LynxUsb : addConfiguredModule() module#=173
08-07 21:10:02.193  6702  7086 V LynxModule: pingAndQueryKnownInterfaces mod=173
08-07 21:10:02.203  6702  7086 V LynxModule: mod#=173 queryInterface(DEKA)=54 commands starting at 4096
08-07 21:10:02.209  6702  7086 V LynxModule: sending LynxFtdiResetControlCommand(true) wasInterrupted=false
08-07 21:10:02.213  6702  7086 V LynxModule: sendLEDPatternSteps(): steps=[Step(color=65280, msDuration=1000)]
08-07 21:10:02.217  6702  7086 V LynxModule: setAsControlHubEmbeddedModule(mod=173)
08-07 21:10:02.217  6702  7086 V EmbeddedControlHubModule: setting embedded module
08-07 21:10:02.219  6702  7071 I RobotCore: LynxFirmwareVersionManager: LynxI2cDeviceSynchV2
08-07 21:10:02.220  6702  7071 V LynxI2cDeviceSynch: initializeHardware() mod#=173
08-07 21:10:02.237  6702  7071 V BHI260IMU: flashFirmwareIfNecessary() alreadyFlashed=true firmwareVersion=20
08-07 21:10:02.238  6702  7086 V LynxModule: sending LynxFtdiResetControlCommand(false) wasInterrupted=false
08-07 21:10:02.240  6702  7086 V LynxModule: close(#173)
08-07 21:10:02.242  6702  7086 V HardwareFactory: createHardwareMap()
08-07 21:10:02.242  6702  7086 V EmbeddedControlHubModule: clearing embedded module
08-07 21:10:02.246  6702  7086 V LynxUsb : 0x0b1ea566 on 0x0470b2cb: releasing delegate to [(embedded)]
08-07 21:10:02.247  6702  7086 V LynxUsb : disarmDevice() serial=(embedded)...
08-07 21:10:02.247  6702  7086 V LynxUsb : shutting down incoming datagrams
08-07 21:10:02.321  6702  7539 D RobotCore: system telemetry: key=$System$None$ msg=""
08-07 21:10:02.321  6702  7539 V PeerDiscovery: new remote peer discovered: 192.168.43.138
08-07 21:10:02.321  6702  7539 V NetworkConnectionHandler: starting sending loop
08-07 21:10:02.323  6702  7547 V Robocol : sending CMD_SHOW_TOAST(2), attempt: 0
08-07 21:10:02.324  6702  7539 V UpdateUI: Network: active, connected
08-07 21:10:02.324  6702  7539 D FTCService: Sending user device types and preferences to driver station
08-07 21:10:02.325  6702  7547 V Robocol : sending CMD_NOTIFY_OP_MODE_LIST(3), attempt: 0
08-07 21:10:02.326  6702  7547 V Robocol : sending CMD_NOTIFY_OP_MODE_LIST(4), attempt: 0
08-07 21:10:02.326  6702  7547 V Robocol : sending CMD_NOTIFY_USER_DEVICE_LIST(5), attempt: 0
08-07 21:10:02.329  6702  7547 V Robocol : sending CMD_NOTIFY_OP_MODE_LIST(10), attempt: 0
08-07 21:10:02.330  6702  7547 V Robocol : sending CMD_NOTIFY_OP_MODE_LIST(11), attempt: 0
08-07 21:10:02.331  6702  7547 V Robocol : sending CMD_NOTIFY_OP_MODE_LIST(12), attempt: 0
08-07 21:10:02.332  6702  7547 V Robocol : sending CMD_NOTIFY_OP_MODE_LIST(13), attempt: 0
08-07 21:10:02.333  6702  7547 V Robocol : sending CMD_NOTIFY_OP_MODE_LIST(14), attempt: 0
08-07 21:10:02.334  6702  7547 V Robocol : sending CMD_NOTIFY_OP_MODE_LIST(15), attempt: 0
08-07 21:10:02.336  6702  7547 V Robocol : sending CMD_NOTIFY_OP_MODE_LIST(16), attempt: 0
08-07 21:10:02.338  6702  7543 V RobotCore: thread: ...terminating 'lynx incoming datagrams'
08-07 21:10:02.339  6702  7086 V RobotUsbDeviceTTY: closing serial=(embedded) file=/dev/ttyS1
08-07 21:10:02.340  6702  7086 V SerialPortNative: [SerialPort.cpp:254] close(osfd = 109)
08-07 21:10:02.340  6702  7086 V LynxUsb : ...done disarmDevice()
08-07 21:10:02.341  6702  7086 W EventLoopManager: Caught exception during looper init: java.lang.ClassCastException: com.qualcomm.robotcore.hardware.configuration.BuiltInConfigurationType cannot be cast to com.qualcomm.robotcore.hardware.configuration.typecontainers.ServoConfigurationType
08-07 21:10:02.341  6702  7547 V Robocol : sending CMD_NOTIFY_OP_MODE_LIST(17), attempt: 0
08-07 21:10:02.342  6702  7547 V Robocol : sending CMD_NOTIFY_OP_MODE_LIST(18), attempt: 0
08-07 21:10:02.343  6702  7539 V NetDiscover_prefremrc: sendAllPreferences()
08-07 21:10:02.343  6702  7547 V Robocol : sending CMD_NOTIFY_OP_MODE_LIST(19), attempt: 0
08-07 21:10:02.343  6702  7539 V NetDiscover_prefremrc: sending RC pref name=pref_wifip2p_remote_channel_change_works value=false
08-07 21:10:02.344  6702  7547 V Robocol : sending CMD_NOTIFY_OP_MODE_LIST(20), attempt: 0
08-07 21:10:02.345  6702  7547 V Robocol : sending CMD_NOTIFY_OP_MODE_LIST(21), attempt: 0
08-07 21:10:02.346  6702  7547 V Robocol : sending CMD_NOTIFY_OP_MODE_LIST(22), attempt: 0
08-07 21:10:02.348  6702  7539 V NetDiscover_prefremrc: sending RC pref name=pref_device_name value=20965-RC
08-07 21:10:02.348  6702  7539 V NetDiscover_prefremrc: sending RC pref name=pref_warn_about_incorrect_clocks value=true
08-07 21:10:02.349  6702  7539 V NetDiscover_prefremrc: sending RC pref name=pref_warn_about_obsolete_software value=true
08-07 21:10:02.349  6702  7547 V Robocol : sending CMD_NOTIFY_OP_MODE_LIST(23), attempt: 0
08-07 21:10:02.350  6702  7539 V NetDiscover_prefremrc: sending RC pref name=pref_has_speaker value=false
08-07 21:10:02.355  6702  7539 V NetDiscover_prefremrc: sending RC pref name=pref_warn_about_2_4_ghz_band value=true
08-07 21:10:02.356  6702  7539 V NetDiscover_prefremrc: sending RC pref name=pref_has_independent_phone_battery value=false
08-07 21:10:02.357  6702  7547 V Robocol : sending CMD_NOTIFY_OP_MODE_LIST(24), attempt: 0
08-07 21:10:02.357  6702  7539 V NetDiscover_prefremrc: sending RC pref name=pref_app_theme value=red
08-07 21:10:02.358  6702  7539 V NetDiscover_prefremrc: sending RC pref name=pref_warn_about_mismatched_app_versions value=true
08-07 21:10:02.359  6702  7539 V NetDiscover_prefremrc: sending RC pref name=pref_sound_on_off value=false
08-07 21:10:02.359  6702  7547 V Robocol : sending CMD_NOTIFY_OP_MODE_LIST(25), attempt: 0
08-07 21:10:02.359  6702  7539 V NetworkConnectionHandler: Peer connection established
08-07 21:10:02.360  6702  7547 V Robocol : sending CMD_NOTIFY_OP_MODE_LIST(26), attempt: 0
08-07 21:10:02.361  6702  7547 V Robocol : sending CMD_NOTIFY_USER_DEVICE_LIST(27), attempt: 0
08-07 21:10:02.363  6702  7086 E EventLoopManager: java.lang.ClassCastException: com.qualcomm.robotcore.hardware.configuration.BuiltInConfigurationType cannot be cast to com.qualcomm.robotcore.hardware.configuration.typecontainers.ServoConfigurationType
08-07 21:10:02.364  6702  7547 V Robocol : sending CMD_NOTIFY_OP_MODE_LIST(28), attempt: 0
08-07 21:10:02.365  6702  7547 V Robocol : sending CMD_NOTIFY_OP_MODE_LIST(29), attempt: 0
08-07 21:10:02.366  6702  7547 V Robocol : sending CMD_NOTIFY_OP_MODE_LIST(30), attempt: 0
08-07 21:10:02.366  6702  7086 E EventLoopManager: 	at com.qualcomm.robotcore.hardware.configuration.ConfigurationTypeManager.getStandardServoType(ConfigurationTypeManager.java:189)
08-07 21:10:02.367  6702  7547 V Robocol : sending CMD_NOTIFY_OP_MODE_LIST(31), attempt: 0
08-07 21:10:02.369  6702  7547 V Robocol : sending CMD_NOTIFY_OP_MODE_LIST(32), attempt: 0
08-07 21:10:02.370  6702  7547 V Robocol : sending CMD_NOTIFY_OP_MODE_LIST(33), attempt: 0
08-07 21:10:02.372  6702  7086 E EventLoopManager: 	at com.qualcomm.robotcore.hardware.configuration.typecontainers.ServoConfigurationType.getStandardServoType(ServoConfigurationType.java:86)
08-07 21:10:02.372  6702  7547 V Robocol : sending CMD_NOTIFY_OP_MODE_LIST(34), attempt: 0
08-07 21:10:02.373  6702  7547 V Robocol : sending CMD_NOTIFY_OP_MODE_LIST(35), attempt: 0
08-07 21:10:02.374  6702  7547 V Robocol : sending CMD_NOTIFY_OP_MODE_LIST(36), attempt: 0
08-07 21:10:02.374  6702  7086 E EventLoopManager: 	at com.qualcomm.robotcore.hardware.configuration.ConfigurationUtility.buildEmptyServos(ConfigurationUtility.java:410)
08-07 21:10:02.375  6702  7547 V Robocol : sending CMD_NOTIFY_OP_MODE_LIST(37), attempt: 0
08-07 21:10:02.377  6702  7086 E EventLoopManager: 	at com.qualcomm.robotcore.hardware.configuration.LynxModuleConfiguration.<init>(LynxModuleConfiguration.java:81)
08-07 21:10:02.378  6702  7547 V Robocol : sending CMD_NOTIFY_OP_MODE_LIST(38), attempt: 0
08-07 21:10:02.379  6702  7547 V Robocol : sending CMD_NOTIFY_OP_MODE_LIST(39), attempt: 0
08-07 21:10:02.379  6702  7086 E EventLoopManager: 	at com.qualcomm.robotcore.hardware.configuration.LynxModuleConfiguration.<init>(LynxModuleConfiguration.java:74)
08-07 21:10:02.380  6702  7547 V Robocol : sending CMD_NOTIFY_OP_MODE_LIST(40), attempt: 0
08-07 21:10:02.381  6702  7547 V Robocol : sending CMD_NOTIFY_OP_MODE_LIST(41), attempt: 0
08-07 21:10:02.382  6702  7086 E EventLoopManager: 	at com.qualcomm.robotcore.hardware.configuration.LynxUsbDeviceConfiguration.deserializeChildElement(LynxUsbDeviceConfiguration.java:146)
08-07 21:10:02.382  6702  7547 V Robocol : sending CMD_SHOW_TOAST(42), attempt: 0
08-07 21:10:02.383  6702  7547 V Robocol : Giving up on command CMD_PLAY_SOUND(43) after 0 attempts
08-07 21:10:02.383  6702  7547 V Robocol : sending CMD_NOTIFY_ROBOT_STATE(51), attempt: 0
08-07 21:10:02.384  6702  7547 V Robocol : sending CMD_NOTIFY_ROBOT_STATE(52), attempt: 0
08-07 21:10:02.384  6702  7086 E EventLoopManager: 	at com.qualcomm.robotcore.hardware.configuration.DeviceConfiguration.deserialize(DeviceConfiguration.java:209)
08-07 21:10:02.385  6702  7547 V Robocol : sending CMD_NOTIFY_ROBOT_STATE(53), attempt: 0
08-07 21:10:02.385  6702  7547 V Robocol : sending CMD_NOTIFY_ACTIVE_CONFIGURATION(54), attempt: 0
08-07 21:10:02.386  6702  7547 V Robocol : sending CMD_NOTIFY_USER_DEVICE_LIST(56), attempt: 0
08-07 21:10:02.387  6702  7086 E EventLoopManager: 	at com.qualcomm.robotcore.hardware.configuration.ReadXMLFileHandler.parseRobot(ReadXMLFileHandler.java:156)
08-07 21:10:02.388  6702  7547 V Robocol : sending CMD_NOTIFY_OP_MODE_LIST(57), attempt: 0
08-07 21:10:02.389  6702  7086 E EventLoopManager: 	at com.qualcomm.robotcore.hardware.configuration.ReadXMLFileHandler.parseDocument(ReadXMLFileHandler.java:109)
08-07 21:10:02.390  6702  7547 V Robocol : sending CMD_NOTIFY_USER_DEVICE_LIST(61), attempt: 0
08-07 21:10:02.392  6702  7086 E EventLoopManager: 	at com.qualcomm.robotcore.hardware.configuration.ReadXMLFileHandler.parse(ReadXMLFileHandler.java:95)
08-07 21:10:02.394  6702  7086 E EventLoopManager: 	at com.qualcomm.hardware.HardwareFactory.createHardwareMap(HardwareFactory.java:144)
08-07 21:10:02.395  6702  7086 E EventLoopManager: 	at com.qualcomm.ftccommon.FtcEventLoopHandler.getHardwareMap(FtcEventLoopHandler.java:165)
08-07 21:10:02.395  6702  7547 V Robocol : sending CMD_ROBOT_CONTROLLER_PREFERENCE(62), attempt: 0
08-07 21:10:02.396  6702  7547 V Robocol : sending CMD_ROBOT_CONTROLLER_PREFERENCE(63), attempt: 0
08-07 21:10:02.396  6702  7086 E EventLoopManager: 	at com.qualcomm.ftccommon.FtcEventLoop.init(FtcEventLoop.java:248)
08-07 21:10:02.397  6702  7547 V Robocol : sending CMD_ROBOT_CONTROLLER_PREFERENCE(64), attempt: 0
08-07 21:10:02.398  6702  7547 V Robocol : sending CMD_ROBOT_CONTROLLER_PREFERENCE(65), attempt: 0
08-07 21:10:02.398  6702  7086 E EventLoopManager: 	at com.qualcomm.robotcore.eventloop.EventLoopManager.startEventLoop(EventLoopManager.java:598)
08-07 21:10:02.399  6702  7547 V Robocol : sending CMD_ROBOT_CONTROLLER_PREFERENCE(66), attempt: 0
08-07 21:10:02.399  6702  7309 V SoundInfo: construct(0x0b1b7cf8)
08-07 21:10:02.399  6702  7086 E EventLoopManager: 	at com.qualcomm.robotcore.eventloop.EventLoopManager.setEventLoop(EventLoopManager.java:572)
08-07 21:10:02.400  6702  7547 V Robocol : sending CMD_ROBOT_CONTROLLER_PREFERENCE(67), attempt: 0
08-07 21:10:02.400  6702  7547 V Robocol : sending CMD_ROBOT_CONTROLLER_PREFERENCE(68), attempt: 0
08-07 21:10:02.401  6702  7086 E EventLoopManager: 	at com.qualcomm.robotcore.eventloop.EventLoopManager.start(EventLoopManager.java:514)
08-07 21:10:02.401  6702  7547 V Robocol : sending CMD_ROBOT_CONTROLLER_PREFERENCE(69), attempt: 0
08-07 21:10:02.402  6702  7086 E EventLoopManager: 	at com.qualcomm.robotcore.robot.Robot.start(Robot.java:59)
08-07 21:10:02.402  6702  7547 V Robocol : sending CMD_ROBOT_CONTROLLER_PREFERENCE(70), attempt: 0
08-07 21:10:02.403  6702  7547 V Robocol : sending CMD_ROBOT_CONTROLLER_PREFERENCE(71), attempt: 0
08-07 21:10:02.403  6702  7086 E EventLoopManager: 	at com.qualcomm.ftccommon.FtcRobotControllerService$RobotSetupRunnable.startRobot(FtcRobotControllerService.java:281)
08-07 21:10:02.405  6702  7086 E EventLoopManager: 	at com.qualcomm.ftccommon.FtcRobotControllerService$RobotSetupRunnable$1.run(FtcRobotControllerService.java:300)
08-07 21:10:02.405  6702  7541 V EventLoopManager: Setting authoritative wall clock based on connected DS.
08-07 21:10:02.406  6702  7086 E EventLoopManager: 	at com.qualcomm.robotcore.util.ThreadPool.logThreadLifeCycle(ThreadPool.java:737)
08-07 21:10:02.408  6702  7541 D Uvc     : [time.cpp:64] Java_org_firstinspires_ftc_robotcore_internal_system_AppUtil_nativeSetCurrentTimeMillis()...
08-07 21:10:02.406  6702  7541 I JniTime : [time.cpp:83] settimeofday() succeeded
08-07 21:10:02.406  6702  7541 D Uvc     : [time.cpp:64] ...Java_org_firstinspires_ftc_robotcore_internal_system_AppUtil_nativeSetCurrentTimeMillis()
08-07 21:10:02.406  6702  7086 E EventLoopManager: 	at com.qualcomm.ftccommon.FtcRobotControllerService$RobotSetupRunnable.run(FtcRobotControllerService.java:291)
08-07 21:10:02.407  6702  7086 E EventLoopManager: 	at java.util.concurrent.Executors$RunnableAdapter.call(Executors.java:428)
08-07 21:10:02.408  6702  7541 V AppUtil : attempted to set timezone: before=Europe/Athens after=Europe/Athens
08-07 21:10:02.408  6702  7086 E EventLoopManager: 	at java.util.concurrent.FutureTask.run(FutureTask.java:237)
08-07 21:10:02.410  6702  7539 V Robocol : received command: CMD_REQUEST_ACTIVE_CONFIG(10001) 
08-07 21:10:02.411  6702  7539 V Robocol : received command: CMD_REQUEST_USER_DEVICE_TYPES(10002) 
08-07 21:10:02.412  6702  7539 V Robocol : received command: CMD_REQUEST_OP_MODE_LIST(10003) 
08-07 21:10:02.413  6702  7539 V Robocol : received command: CMD_ROBOT_CONTROLLER_PREFERENCE(10004) {"booleanValue":true,"prefName":"pref_ds_supports_5_ghz"}
08-07 21:10:02.413  6702  7539 V Robocol : received command: CMD_ROBOT_CONTROLLER_PREFERENCE(10005) {"intValue":21,"prefName":"pref_dh_os_version_code"}
08-07 21:10:02.414  6702  7086 E EventLoopManager: 	at java.util.concurrent.ThreadPoolExecutor.runWorker(ThreadPoolExecutor.java:1133)
08-07 21:10:02.417  6702  7086 E EventLoopManager: 	at java.util.concurrent.ThreadPoolExecutor$Worker.run(ThreadPoolExecutor.java:607)
08-07 21:10:02.418  6702  7086 E EventLoopManager: 	at com.qualcomm.robotcore.util.ThreadPool$ThreadFactoryImpl$1.run(ThreadPool.java:793)
08-07 21:10:02.419  6702  7086 E EventLoopManager: 	at java.lang.Thread.run(Thread.java:761)
08-07 21:10:02.419  6702  7086 V RobotCore: EventLoopManager state is EMERGENCY_STOP
08-07 21:10:02.420  6702  7086 V RobotCore: Robot Status: EMERGENCY STOP, starting robot
08-07 21:10:02.420  6702  7086 D RobotCore: system telemetry: key=$System$Error$ msg="Class Servo annotated with @com.qualcomm.robotcore.hardware.configuration.annotations.ServoTypes(value=[@com.qualcomm.robotcore.hardware.configuration.annotations.ServoType(flavor=STANDARD, usPulseFrameRate=20000.0, usPulseLower=600.0, usPulseUpper=2400.0, xmlTag=Servo), @com.qualcomm.robotcore.hardware.configuration.annotations.ServoType(flavor=STANDARD, usPulseFrameRate=20000.0, usPulseLower=500.0, usPulseUpper=2500.0, xmlTag=ServoFullRange)]) is missing @DeviceProperties annotation."
08-07 21:10:02.422  6702  7086 V RobotCore: Robot Status: EMERGENCY STOP, unable to start robot
08-07 21:10:02.423  6702  7086 D FTCService: Detecting Wi-Fi reset
08-07 21:10:02.424  6702  7086 D RobotControllerAccessPointAssistant: detectWifiReset button=false
08-07 21:10:02.425  6702  7086 V RobotCore: thread: ...terminating 'RobotSetupRunnable.run()'
08-07 21:10:02.427  6702  7308 I MediaCodec: callingProcessName:com.qualcomm.ftcrobotcontroller
08-07 21:10:02.430  6702  7553 I ACodec  : onAllocateComponent:6752 mSoftCodecPref:0 componentName:
08-07 21:10:02.432  6702  7553 I ACodec  : onAllocateComponent:6783 mSoftCodecPref:0 componentName:OMX.google.raw.decoder
08-07 21:10:02.450  6702  7547 V Robocol : sending CMD_NOTIFY_ACTIVE_CONFIGURATION(80), attempt: 0
08-07 21:10:02.462  6702  7547 V Robocol : sending CMD_NOTIFY_ROBOT_STATE(82), attempt: 0
08-07 21:10:02.464  6702  7547 V Robocol : sending CMD_SHOW_TOAST(84), attempt: 0
08-07 21:10:02.480  6702  7547 V Robocol : sending CMD_NOTIFY_USER_DEVICE_LIST(112), attempt: 0
08-07 21:10:02.493  6702  6824 D SoundPlayer: onLoadComplete(samp=2|ms=757, samp=2)=0
08-07 21:10:02.496  6702  7309 W AudioTrack: AUDIO_OUTPUT_FLAG_FAST denied by client; transfer 4, track 48000 Hz, output 44100 Hz
08-07 21:10:02.502  6702  7309 D SoundPlayer: playing volume=0.000000 samp=2|ms=757
08-07 21:10:02.520  6702  7547 V Robocol : sending CMD_NOTIFY_OP_MODE_LIST(117), attempt: 0
08-07 21:10:02.523  6702  7547 V Robocol : sending CMD_PLAY_SOUND(120), attempt: 0
08-07 21:10:02.559  6702  7547 V Robocol : sending CMD_SHOW_TOAST(2), attempt: 1
08-07 21:10:02.560  6702  7547 V Robocol : sending CMD_NOTIFY_OP_MODE_LIST(3), attempt: 1
08-07 21:10:02.561  6702  7547 V Robocol : sending CMD_NOTIFY_OP_MODE_LIST(4), attempt: 1
08-07 21:10:02.563  6702  7547 V Robocol : sending CMD_NOTIFY_USER_DEVICE_LIST(5), attempt: 1
08-07 21:10:02.566  6702  7547 V Robocol : sending CMD_NOTIFY_OP_MODE_LIST(10), attempt: 1
08-07 21:10:02.567  6702  7547 V Robocol : sending CMD_NOTIFY_OP_MODE_LIST(11), attempt: 1
08-07 21:10:02.567  6702  7547 V Robocol : sending CMD_NOTIFY_OP_MODE_LIST(12), attempt: 1
08-07 21:10:02.568  6702  7547 V Robocol : sending CMD_NOTIFY_OP_MODE_LIST(13), attempt: 1
08-07 21:10:02.570  6702  7547 V Robocol : sending CMD_NOTIFY_OP_MODE_LIST(14), attempt: 1
08-07 21:10:02.571  6702  7547 V Robocol : sending CMD_NOTIFY_OP_MODE_LIST(15), attempt: 1
08-07 21:10:02.572  6702  7547 V Robocol : sending CMD_NOTIFY_OP_MODE_LIST(16), attempt: 1
08-07 21:10:02.573  6702  7547 V Robocol : sending CMD_NOTIFY_OP_MODE_LIST(17), attempt: 1
08-07 21:10:02.574  6702  7547 V Robocol : sending CMD_NOTIFY_OP_MODE_LIST(18), attempt: 1
08-07 21:10:02.575  6702  7547 V Robocol : sending CMD_NOTIFY_OP_MODE_LIST(19), attempt: 1
08-07 21:10:02.576  6702  7547 V Robocol : sending CMD_NOTIFY_OP_MODE_LIST(20), attempt: 1
08-07 21:10:02.577  6702  7547 V Robocol : sending CMD_NOTIFY_OP_MODE_LIST(21), attempt: 1
08-07 21:10:02.577  6702  7547 V Robocol : sending CMD_NOTIFY_OP_MODE_LIST(22), attempt: 1
08-07 21:10:02.579  6702  7547 V Robocol : sending CMD_NOTIFY_OP_MODE_LIST(23), attempt: 1
08-07 21:10:02.580  6702  7547 V Robocol : sending CMD_NOTIFY_OP_MODE_LIST(24), attempt: 1
08-07 21:10:02.582  6702  7547 V Robocol : sending CMD_NOTIFY_OP_MODE_LIST(25), attempt: 1
08-07 21:10:02.583  6702  7547 V Robocol : sending CMD_NOTIFY_OP_MODE_LIST(26), attempt: 1
08-07 21:10:02.600  6702  7547 V Robocol : sending CMD_NOTIFY_USER_DEVICE_LIST(27), attempt: 1
08-07 21:10:02.606  6702  7547 V Robocol : sending CMD_NOTIFY_OP_MODE_LIST(28), attempt: 1
08-07 21:10:02.608  6702  7547 V Robocol : sending CMD_NOTIFY_OP_MODE_LIST(29), attempt: 1
08-07 21:10:02.611  6702  7547 V Robocol : sending CMD_NOTIFY_OP_MODE_LIST(30), attempt: 1
08-07 21:10:02.613  6702  7547 V Robocol : sending CMD_NOTIFY_OP_MODE_LIST(31), attempt: 1
08-07 21:10:02.829  6702  7340 V SessionCookie: added SessionCookie: cookie=be0aae49-2b58-4412-89d5-463b158627e6 uri='/js/rcInfo.json'
08-07 21:10:02.829  6702  7340 I RobotCore: B-it.M-o!#2024.
08-07 21:10:02.843  6702  7340 V SessionCookie: added SessionCookie: cookie=493db6fc-a04e-4d58-a998-cab5c66f4bfa uri='/revHubsAvailableForUpdate'
08-07 21:10:02.845  6702  7340 V Robocol : locally injecting CMD_GET_USB_ACCESSIBLE_LYNX_MODULES
08-07 21:10:02.848  6702  7086 V FtcEventLoop: getUSBAccessibleLynxDevices(includeModuleAddresses=true)...
08-07 21:10:02.848  6702  7071 V FtcConfigTag: scanning USB bus...
08-07 21:10:02.852  6702  7071 V FtDeviceManager: createDeviceInfoList(): 0 USB devices
08-07 21:10:02.853  6702  7071 V USBScan : device count=1
08-07 21:10:02.854  6702  7576 V USBScan : opening (embedded)...
08-07 21:10:02.855  6702  7576 V RobotUsbManagerCombining: FTDI driver failed to open USB device with serial number (embedded) (returned null device)
08-07 21:10:02.856  6702  7576 V SerialPortNative: [SerialPort.cpp:150] opened(/dev/ttyS1): fd=108
08-07 21:10:02.857  6702  7576 V RobotUsbDeviceTTY: opening serial=(embedded) file=/dev/ttyS1
08-07 21:10:03.258  6702  7576 V USBScan : ... done opening (embedded)
08-07 21:10:03.259  6702  7071 V USBScan : closing (embedded)
08-07 21:10:03.259  6702  7071 V RobotUsbDeviceTTY: closing serial=(embedded) file=/dev/ttyS1
08-07 21:10:03.259  6702  7071 V SerialPortNative: [SerialPort.cpp:254] close(osfd = 108)
08-07 21:10:03.260  6702  7071 V CameraManager: construct(hash=0x06c6303c|inst#=0)
08-07 21:10:03.262  6702  7071 D libusb  : [ 0.000224] [00001b9f] libusb: debug [op_init] sysfs(/sys/bus/usb/devices) available
08-07 21:10:03.262  6702  7071 D libusb  : [ 0.000300] [00001b9f] libusb: debug [op_init] sysfs can relate devices
08-07 21:10:03.262  6702  7071 D libusb  : [ 0.000323] [00001b9f] libusb: debug [op_init] sysfs has complete descriptors
08-07 21:10:03.262  6702  7071 D libusb  : [ 0.000343] [00001b9f] libusb: debug [op_init] sysfs has serial numbers
08-07 21:10:03.259  6702  6702 I com.qualcomm.ftcrobotcontroller: type=1400 audit(0.0:299): avc: denied { read } for comm=64656661756C742074687265616470 name="devices" dev="sysfs" ino=7267 scontext=u:r:untrusted_app:s0:c512,c768 tcontext=u:object_r:sysfs:s0 tclass=dir permissive=1
08-07 21:10:03.265  6702  7071 V UvcContext: construct(pointer=0x7e55c20e60|inst#=0)
08-07 21:10:03.259  6702  6702 I com.qualcomm.ftcrobotcontroller: type=1400 audit(0.0:300): avc: denied { open } for comm=64656661756C742074687265616470 path="/sys/bus/usb/devices" dev="sysfs" ino=7267 scontext=u:r:untrusted_app:s0:c512,c768 tcontext=u:object_r:sysfs:s0 tclass=dir permissive=1
08-07 21:10:03.269  6702  7071 D UvcContext: usb device is *not* UVC compatible, /dev/bus/usb/003/003
08-07 21:10:03.271  6702  7071 V USBScan : scanForUsbDevices() took 422ms count=1
08-07 21:10:03.271  6702  7071 V FtcConfigTag: .. scanning complete: [(embedded)]
08-07 21:10:03.272  6702  7086 V FtcEventLoop: getUSBAccessibleLynxDevices: found serial=(embedded)
08-07 21:10:03.272  6702  7086 V FtcEventLoop: finding module addresses and current firmware versions
08-07 21:10:03.272  6702  7086 V FtcEventLoop: getUSBAccessibleLynxDevices: finding module address for usbModule (embedded)
08-07 21:10:03.273  6702  7086 V RobotCore: Creating REV Robotics USB Expansion Hub Portal [(embedded)]
08-07 21:10:03.273  6702  7086 V LynxUsb : creating new [(embedded)]: 0x0221f71a
08-07 21:10:03.276  6702  7086 V FtDeviceManager: createDeviceInfoList(): 0 USB devices
08-07 21:10:03.276  6702  7086 V RobotUsbManagerCombining: FTDI driver failed to open USB device with serial number (embedded) (returned null device)
08-07 21:10:03.277  6702  7086 V SerialPortNative: [SerialPort.cpp:150] opened(/dev/ttyS1): fd=112
08-07 21:10:03.277  6702  7086 V RobotUsbDeviceTTY: opening serial=(embedded) file=/dev/ttyS1
08-07 21:10:03.278  6702  7086 V LynxUsb : armDevice() serial=(embedded)...
08-07 21:10:03.278  6702  7086 V LynxUsb : resetDevice() serial=(embedded)
08-07 21:10:03.279  6702  7086 V LynxModule: resetting embedded usb device: isPresent: was=true
08-07 21:10:03.635  6702  7086 V LynxUsb : ...done armDevice()
08-07 21:10:03.636  6702  7086 V LynxUsb : 0x0230f541 on 0x0221f71a: new delegate to [(embedded)]
08-07 21:10:03.637  6702  7086 V LynxUsb : lynx discovery beginning for device (embedded)
08-07 21:10:03.638  6702  7590 V RobotCore: thread: 'lynx incoming datagrams' starting...
08-07 21:10:03.643  6702  7590 V LynxUsb : synchronization gained: serial=(embedded)
08-07 21:10:03.644  6702  7590 V LynxUsb : onLynxDiscoveryResponseReceived()... module#=173 isParent=true
08-07 21:10:03.645  6702  7590 V LynxUsb : discovered lynx module#=173 isParent=true
08-07 21:10:03.645  6702  7590 V LynxUsb : ...onLynxDiscoveryResponseReceived()
08-07 21:10:03.645  6702  7086 V LynxUsb : discovery waiting 1012ms and 0ns
08-07 21:10:04.658  6702  7086 V LynxUsb : discovery waiting complete: #modules=1
08-07 21:10:04.658  6702  7086 V LynxUsb : Checking type of discovered modules
08-07 21:10:04.666  6702  7086 V LynxUsb : addConfiguredModule() module#=173
08-07 21:10:04.668  6702  7086 V LynxModule: pingAndQueryKnownInterfaces mod=173
08-07 21:10:04.692  6702  7086 V LynxModule: mod#=173 queryInterface(DEKA)=54 commands starting at 4096
08-07 21:10:04.704  6702  7086 V LynxModule: sending LynxFtdiResetControlCommand(true) wasInterrupted=false
08-07 21:10:04.711  6702  7086 V LynxModule: sendLEDPatternSteps(): steps=[Step(color=65280, msDuration=1000)]
08-07 21:10:04.717  6702  7086 V LynxModule: setAsControlHubEmbeddedModule(mod=173)
08-07 21:10:04.717  6702  7086 V EmbeddedControlHubModule: setting embedded module
08-07 21:10:04.724  6702  7590 V RobotCore: nack rec'd mod=173 msg#=10 ref#=0 reason=PARAM0:0
08-07 21:10:04.725  6702  7071 V LynxModule: mod#=173 queryInterface(): interface SERVO_HUB is not supported
08-07 21:10:04.726  6702  7086 V LynxModule: sending LynxFtdiResetControlCommand(false) wasInterrupted=false
08-07 21:10:04.730  6702  7086 V LynxModule: close(#173)
08-07 21:10:04.733  6702  7086 V LynxModule: close(#0)
08-07 21:10:04.734  6702  7086 V LynxUsb : ...lynx discovery completed
08-07 21:10:04.735  6702  7086 V FtcEventLoop: assessing LynxModuleMeta(#173,true,ImuType.unknown)
08-07 21:10:04.736  6702  7086 V LynxUsb : addConfiguredModule() module#=173
08-07 21:10:04.738  6702  7086 V LynxModule: pingAndQueryKnownInterfaces mod=173
08-07 21:10:04.758  6702  7086 V LynxModule: mod#=173 queryInterface(DEKA)=54 commands starting at 4096
08-07 21:10:04.770  6702  7086 V LynxModule: sending LynxFtdiResetControlCommand(true) wasInterrupted=false
08-07 21:10:04.776  6702  7086 V LynxModule: sendLEDPatternSteps(): steps=[Step(color=65280, msDuration=1000)]
08-07 21:10:04.780  6702  7086 V LynxModule: setAsControlHubEmbeddedModule(mod=173)
08-07 21:10:04.781  6702  7086 V EmbeddedControlHubModule: setting embedded module
08-07 21:10:04.787  6702  7086 V LynxModule: sending LynxFtdiResetControlCommand(false) wasInterrupted=false
08-07 21:10:04.790  6702  7086 V LynxModule: close(#173)
08-07 21:10:04.792  6702  7086 V LynxUsb : 0x0230f541 on 0x0221f71a: releasing delegate to [(embedded)]
08-07 21:10:04.793  6702  7086 V LynxUsb : disarmDevice() serial=(embedded)...
08-07 21:10:04.793  6702  7086 V LynxUsb : shutting down incoming datagrams
08-07 21:10:04.889  6702  7590 V RobotCore: thread: ...terminating 'lynx incoming datagrams'
08-07 21:10:04.891  6702  7086 V RobotUsbDeviceTTY: closing serial=(embedded) file=/dev/ttyS1
08-07 21:10:04.892  6702  7086 V SerialPortNative: [SerialPort.cpp:254] close(osfd = 112)
08-07 21:10:04.893  6702  7086 V LynxUsb : ...done disarmDevice()
08-07 21:10:04.893  6702  7086 V FtcEventLoop: getUSBAccessibleLynxDevices(): 1 modules found
08-07 21:10:04.893  6702  7086 V FtcEventLoop: ...getUSBAccessibleLynxDevices()
08-07 21:10:04.906  6702  7086 V Robocol : locally injecting CMD_GET_USB_ACCESSIBLE_LYNX_MODULES_RESP
08-07 21:10:05.606  6702  7539 V Robocol : received command: CMD_INIT_OP_MODE(10110) $Stop$Robot$
08-07 21:10:08.289  6702  7340 V SessionCookie: added SessionCookie: cookie=1b866d9b-b98d-4537-8da5-2f208136e6b7 uri='/js/rcInfo.json'
08-07 21:10:08.290  6702  7340 I RobotCore: B-it.M-o!#2024.
08-07 21:10:08.304  6702  7340 V SessionCookie: added SessionCookie: cookie=2e8e58ae-fea7-4d31-9455-78fbc06838f2 uri='/revHubsAvailableForUpdate'
08-07 21:10:08.306  6702  7340 V Robocol : locally injecting CMD_GET_USB_ACCESSIBLE_LYNX_MODULES
08-07 21:10:08.309  6702  7086 V FtcEventLoop: getUSBAccessibleLynxDevices(includeModuleAddresses=true)...
08-07 21:10:08.309  6702  7071 V FtcConfigTag: scanning USB bus...
08-07 21:10:08.312  6702  7071 V FtDeviceManager: createDeviceInfoList(): 0 USB devices
08-07 21:10:08.313  6702  7071 V USBScan : device count=1
08-07 21:10:08.314  6702  7700 V USBScan : opening (embedded)...
08-07 21:10:08.315  6702  7700 V RobotUsbManagerCombining: FTDI driver failed to open USB device with serial number (embedded) (returned null device)
08-07 21:10:08.315  6702  7700 V SerialPortNative: [SerialPort.cpp:150] opened(/dev/ttyS1): fd=95
08-07 21:10:08.316  6702  7700 V RobotUsbDeviceTTY: opening serial=(embedded) file=/dev/ttyS1
08-07 21:10:08.717  6702  7700 V USBScan : ... done opening (embedded)
08-07 21:10:08.718  6702  7071 V USBScan : closing (embedded)
08-07 21:10:08.719  6702  7071 V RobotUsbDeviceTTY: closing serial=(embedded) file=/dev/ttyS1
08-07 21:10:08.719  6702  7071 V SerialPortNative: [SerialPort.cpp:254] close(osfd = 95)
08-07 21:10:08.724  6702  7071 D UvcContext: usb device is *not* UVC compatible, /dev/bus/usb/003/003
08-07 21:10:08.727  6702  7071 V USBScan : scanForUsbDevices() took 417ms count=1
08-07 21:10:08.728  6702  7071 V FtcConfigTag: .. scanning complete: [(embedded)]
08-07 21:10:08.728  6702  7086 V FtcEventLoop: getUSBAccessibleLynxDevices: found serial=(embedded)
08-07 21:10:08.729  6702  7086 V FtcEventLoop: finding module addresses and current firmware versions
08-07 21:10:08.729  6702  7086 V FtcEventLoop: getUSBAccessibleLynxDevices: finding module address for usbModule (embedded)
08-07 21:10:08.730  6702  7086 V RobotCore: Creating REV Robotics USB Expansion Hub Portal [(embedded)]
08-07 21:10:08.731  6702  7086 V LynxUsb : creating new [(embedded)]: 0x0f6bc4e9
08-07 21:10:08.736  6702  7086 V FtDeviceManager: createDeviceInfoList(): 0 USB devices
08-07 21:10:08.737  6702  7086 V RobotUsbManagerCombining: FTDI driver failed to open USB device with serial number (embedded) (returned null device)
08-07 21:10:08.738  6702  7086 V SerialPortNative: [SerialPort.cpp:150] opened(/dev/ttyS1): fd=95
08-07 21:10:08.739  6702  7086 V RobotUsbDeviceTTY: opening serial=(embedded) file=/dev/ttyS1
08-07 21:10:08.740  6702  7086 V LynxUsb : armDevice() serial=(embedded)...
08-07 21:10:08.740  6702  7086 V LynxUsb : resetDevice() serial=(embedded)
08-07 21:10:08.742  6702  7086 V LynxModule: resetting embedded usb device: isPresent: was=true
08-07 21:10:08.804  6702  7539 V Robocol : received command: CMD_SET_MATCH_NUMBER(10146) 0
08-07 21:10:08.805  6702  7539 V Robocol : received command: CMD_INIT_OP_MODE(10147) something
08-07 21:10:09.100  6702  7086 V LynxUsb : ...done armDevice()
08-07 21:10:09.101  6702  7086 V LynxUsb : 0x08967c9c on 0x0f6bc4e9: new delegate to [(embedded)]
08-07 21:10:09.101  6702  7701 V RobotCore: thread: 'lynx incoming datagrams' starting...
08-07 21:10:09.101  6702  7086 V LynxUsb : lynx discovery beginning for device (embedded)
08-07 21:10:09.105  6702  7701 V LynxUsb : synchronization gained: serial=(embedded)
08-07 21:10:09.106  6702  7086 V LynxUsb : discovery waiting 1012ms and 0ns
08-07 21:10:09.107  6702  7701 V LynxUsb : onLynxDiscoveryResponseReceived()... module#=173 isParent=true
08-07 21:10:09.108  6702  7701 V LynxUsb : discovered lynx module#=173 isParent=true
08-07 21:10:09.109  6702  7701 V LynxUsb : ...onLynxDiscoveryResponseReceived()
08-07 21:10:10.119  6702  7086 V LynxUsb : discovery waiting complete: #modules=1
08-07 21:10:10.119  6702  7086 V LynxUsb : Checking type of discovered modules
08-07 21:10:10.120  6702  7086 V LynxUsb : addConfiguredModule() module#=173
08-07 21:10:10.122  6702  7086 V LynxModule: pingAndQueryKnownInterfaces mod=173
08-07 21:10:10.146  6702  7086 V LynxModule: mod#=173 queryInterface(DEKA)=54 commands starting at 4096
08-07 21:10:10.156  6702  7086 V LynxModule: sending LynxFtdiResetControlCommand(true) wasInterrupted=false
08-07 21:10:10.161  6702  7086 V LynxModule: sendLEDPatternSteps(): steps=[Step(color=65280, msDuration=1000)]
08-07 21:10:10.168  6702  7086 V LynxModule: setAsControlHubEmbeddedModule(mod=173)
08-07 21:10:10.168  6702  7086 V EmbeddedControlHubModule: setting embedded module
08-07 21:10:10.174  6702  7701 V RobotCore: nack rec'd mod=173 msg#=10 ref#=0 reason=PARAM0:0
08-07 21:10:10.176  6702  7071 V LynxModule: mod#=173 queryInterface(): interface SERVO_HUB is not supported
08-07 21:10:10.176  6702  7086 V LynxModule: sending LynxFtdiResetControlCommand(false) wasInterrupted=false
08-07 21:10:10.179  6702  7086 V LynxModule: close(#173)
08-07 21:10:10.181  6702  7086 V LynxModule: close(#0)
08-07 21:10:10.183  6702  7086 V LynxUsb : ...lynx discovery completed
08-07 21:10:10.183  6702  7086 V FtcEventLoop: assessing LynxModuleMeta(#173,true,ImuType.unknown)
08-07 21:10:10.183  6702  7086 V LynxUsb : addConfiguredModule() module#=173
08-07 21:10:10.185  6702  7086 V LynxModule: pingAndQueryKnownInterfaces mod=173
08-07 21:10:10.202  6702  7086 V LynxModule: mod#=173 queryInterface(DEKA)=54 commands starting at 4096
08-07 21:10:10.211  6702  7086 V LynxModule: sending LynxFtdiResetControlCommand(true) wasInterrupted=false
08-07 21:10:10.216  6702  7086 V LynxModule: sendLEDPatternSteps(): steps=[Step(color=65280, msDuration=1000)]
08-07 21:10:10.221  6702  7086 V LynxModule: setAsControlHubEmbeddedModule(mod=173)
08-07 21:10:10.222  6702  7086 V EmbeddedControlHubModule: setting embedded module
08-07 21:10:10.229  6702  7086 V LynxModule: sending LynxFtdiResetControlCommand(false) wasInterrupted=false
08-07 21:10:10.232  6702  7086 V LynxModule: close(#173)
08-07 21:10:10.234  6702  7086 V LynxUsb : 0x08967c9c on 0x0f6bc4e9: releasing delegate to [(embedded)]
08-07 21:10:10.235  6702  7086 V LynxUsb : disarmDevice() serial=(embedded)...
08-07 21:10:10.235  6702  7086 V LynxUsb : shutting down incoming datagrams
08-07 21:10:10.332  6702  7701 V RobotCore: thread: ...terminating 'lynx incoming datagrams'
08-07 21:10:10.334  6702  7086 V RobotUsbDeviceTTY: closing serial=(embedded) file=/dev/ttyS1
08-07 21:10:10.334  6702  7086 V SerialPortNative: [SerialPort.cpp:254] close(osfd = 95)
08-07 21:10:10.335  6702  7086 V LynxUsb : ...done disarmDevice()
08-07 21:10:10.335  6702  7086 V FtcEventLoop: getUSBAccessibleLynxDevices(): 1 modules found
08-07 21:10:10.336  6702  7086 V FtcEventLoop: ...getUSBAccessibleLynxDevices()
08-07 21:10:10.339  6702  7086 V Robocol : locally injecting CMD_GET_USB_ACCESSIBLE_LYNX_MODULES_RESP
--------- beginning of main
08-07 21:10:13.648  7814  7814 D Uvc     : [jni.cpp:72] JNI_OnLoad()...
08-07 21:10:13.648  7814  7814 D Uvc     : [JniEnv.h:32] ScopedJniEnv::onJniLoad()...
08-07 21:10:13.648  7814  7814 D Uvc     : [JniEnv.h:32] ...ScopedJniEnv::onJniLoad()
08-07 21:10:13.648  7814  7814 D Uvc     : [jni.cpp:72] ...JNI_OnLoad()
08-07 21:10:13.655  7814  7814 V AppUtil : initializing: getExternalStorageDirectory()=/storage/emulated/0
08-07 21:10:13.659  7814  7814 I AppUtil : found usbFileSystemRoot: /dev/bus/usb
08-07 21:10:13.671  7814  7814 I AppAliveNotifier: Telling the OS to set the RC alive notification timeout to 20 seconds
08-07 21:10:13.678  7814  7839 V RobotCore: saving logcat to /storage/emulated/0/robotControllerLog.txt
08-07 21:10:13.678  7814  7839 V RobotCore: logging command line: exec logcat -f /storage/emulated/0/robotControllerLog.txt -r4096 -n4 -v threadtime UsbRequestJNI:S UsbRequest:S art:W ThreadPool:W System:W ExtendedExtractor:W OMXClient:W MediaPlayer:W dalvikvm:W  *:V
08-07 21:10:13.690  7814  7814 V AppUtil : rootActivity=PermissionValidatorWrapper
08-07 21:10:13.690  7814  7814 I PermissionValidatorActivity: Lifecycle onCreate : 21fe8bb
08-07 21:10:13.714  7814  7839 I RobotCore: Done running ps
08-07 21:10:13.743  7814  7814 I PermissionValidatorActivity: Lifecycle onStart : 21fe8bb
08-07 21:10:13.746  7814  7814 I PermissionValidator: Checking permission for android.permission.WRITE_EXTERNAL_STORAGE
08-07 21:10:13.755  7814  7814 I PermissionValidator:     Granted: android.permission.WRITE_EXTERNAL_STORAGE
08-07 21:10:13.755  7814  7814 I PermissionValidator: Checking permission for android.permission.READ_EXTERNAL_STORAGE
08-07 21:10:13.756  7814  7814 I PermissionValidator:     Granted: android.permission.READ_EXTERNAL_STORAGE
08-07 21:10:13.756  7814  7814 I PermissionValidator: Checking permission for android.permission.CAMERA
08-07 21:10:13.757  7814  7814 I PermissionValidator:     Granted: android.permission.CAMERA
08-07 21:10:13.757  7814  7814 I PermissionValidator: Checking permission for android.permission.ACCESS_COARSE_LOCATION
08-07 21:10:13.758  7814  7814 I PermissionValidator:     Granted: android.permission.ACCESS_COARSE_LOCATION
08-07 21:10:13.758  7814  7814 I PermissionValidator: Checking permission for android.permission.ACCESS_FINE_LOCATION
08-07 21:10:13.759  7814  7814 I PermissionValidator:     Granted: android.permission.ACCESS_FINE_LOCATION
08-07 21:10:13.759  7814  7814 I PermissionValidator: Checking permission for android.permission.READ_PHONE_STATE
08-07 21:10:13.760  7814  7814 I PermissionValidator:     Granted: android.permission.READ_PHONE_STATE
08-07 21:10:13.763  7814  7814 V ServiceStarter: attempting to start service MediaTransferProtocolMonitorService
08-07 21:10:13.766  7814  7814 V ServiceStarter: started service MediaTransferProtocolMonitorService
08-07 21:10:13.767  7814  7814 V ServiceStarter: attempting to start service OnBotJavaService
08-07 21:10:13.769  7814  7814 V ServiceStarter: started service OnBotJavaService
08-07 21:10:13.769  7814  7814 I PermissionValidatorActivity: All permissions validated.  Starting RobotController
08-07 21:10:13.783  7814  7814 V MTPMonitorService: onCreate()
08-07 21:10:13.783  7814  7814 V MTPMonitorService: onStartCommand() intent=Intent { cmp=com.qualcomm.ftcrobotcontroller/org.firstinspires.ftc.robotcore.internal.files.MediaTransferProtocolMonitorService } flags=0x0 startId=1
08-07 21:10:13.788  7814  7814 V MTPMonitor: observing: /storage/emulated/0
08-07 21:10:15.666  7814  7814 V OnBotJavaService: onCreate()
08-07 21:10:15.667  7814  7814 V OnBotJavaService: onStartCommand() intent=Intent { cmp=com.qualcomm.ftcrobotcontroller/org.firstinspires.ftc.onbotjava.OnBotJavaService } flags=0x0 startId=1
08-07 21:10:15.668  7814  7814 V OnBotJava: OnBotJavaManager::static
08-07 21:10:16.376  7814  7814 V OnBotJava: ctor()...
08-07 21:10:16.378  7814  7814 V OnBotJava: ...ctor()
08-07 21:10:16.383  7814  7814 V RCActivity: Permissions validated already
08-07 21:10:16.383  7814  7814 V RCActivity: onCreate()
08-07 21:10:16.384  7814  7814 V RCActivity: rootActivity is of class PermissionValidatorWrapper
08-07 21:10:16.387  7814  7814 V RCActivity: launchActivity is of class class org.firstinspires.ftc.robotcontroller.internal.PermissionValidatorWrapper
08-07 21:10:16.395  7814  7940 V CallbackLooper: thread=129
08-07 21:10:16.399  7814  7814 V NetDiscover_wifiDirectAgent: doStart()...
08-07 21:10:16.405  7814  7814 V NetDiscover_wifiDirectAgent: ...doStart()
08-07 21:10:16.405  7814  7814 V NetDiscover_prefremrc: ----- all preferences -----
08-07 21:10:16.406  7814  7814 V NetDiscover_prefremrc: name='android.permission.READ_PHONE_STATE' value=false
08-07 21:10:16.406  7814  7814 V NetDiscover_prefremrc: name='pref_autostarted_robot_controller' value=true
08-07 21:10:16.406  7814  7814 V NetDiscover_prefremrc: name='pref_warn_about_obsolete_software' value=true
08-07 21:10:16.406  7814  7814 V NetDiscover_prefremrc: name='pref_has_independent_phone_battery' value=false
08-07 21:10:16.406  7814  7814 V NetDiscover_prefremrc: name='android.permission.CAMERA' value=false
08-07 21:10:16.406  7814  7814 V NetDiscover_prefremrc: name='pref_wifip2p_remote_channel_change_works' value=false
08-07 21:10:16.406  7814  7814 V NetDiscover_prefremrc: name='pref_hardware_config_filename' value={"isDirty":false,"location":"LOCAL_STORAGE","name":"Offseason","resourceId":0}
08-07 21:10:16.406  7814  7814 V NetDiscover_prefremrc: name='pref_sound_on_off' value=false
08-07 21:10:16.406  7814  7814 V NetDiscover_prefremrc: name='pref_warn_about_mismatched_app_versions' value=true
08-07 21:10:16.407  7814  7814 V NetDiscover_prefremrc: name='pref_ftc_season_year_of_current_rc_new' value=2024
08-07 21:10:16.407  7814  7814 V NetDiscover_prefremrc: name='App Restrictions' value=AAAAAA==
08-07 21:10:16.407  7814  7814 V NetDiscover_prefremrc:     
08-07 21:10:16.407  7814  7814 V NetDiscover_prefremrc: name='pref_warn_about_incorrect_clocks' value=true
08-07 21:10:16.407  7814  7814 V NetDiscover_prefremrc: name='pref_has_speaker' value=false
08-07 21:10:16.407  7814  7814 V NetDiscover_prefremrc: name='android.permission.ACCESS_COARSE_LOCATION' value=false
08-07 21:10:16.407  7814  7814 V NetDiscover_prefremrc: name='android.permission.WRITE_EXTERNAL_STORAGE' value=false
08-07 21:10:16.407  7814  7814 V NetDiscover_prefremrc: name='pref_connection_owner_password' value=B-it.M-o!#2024.
08-07 21:10:16.407  7814  7814 V NetDiscover_prefremrc: name='pref_pairing_kind' value=RCWIRELESSAP
08-07 21:10:16.407  7814  7814 V NetDiscover_prefremrc: name='pref_app_theme' value=red
08-07 21:10:16.407  7814  7814 V NetDiscover_prefremrc: name='android.permission.ACCESS_FINE_LOCATION' value=false
