08-07 21:10:31.054  7814  8289 V ConfigurationTypeScanner: registering com.qualcomm.robotcore.hardware.configuration.typecontainers.MotorConfigurationType@5fc538 as NeveRest 20 Gearmotor
08-07 21:10:31.054  7814  8289 V ConfigurationTypeScanner: registering com.qualcomm.robotcore.hardware.configuration.typecontainers.MotorConfigurationType@82e3911 as NeveRest 3.7 v1 Gearmotor
08-07 21:10:31.055  7814  8289 V ConfigurationTypeScanner: registering com.qualcomm.robotcore.hardware.configuration.typecontainers.MotorConfigurationType@537aa76 as NeveRest 40 Gearmotor
08-07 21:10:31.055  7814  8289 V ConfigurationTypeScanner: registering com.qualcomm.robotcore.hardware.configuration.typecontainers.MotorConfigurationType@be7b877 as NeveRest 60 Gearmotor
08-07 21:10:31.055  7814  8289 V ConfigurationTypeScanner: registering com.qualcomm.robotcore.hardware.configuration.typecontainers.MotorConfigurationType@ee7fce4 as REV Robotics 20:1 HD Hex Motor
08-07 21:10:31.055  7814  8289 V ConfigurationTypeScanner: registering com.qualcomm.robotcore.hardware.configuration.typecontainers.MotorConfigurationType@42c554d as REV Robotics 40:1 HD Hex Motor
08-07 21:10:31.056  7814  8289 V ConfigurationTypeScanner: registering com.qualcomm.robotcore.hardware.configuration.typecontainers.MotorConfigurationType@f6bf802 as REV Robotics Core Hex Motor
08-07 21:10:31.056  7814  8289 V ConfigurationTypeScanner: registering com.qualcomm.robotcore.hardware.configuration.typecontainers.MotorConfigurationType@a156513 as REV Robotics UltraPlanetary HD Hex Motor
08-07 21:10:31.056  7814  8289 V ConfigurationTypeScanner: registering com.qualcomm.robotcore.hardware.configuration.typecontainers.MotorConfigurationType@f9a0350 as Studica Maverick
08-07 21:10:31.056  7814  8289 V ConfigurationTypeScanner: registering com.qualcomm.robotcore.hardware.configuration.typecontainers.MotorConfigurationType@175f949 as Tetrix Motor
08-07 21:10:31.056  7814  8289 V ConfigurationTypeScanner: registering com.qualcomm.robotcore.hardware.configuration.typecontainers.I2cDeviceConfigurationType@8a5924e as REV 2M Distance Sensor
08-07 21:10:31.056  7814  8289 V ConfigurationTypeScanner: registering com.qualcomm.robotcore.hardware.configuration.typecontainers.I2cDeviceConfigurationType@7673f6f as REV 9-Axis IMU
08-07 21:10:31.056  7814  8289 V ConfigurationTypeScanner: registering com.qualcomm.robotcore.hardware.configuration.typecontainers.ServoConfigurationType@b24047c as REV Blinkin LED Driver
08-07 21:10:31.056  7814  8289 V ConfigurationTypeScanner: registering com.qualcomm.robotcore.hardware.configuration.typecontainers.I2cDeviceConfigurationType@b9be105 as REV Color Sensor V3
08-07 21:10:31.056  7814  8289 V ConfigurationTypeScanner: registering com.qualcomm.robotcore.hardware.configuration.typecontainers.ServoConfigurationType@ecc855a as REV SPARKmini Controller
08-07 21:10:31.057  7814  8289 V ConfigurationTypeScanner: registering com.qualcomm.robotcore.hardware.configuration.typecontainers.DigitalIoDeviceConfigurationType@b52638b as REV Touch Sensor
08-07 21:10:31.057  7814  8289 V ConfigurationTypeScanner: registering com.qualcomm.robotcore.hardware.configuration.typecontainers.I2cDeviceConfigurationType@4eaec68 as SparkFun QWIIC LED Stick
08-07 21:10:31.057  7814  8289 V ConfigurationTypeScanner: registering com.qualcomm.robotcore.hardware.configuration.typecontainers.I2cDeviceConfigurationType@c7e8881 as SparkFun OTOS
08-07 21:10:31.057  7814  8289 V ConfigurationTypeScanner: registering com.qualcomm.robotcore.hardware.configuration.typecontainers.AnalogSensorConfigurationType@43d9d26 as Analog Input
08-07 21:10:31.057  7814  8289 V ConfigurationTypeScanner: registering com.qualcomm.robotcore.hardware.configuration.typecontainers.ServoConfigurationType@581ad67 as Continuous Rotation Servo
08-07 21:10:31.058  7814  8289 V ConfigurationTypeScanner: registering com.qualcomm.robotcore.hardware.configuration.typecontainers.DigitalIoDeviceConfigurationType@fb66714 as Digital Device
08-07 21:10:31.058  7814  8289 V ConfigurationTypeScanner: registering com.qualcomm.robotcore.hardware.configuration.typecontainers.DigitalIoDeviceConfigurationType@18a2bbd as LED
08-07 21:10:31.058  7814  8289 V ConfigurationTypeScanner: registering com.qualcomm.robotcore.hardware.configuration.typecontainers.MotorConfigurationType@25665b2 as Unspecified Motor
08-07 21:10:31.060  7814  8285 V SinisterRegisteredOpModes: registered supplier as {TestBBCCuMotoareFBune}
08-07 21:10:31.065  7814  8285 V SinisterRegisteredOpModes: registered supplier as {Circle}
08-07 21:10:31.072  7814  8285 V SinisterRegisteredOpModes: registered supplier as {Triangle}
08-07 21:10:31.076  7814  8289 V ConfigurationTypeScanner: Rebuilding HardwareMap...
08-07 21:10:31.079  7814  8289 V HardwareFactory: createHardwareMap()
08-07 21:10:31.079  7814  8289 V EmbeddedControlHubModule: clearing embedded module
08-07 21:10:31.079  7814  8285 V SinisterRegisteredOpModes: registered supplier as {Forward Velocity Tuner}
08-07 21:10:31.084  7814  8285 V SinisterRegisteredOpModes: registered supplier as {Forward Zero Power Acceleration Tuner}
08-07 21:10:31.087  7814  8285 V SinisterRegisteredOpModes: registered supplier as {Lateral Zero Power Acceleration Tuner}
08-07 21:10:31.094  7814  8285 V SinisterRegisteredOpModes: registered supplier as {Strafe Velocity Tuner}
08-07 21:10:31.098  7814  8285 V SinisterRegisteredOpModes: registered supplier as {Localization Test}
08-07 21:10:31.103  7814  8285 V SinisterRegisteredOpModes: registered supplier as {Curved Back And Forth}
08-07 21:10:31.106  7814  8285 V SinisterRegisteredOpModes: registered supplier as {Straight Back And Forth}
08-07 21:10:31.111  7814  8285 V Sinister: finished scanner dev.frozenmilk.sinister.sdk.opmodes.TeleopAutonomousOpModeScanner
08-07 21:10:31.112  7814  7855 E Sinister: Caught and ignored error while running scanner java.util.ArrayList.}
08-07 21:10:31.117  7814  7855 E Sinister: java.util.concurrent.CompletionException: java.lang.ClassCastException: com.qualcomm.robotcore.hardware.configuration.BuiltInConfigurationType cannot be cast to com.qualcomm.robotcore.hardware.configuration.typecontainers.ServoConfigurationType
08-07 21:10:31.118  7814  7855 E Sinister: 	at java.util.concurrent.CompletableFuture.encodeThrowable(CompletableFuture.java:247)
08-07 21:10:31.118  7814  7855 E Sinister: 	at java.util.concurrent.CompletableFuture.completeThrowable(CompletableFuture.java:253)
08-07 21:10:31.119  7814  7855 E Sinister: 	at java.util.concurrent.CompletableFuture$AsyncRun.run(CompletableFuture.java:1635)
08-07 21:10:31.119  7814  7855 E Sinister: 	at java.util.concurrent.ThreadPoolExecutor.runWorker(ThreadPoolExecutor.java:1133)
08-07 21:10:31.120  7814  7855 E Sinister: 	at java.util.concurrent.ThreadPoolExecutor$Worker.run(ThreadPoolExecutor.java:607)
08-07 21:10:31.121  7814  7855 E Sinister: 	at com.qualcomm.robotcore.util.ThreadPool$ThreadFactoryImpl$1.run(ThreadPool.java:793)
08-07 21:10:31.121  7814  7855 E Sinister: 	at java.lang.Thread.run(Thread.java:761)
08-07 21:10:31.123  7814  7855 E Sinister: Caused by: java.lang.ClassCastException: com.qualcomm.robotcore.hardware.configuration.BuiltInConfigurationType cannot be cast to com.qualcomm.robotcore.hardware.configuration.typecontainers.ServoConfigurationType
08-07 21:10:31.124  7814  7855 E Sinister: 	at com.qualcomm.robotcore.hardware.configuration.ConfigurationTypeManager.getStandardServoType(ConfigurationTypeManager.java:189)
08-07 21:10:31.124  7814  7855 E Sinister: 	at com.qualcomm.robotcore.hardware.configuration.typecontainers.ServoConfigurationType.getStandardServoType(ServoConfigurationType.java:86)
08-07 21:10:31.125  7814  7855 E Sinister: 	at com.qualcomm.robotcore.hardware.configuration.ConfigurationUtility.buildEmptyServos(ConfigurationUtility.java:410)
08-07 21:10:31.126  7814  7855 E Sinister: 	at com.qualcomm.robotcore.hardware.configuration.LynxModuleConfiguration.<init>(LynxModuleConfiguration.java:81)
08-07 21:10:31.126  7814  7855 E Sinister: 	at com.qualcomm.robotcore.hardware.configuration.LynxModuleConfiguration.<init>(LynxModuleConfiguration.java:74)
08-07 21:10:31.127  7814  7855 E Sinister: 	at com.qualcomm.robotcore.hardware.configuration.LynxUsbDeviceConfiguration.deserializeChildElement(LynxUsbDeviceConfiguration.java:146)
08-07 21:10:31.128  7814  7855 E Sinister: 	at com.qualcomm.robotcore.hardware.configuration.DeviceConfiguration.deserialize(DeviceConfiguration.java:209)
08-07 21:10:31.128  7814  7855 E Sinister: 	at com.qualcomm.robotcore.hardware.configuration.ReadXMLFileHandler.parseRobot(ReadXMLFileHandler.java:156)
08-07 21:10:31.129  7814  7855 E Sinister: 	at com.qualcomm.robotcore.hardware.configuration.ReadXMLFileHandler.parseDocument(ReadXMLFileHandler.java:109)
08-07 21:10:31.130  7814  7855 E Sinister: 	at com.qualcomm.robotcore.hardware.configuration.ReadXMLFileHandler.parse(ReadXMLFileHandler.java:95)
08-07 21:10:31.130  7814  7855 E Sinister: 	at com.qualcomm.hardware.HardwareFactory.createHardwareMap(HardwareFactory.java:144)
08-07 21:10:31.131  7814  7855 E Sinister: 	at com.qualcomm.ftccommon.FtcEventLoopHandler.getHardwareMap(FtcEventLoopHandler.java:165)
08-07 21:10:31.131  7814  7855 E Sinister: 	at dev.frozenmilk.sinister.sdk.ConfigurationTypeScanner.onCreateEventLoop$lambda$11(ConfigurationTypeScanner.kt:168)
08-07 21:10:31.132  7814  7855 E Sinister: 	at dev.frozenmilk.sinister.sdk.ConfigurationTypeScanner.$r8$lambda$4UHv8wNxFZ3ZGe7F_FE-612RKJ0(ConfigurationTypeScanner.kt)
08-07 21:10:31.133  7814  7855 E Sinister: 	at dev.frozenmilk.sinister.sdk.ConfigurationTypeScanner$$ExternalSyntheticLambda4.run(D8$$SyntheticClass:0)
08-07 21:10:31.133  7814  7855 E Sinister: 	at dev.frozenmilk.sinister.sdk.ConfigurationTypeScanner.reregister(ConfigurationTypeScanner.kt:119)
08-07 21:10:31.134  7814  7855 E Sinister: 	at dev.frozenmilk.sinister.sdk.ConfigurationTypeScanner.afterScan(ConfigurationTypeScanner.kt:97)
08-07 21:10:31.135  7814  7855 E Sinister: 	at dev.frozenmilk.sinister.SinisterImplKt.spawnScannerLoad$lambda$1(SinisterImpl.kt:346)
08-07 21:10:31.136  7814  7855 E Sinister: 	at dev.frozenmilk.sinister.SinisterImplKt.$r8$lambda$LWaAY8Z9IAzjTqD8UpDUyE9W5gE(SinisterImpl.kt)
08-07 21:10:31.137  7814  7855 E Sinister: 	at dev.frozenmilk.sinister.SinisterImplKt$$ExternalSyntheticLambda0.run(D8$$SyntheticClass:0)
08-07 21:10:31.138  7814  7855 E Sinister: 	at java.util.concurrent.CompletableFuture$AsyncRun.run(CompletableFuture.java:1632)
08-07 21:10:31.138  7814  7855 E Sinister: 	... 4 more
08-07 21:10:31.138  7814  8285 V Sinister: running scanner dev.frozenmilk.sinister.sdk.apphooks.SinisterOpModeRegistrarScanner
08-07 21:10:31.176  7814  8285 V Sinister: finished scanner dev.frozenmilk.sinister.sdk.apphooks.SinisterOpModeRegistrarScanner
08-07 21:10:31.177  7814  8285 V Sinister: running scanner com.acmerobotics.dashboard.FtcDashboardScanner
08-07 21:10:31.179  7814  8285 V FtcDashboardScanner: Registering @Config class org.firstinspires.ftc.teamcode.Utils.GeneralTuners.ColorSensorTuning named ColorSensorTuning
08-07 21:10:31.181  7814  8285 V FtcDashboardScanner: Registering @Config class org.firstinspires.ftc.teamcode.Utils.GeneralTuners.MotorTuner named MotorTuner
08-07 21:10:31.185  7814  8285 V FtcDashboardScanner: Registering @Config class org.firstinspires.ftc.teamcode.Utils.GeneralTuners.ServoTuner named ServoTuner
08-07 21:10:31.195  7814  8285 V FtcDashboardScanner: Registering @Config class org.firstinspires.ftc.teamcode.itdbot.Limelight.LimelightAutoAlignDependenciesAndClasses.Vision named Vision
08-07 21:10:31.200  7814  8285 V FtcDashboardScanner: Registering @Config class org.firstinspires.ftc.teamcode.itdbot.SUBSYSTEMS.BBC.FSM.Subsystem.BBC_Nationale named BBC_Nationale
08-07 21:10:31.204  7814  8285 V FtcDashboardScanner: Registering @Config class org.firstinspires.ftc.teamcode.itdbot.SUBSYSTEMS.Linkage.LinkageSelector named LinkageSelector
08-07 21:10:31.205  7814  8285 V FtcDashboardScanner: Registering @Config class org.firstinspires.ftc.teamcode.itdbot.SUBSYSTEMS.Linkage.SmoothLinkageSub named SmoothLinkageSub
08-07 21:10:31.210  7814  8285 V FtcDashboardScanner: Registering @Config class org.firstinspires.ftc.teamcode.itdbot.TeleOps.TeleOp named TeleOp
08-07 21:10:31.211  7814  8285 V FtcDashboardScanner: Registering @Config class org.firstinspires.ftc.teamcode.pedroPathing.examples.Circle named Circle
08-07 21:10:31.212  7814  8285 V FtcDashboardScanner: Registering @Config class org.firstinspires.ftc.teamcode.pedroPathing.tuners_tests.automatic.ForwardVelocityTuner named ForwardVelocityTuner
08-07 21:10:31.213  7814  8285 V FtcDashboardScanner: Registering @Config class org.firstinspires.ftc.teamcode.pedroPathing.tuners_tests.automatic.ForwardZeroPowerAccelerationTuner named ForwardZeroPowerAccelerationTuner
08-07 21:10:31.214  7814  8285 V FtcDashboardScanner: Registering @Config class org.firstinspires.ftc.teamcode.pedroPathing.tuners_tests.automatic.LateralZeroPowerAccelerationTuner named LateralZeroPowerAccelerationTuner
08-07 21:10:31.215  7814  8285 V FtcDashboardScanner: Registering @Config class org.firstinspires.ftc.teamcode.pedroPathing.tuners_tests.automatic.StrafeVelocityTuner named StrafeVelocityTuner
08-07 21:10:31.217  7814  8285 V FtcDashboardScanner: Registering @Config class org.firstinspires.ftc.teamcode.pedroPathing.tuners_tests.localization.LocalizationTest named LocalizationTest
08-07 21:10:31.218  7814  8285 V FtcDashboardScanner: Registering @Config class org.firstinspires.ftc.teamcode.pedroPathing.tuners_tests.pid.CurvedBackAndForth named CurvedBackAndForth
08-07 21:10:31.218  7814  8285 V FtcDashboardScanner: Registering @Config class org.firstinspires.ftc.teamcode.pedroPathing.tuners_tests.pid.StraightBackAndForth named StraightBackAndForth
08-07 21:10:31.219  7814  8285 V FtcDashboardScanner: updating OpMode List
08-07 21:10:31.219  7814  8285 V Sinister: finished scanner com.acmerobotics.dashboard.FtcDashboardScanner
08-07 21:10:31.220  7814  7855 V SlothTeamCodeLoader: Processed Sloth Load
08-07 21:10:33.977  7814  8462 V SessionCookie: added SessionCookie: cookie=8a096735-eccc-464d-8694-b59975f28404 uri='/js/rcInfo.json'
08-07 21:10:33.977  7814  8462 I RobotCore: B-it.M-o!#2024.
08-07 21:10:33.992  7814  8462 V SessionCookie: added SessionCookie: cookie=95f00ca5-3a77-40aa-9a1c-881c24dd781d uri='/revHubsAvailableForUpdate'
08-07 21:10:34.929  7814  8436 V RobotCore: EventLoopManager state is NOT_STARTED
08-07 21:10:34.930  7814  8436 V FTCService: Waiting for a connection to a Wi-Fi service
08-07 21:10:34.930  7814  8436 V RobotCore: Robot Status: stopped, waiting for network to become active
08-07 21:10:34.932  7814  8436 I RobotControllerAccessPointAssistant: Wi-Fi AP is enabled
08-07 21:10:34.932  7814  8436 V CoreRobotWebServer: Asked an already running WebServer to start
08-07 21:10:34.933  7814  8436 V RobotCore: Robot Status: stopped, starting robot
08-07 21:10:34.933  7814  8436 V Robocol : EventLoopManager.start()
08-07 21:10:34.933  7814  8436 V RobotCore: Getting network assistant of type: RCWIRELESSAP
08-07 21:10:34.934  7814  8436 I RobotControllerAccessPointAssistant: Wi-Fi AP is enabled
08-07 21:10:34.934  7814  8436 V Robocol : Spoofing a Network Connection event...
08-07 21:10:34.934  7814  8436 I EventLoopManager: onNetworkConnectionEvent: CONNECTION_INFO_AVAILABLE
08-07 21:10:34.934  7814  8436 I Robocol : Received network connection event
08-07 21:10:34.935  7814  8436 I RobotControllerAccessPointAssistant: Wi-Fi AP is enabled
08-07 21:10:34.935  7814  8436 I NetworkConnectionHandler: Handling new network connection infomation, connected: true setup needed: true
08-07 21:10:34.936  7814  8436 I RobotControllerAccessPointAssistant: Wi-Fi AP is enabled
08-07 21:10:37.345  7814  8462 V SessionCookie: added SessionCookie: cookie=b887db12-25ed-4a82-b7b1-cf1eee4787e7 uri='/js/rcInfo.json'
08-07 21:10:37.346  7814  8462 I RobotCore: B-it.M-o!#2024.
08-07 21:10:37.359  7814  8462 V SessionCookie: added SessionCookie: cookie=e410f835-c0c4-4d65-a1d4-373621063805 uri='/revHubsAvailableForUpdate'
08-07 21:10:37.944  7814  8778 V RobotCore: thread: 'SetupRunnable.run()' starting...
08-07 21:10:37.944  7814  8436 V RobotCore: EventLoopManager state is STOPPED
08-07 21:10:37.945  7814  8436 V Robocol : eventLoop=FtcEventLoop
08-07 21:10:37.945  7814  8436 V RobotCore: EventLoopManager state is INIT
08-07 21:10:37.945  7814  8436 V RobotCore: Robot Status: initializing, starting robot
08-07 21:10:37.946  7814  8436 I FtcEventLoop: ======= INIT START =======
08-07 21:10:37.953  7814  8778 D Robocol : RobocolDatagramSocket listening addr=/192.168.43.1:20884 cbRec=65520 cbSend=106496 msRecTO=300
08-07 21:10:37.954  7814  8778 V Robocol : RecvLoopRunnable created
08-07 21:10:37.962  7814  8779 V Robocol : PacketProcessor started
08-07 21:10:37.969  7814  8778 V PeerDiscovery: Starting peer discovery remote: /192.168.43.1 local: /192.168.43.1
08-07 21:10:37.970  7814  8778 V PeerDiscovery: No need for initiating peer discovery, we are the Robot Controller
08-07 21:10:37.971  7814  8778 V RobotCore: Setup complete
08-07 21:10:37.971  7814  8781 V RobotCore: thread: 'RecvLoopRunnable.run()' starting...
08-07 21:10:37.971  7814  8778 V RobotCore: thread: ...terminating 'SetupRunnable.run()'
08-07 21:10:37.976  7814  8780 V Robocol : CommandProcessor started
08-07 21:10:37.986  7814  8436 V FtcEventLoop: Ensuring that the embedded Control Hub module is set up correctly
08-07 21:10:37.988  7814  8436 V RobotCore: Creating REV Robotics USB Expansion Hub Portal [(embedded)]
08-07 21:10:37.992  7814  7814 I pRunnable.run(): type=1400 audit(0.0:327): avc: denied { read } for name="ttyS1" dev="tmpfs" ino=4921 scontext=u:r:untrusted_app:s0:c512,c768 tcontext=u:object_r:serial_device:s0 tclass=chr_file permissive=1
08-07 21:10:37.991  7814  8436 V LynxUsb : creating new [(embedded)]: 0x02cba6c0
08-07 21:10:37.995  7814  8436 V FtDeviceManager: createDeviceInfoList(): 0 USB devices
08-07 21:10:37.996  7814  8436 V RobotUsbManagerCombining: FTDI driver failed to open USB device with serial number (embedded) (returned null device)
08-07 21:10:37.992  7814  7814 I pRunnable.run(): type=1400 audit(0.0:328): avc: denied { write } for name="ttyS1" dev="tmpfs" ino=4921 scontext=u:r:untrusted_app:s0:c512,c768 tcontext=u:object_r:serial_device:s0 tclass=chr_file permissive=1
08-07 21:10:37.996  7814  7814 I pRunnable.run(): type=1400 audit(0.0:329): avc: denied { open } for path="/dev/ttyS1" dev="tmpfs" ino=4921 scontext=u:r:untrusted_app:s0:c512,c768 tcontext=u:object_r:serial_device:s0 tclass=chr_file permissive=1
08-07 21:10:37.999  7814  7814 I pRunnable.run(): type=1400 audit(0.0:330): avc: denied { ioctl } for path="/dev/ttyS1" dev="tmpfs" ino=4921 ioctlcmd=5401 scontext=u:r:untrusted_app:s0:c512,c768 tcontext=u:object_r:serial_device:s0 tclass=chr_file permissive=1
08-07 21:10:38.004  7814  8436 V SerialPortNative: [SerialPort.cpp:150] opened(/dev/ttyS1): fd=110
08-07 21:10:38.005  7814  8436 V RobotUsbDeviceTTY: opening serial=(embedded) file=/dev/ttyS1
08-07 21:10:38.005  7814  8436 V LynxUsb : armDevice() serial=(embedded)...
08-07 21:10:38.005  7814  8436 V LynxUsb : resetDevice() serial=(embedded)
08-07 21:10:38.006  7814  8436 V LynxModule: resetting embedded usb device: isPresent: was=true
08-07 21:10:38.002  7814  7814 I pRunnable.run(): type=1400 audit(0.0:331): avc: denied { read } for name="value" dev="sysfs" ino=13336 scontext=u:r:untrusted_app:s0:c512,c768 tcontext=u:object_r:sysfs:s0 tclass=file permissive=1
08-07 21:10:38.002  7814  7814 I pRunnable.run(): type=1400 audit(0.0:332): avc: denied { open } for path="/sys/devices/pinctrl.26/gpio/gpio50/value" dev="sysfs" ino=13336 scontext=u:r:untrusted_app:s0:c512,c768 tcontext=u:object_r:sysfs:s0 tclass=file permissive=1
08-07 21:10:38.002  7814  7814 I pRunnable.run(): type=1400 audit(0.0:333): avc: denied { getattr } for path="/sys/devices/pinctrl.26/gpio/gpio50/value" dev="sysfs" ino=13336 scontext=u:r:untrusted_app:s0:c512,c768 tcontext=u:object_r:sysfs:s0 tclass=file permissive=1
08-07 21:10:38.002  7814  7814 I pRunnable.run(): type=1400 audit(0.0:334): avc: denied { write } for name="value" dev="sysfs" ino=16375 scontext=u:r:untrusted_app:s0:c512,c768 tcontext=u:object_r:sysfs:s0 tclass=file permissive=1
08-07 21:10:38.274  7814  8781 E Robocol : exception SocketTimeoutException(Receive timed out): no packet received [java.net.PlainDatagramSocketImpl.receive0(Native Method)]
08-07 21:10:38.319  7814  8779 D RobotCore: system telemetry: key=$System$None$ msg=""
08-07 21:10:38.319  7814  8779 V PeerDiscovery: new remote peer discovered: 192.168.43.138
08-07 21:10:38.319  7814  8779 V NetworkConnectionHandler: starting sending loop
08-07 21:10:38.321  7814  8783 V Robocol : sending CMD_SHOW_TOAST(2), attempt: 0
08-07 21:10:38.321  7814  8779 V UpdateUI: Network: active, connected
08-07 21:10:38.321  7814  8779 D FTCService: Sending user device types and preferences to driver station
08-07 21:10:38.322  7814  8783 V Robocol : sending CMD_NOTIFY_OP_MODE_LIST(3), attempt: 0
08-07 21:10:38.322  7814  8783 V Robocol : sending CMD_NOTIFY_OP_MODE_LIST(4), attempt: 0
08-07 21:10:38.323  7814  8783 V Robocol : sending CMD_NOTIFY_USER_DEVICE_LIST(5), attempt: 0
08-07 21:10:38.326  7814  8783 V Robocol : sending CMD_NOTIFY_OP_MODE_LIST(10), attempt: 0
08-07 21:10:38.328  7814  8783 V Robocol : sending CMD_NOTIFY_OP_MODE_LIST(11), attempt: 0
08-07 21:10:38.329  7814  8783 V Robocol : sending CMD_NOTIFY_OP_MODE_LIST(12), attempt: 0
08-07 21:10:38.330  7814  8783 V Robocol : sending CMD_NOTIFY_OP_MODE_LIST(13), attempt: 0
08-07 21:10:38.331  7814  8783 V Robocol : sending CMD_NOTIFY_OP_MODE_LIST(14), attempt: 0
08-07 21:10:38.332  7814  8783 V Robocol : sending CMD_NOTIFY_OP_MODE_LIST(15), attempt: 0
08-07 21:10:38.333  7814  8783 V Robocol : sending CMD_NOTIFY_OP_MODE_LIST(16), attempt: 0
08-07 21:10:38.334  7814  8783 V Robocol : sending CMD_NOTIFY_OP_MODE_LIST(17), attempt: 0
08-07 21:10:38.335  7814  8783 V Robocol : sending CMD_NOTIFY_OP_MODE_LIST(18), attempt: 0
08-07 21:10:38.336  7814  8783 V Robocol : sending CMD_NOTIFY_OP_MODE_LIST(19), attempt: 0
08-07 21:10:38.337  7814  8783 V Robocol : sending CMD_NOTIFY_OP_MODE_LIST(20), attempt: 0
08-07 21:10:38.338  7814  8783 V Robocol : sending CMD_NOTIFY_OP_MODE_LIST(21), attempt: 0
08-07 21:10:38.339  7814  8783 V Robocol : sending CMD_NOTIFY_OP_MODE_LIST(22), attempt: 0
08-07 21:10:38.340  7814  8783 V Robocol : sending CMD_NOTIFY_OP_MODE_LIST(23), attempt: 0
08-07 21:10:38.341  7814  8783 V Robocol : sending CMD_NOTIFY_OP_MODE_LIST(24), attempt: 0
08-07 21:10:38.344  7814  8783 V Robocol : sending CMD_NOTIFY_OP_MODE_LIST(25), attempt: 0
08-07 21:10:38.345  7814  8783 V Robocol : sending CMD_NOTIFY_OP_MODE_LIST(26), attempt: 0
08-07 21:10:38.347  7814  8779 V NetDiscover_prefremrc: sendAllPreferences()
08-07 21:10:38.347  7814  8783 V Robocol : sending CMD_NOTIFY_OP_MODE_LIST(27), attempt: 0
08-07 21:10:38.347  7814  8779 V NetDiscover_prefremrc: sending RC pref name=pref_wifip2p_remote_channel_change_works value=false
08-07 21:10:38.348  7814  8783 V Robocol : sending CMD_NOTIFY_OP_MODE_LIST(28), attempt: 0
08-07 21:10:38.349  7814  8783 V Robocol : sending CMD_NOTIFY_USER_DEVICE_LIST(29), attempt: 0
08-07 21:10:38.352  7814  8783 V Robocol : sending CMD_NOTIFY_OP_MODE_LIST(30), attempt: 0
08-07 21:10:38.352  7814  8779 V NetDiscover_prefremrc: sending RC pref name=pref_device_name value=20965-RC
08-07 21:10:38.353  7814  8783 V Robocol : sending CMD_NOTIFY_OP_MODE_LIST(31), attempt: 0
08-07 21:10:38.354  7814  8779 V NetDiscover_prefremrc: sending RC pref name=pref_warn_about_incorrect_clocks value=true
08-07 21:10:38.354  7814  8783 V Robocol : sending CMD_NOTIFY_OP_MODE_LIST(32), attempt: 0
08-07 21:10:38.354  7814  8779 V NetDiscover_prefremrc: sending RC pref name=pref_warn_about_obsolete_software value=true
08-07 21:10:38.355  7814  8779 V NetDiscover_prefremrc: sending RC pref name=pref_has_speaker value=false
08-07 21:10:38.356  7814  8783 V Robocol : sending CMD_NOTIFY_OP_MODE_LIST(33), attempt: 0
08-07 21:10:38.356  7814  8779 V NetDiscover_prefremrc: sending RC pref name=pref_warn_about_2_4_ghz_band value=true
08-07 21:10:38.356  7814  8779 V NetDiscover_prefremrc: sending RC pref name=pref_has_independent_phone_battery value=false
08-07 21:10:38.357  7814  8783 V Robocol : sending CMD_NOTIFY_OP_MODE_LIST(34), attempt: 0
08-07 21:10:38.357  7814  8779 V NetDiscover_prefremrc: sending RC pref name=pref_app_theme value=red
08-07 21:10:38.358  7814  8779 V NetDiscover_prefremrc: sending RC pref name=pref_warn_about_mismatched_app_versions value=true
08-07 21:10:38.359  7814  8779 V NetDiscover_prefremrc: sending RC pref name=pref_sound_on_off value=false
08-07 21:10:38.360  7814  8779 V NetworkConnectionHandler: Peer connection established
08-07 21:10:38.366  7814  8436 V LynxUsb : ...done armDevice()
08-07 21:10:38.366  7814  8789 V RobotCore: thread: 'lynx incoming datagrams' starting...
08-07 21:10:38.367  7814  8436 V LynxUsb : 0x0cdf8d4a on 0x02cba6c0: new delegate to [(embedded)]
08-07 21:10:38.367  7814  8436 V LynxUsb : addConfiguredModule() module#=173
08-07 21:10:38.369  7814  8783 V Robocol : sending CMD_NOTIFY_OP_MODE_LIST(35), attempt: 0
08-07 21:10:38.370  7814  8783 V Robocol : sending CMD_NOTIFY_OP_MODE_LIST(36), attempt: 0
08-07 21:10:38.371  7814  8783 V Robocol : sending CMD_NOTIFY_OP_MODE_LIST(37), attempt: 0
08-07 21:10:38.371  7814  8436 V LynxModule: pingAndQueryKnownInterfaces mod=173
08-07 21:10:38.372  7814  8783 V Robocol : sending CMD_NOTIFY_OP_MODE_LIST(38), attempt: 0
08-07 21:10:38.373  7814  8789 V LynxUsb : synchronization gained: serial=(embedded)
08-07 21:10:38.374  7814  8783 V Robocol : sending CMD_NOTIFY_OP_MODE_LIST(39), attempt: 0
08-07 21:10:38.382  7814  8783 V Robocol : sending CMD_NOTIFY_OP_MODE_LIST(40), attempt: 0
08-07 21:10:38.383  7814  8783 V Robocol : sending CMD_NOTIFY_OP_MODE_LIST(41), attempt: 0
08-07 21:10:38.384  7814  8783 V Robocol : sending CMD_SHOW_TOAST(42), attempt: 0
08-07 21:10:38.384  7814  8783 V Robocol : sending CMD_SHOW_TOAST(43), attempt: 0
08-07 21:10:38.385  7814  8783 V Robocol : sending CMD_NOTIFY_OP_MODE_LIST(44), attempt: 0
08-07 21:10:38.386  7814  8783 V Robocol : sending CMD_NOTIFY_OP_MODE_LIST(45), attempt: 0
08-07 21:10:38.387  7814  8783 V Robocol : sending CMD_NOTIFY_OP_MODE_LIST(46), attempt: 0
08-07 21:10:38.395  7814  8436 V LynxModule: mod#=173 queryInterface(DEKA)=54 commands starting at 4096
08-07 21:10:38.395  7814  8783 V Robocol : sending CMD_NOTIFY_OP_MODE_LIST(47), attempt: 0
08-07 21:10:38.396  7814  8783 V Robocol : sending CMD_NOTIFY_OP_MODE_LIST(48), attempt: 0
08-07 21:10:38.397  7814  8783 V Robocol : sending CMD_NOTIFY_OP_MODE_LIST(49), attempt: 0
08-07 21:10:38.398  7814  8783 V Robocol : sending CMD_NOTIFY_OP_MODE_LIST(50), attempt: 0
08-07 21:10:38.399  7814  8783 V Robocol : sending CMD_NOTIFY_OP_MODE_LIST(51), attempt: 0
08-07 21:10:38.401  7814  8783 V Robocol : sending CMD_NOTIFY_OP_MODE_LIST(52), attempt: 0
08-07 21:10:38.406  7814  8781 V EventLoopManager: Setting authoritative wall clock based on connected DS.
08-07 21:10:38.407  7814  8781 D Uvc     : [time.cpp:64] Java_org_firstinspires_ftc_robotcore_internal_system_AppUtil_nativeSetCurrentTimeMillis()...
08-07 21:10:38.409  7814  8781 I JniTime : [time.cpp:83] settimeofday() succeeded
08-07 21:10:38.409  7814  8781 D Uvc     : [time.cpp:64] ...Java_org_firstinspires_ftc_robotcore_internal_system_AppUtil_nativeSetCurrentTimeMillis()
08-07 21:10:38.409  7814  8783 V Robocol : sending CMD_NOTIFY_OP_MODE_LIST(53), attempt: 0
08-07 21:10:38.410  7814  8781 V AppUtil : attempted to set timezone: before=Europe/Athens after=Europe/Athens
08-07 21:10:38.410  7814  8783 V Robocol : sending CMD_NOTIFY_OP_MODE_LIST(54), attempt: 0
08-07 21:10:38.411  7814  8783 V Robocol : sending CMD_NOTIFY_OP_MODE_LIST(55), attempt: 0
08-07 21:10:38.412  7814  8783 V Robocol : sending CMD_NOTIFY_OP_MODE_LIST(56), attempt: 0
08-07 21:10:38.413  7814  8779 V Robocol : received command: CMD_REQUEST_ACTIVE_CONFIG(10001) 
08-07 21:10:38.413  7814  8783 V Robocol : sending CMD_NOTIFY_USER_DEVICE_LIST(57), attempt: 0
08-07 21:10:38.415  7814  8436 V LynxModule: sending LynxFtdiResetControlCommand(true) wasInterrupted=false
08-07 21:10:38.415  7814  8783 V Robocol : sending CMD_NOTIFY_OP_MODE_LIST(58), attempt: 0
08-07 21:10:38.418  7814  8779 V Robocol : received command: CMD_REQUEST_USER_DEVICE_TYPES(10002) 
08-07 21:10:38.420  7814  8430 V SoundInfo: construct(0x09624c99)
08-07 21:10:38.420  7814  8779 V Robocol : received command: CMD_REQUEST_OP_MODE_LIST(10003) 
08-07 21:10:38.422  7814  8779 V Robocol : received command: CMD_ROBOT_CONTROLLER_PREFERENCE(10004) {"booleanValue":true,"prefName":"pref_ds_supports_5_ghz"}
08-07 21:10:38.423  7814  8779 V Robocol : received command: CMD_ROBOT_CONTROLLER_PREFERENCE(10005) {"intValue":21,"prefName":"pref_dh_os_version_code"}
08-07 21:10:38.424  7814  8783 V Robocol : sending CMD_NOTIFY_OP_MODE_LIST(59), attempt: 0
08-07 21:10:38.425  7814  8783 V Robocol : sending CMD_NOTIFY_OP_MODE_LIST(60), attempt: 0
08-07 21:10:38.426  7814  8783 V Robocol : sending CMD_NOTIFY_OP_MODE_LIST(61), attempt: 0
08-07 21:10:38.427  7814  8783 V Robocol : sending CMD_NOTIFY_OP_MODE_LIST(62), attempt: 0
08-07 21:10:38.428  7814  8783 V Robocol : sending CMD_NOTIFY_OP_MODE_LIST(63), attempt: 0
08-07 21:10:38.429  7814  8783 V Robocol : sending CMD_NOTIFY_OP_MODE_LIST(64), attempt: 0
08-07 21:10:38.430  7814  8783 V Robocol : sending CMD_NOTIFY_OP_MODE_LIST(65), attempt: 0
08-07 21:10:38.431  7814  8783 V Robocol : sending CMD_NOTIFY_OP_MODE_LIST(66), attempt: 0
08-07 21:10:38.433  7814  7825 W art     : Suspending all threads took: 10.189ms
08-07 21:10:38.443  7814  8436 V LynxModule: sendLEDPatternSteps(): steps=[Step(color=65280, msDuration=1000)]
08-07 21:10:38.444  7814  8783 V Robocol : sending CMD_NOTIFY_OP_MODE_LIST(67), attempt: 0
08-07 21:10:38.445  7814  8783 V Robocol : sending CMD_NOTIFY_OP_MODE_LIST(68), attempt: 0
08-07 21:10:38.445  7814  8783 V Robocol : sending CMD_NOTIFY_OP_MODE_LIST(69), attempt: 0
08-07 21:10:38.446  7814  8783 V Robocol : sending CMD_NOTIFY_OP_MODE_LIST(70), attempt: 0
08-07 21:10:38.447  7814  8783 V Robocol : sending CMD_NOTIFY_OP_MODE_LIST(71), attempt: 0
08-07 21:10:38.448  7814  8783 V Robocol : sending CMD_NOTIFY_OP_MODE_LIST(72), attempt: 0
08-07 21:10:38.450  7814  8783 V Robocol : sending CMD_NOTIFY_OP_MODE_LIST(73), attempt: 0
08-07 21:10:38.454  7814  8436 V LynxModule: setAsControlHubEmbeddedModule(mod=173)
08-07 21:10:38.454  7814  8436 V EmbeddedControlHubModule: setting embedded module
08-07 21:10:38.454  7814  8429 I MediaCodec: callingProcessName:com.qualcomm.ftcrobotcontroller
08-07 21:10:38.454  7814  8783 V Robocol : Giving up on command CMD_PLAY_SOUND(74) after 0 attempts
08-07 21:10:38.456  7814  8436 V LynxModule: sending LynxFtdiResetControlCommand(false) wasInterrupted=false
08-07 21:10:38.456  7814  8783 V Robocol : sending CMD_SHOW_TOAST(75), attempt: 0
08-07 21:10:38.458  7814  8783 V Robocol : sending CMD_NOTIFY_OP_MODE_LIST(76), attempt: 0
08-07 21:10:38.459  7814  8783 V Robocol : sending CMD_NOTIFY_OP_MODE_LIST(77), attempt: 0
08-07 21:10:38.460  7814  8783 V Robocol : sending CMD_NOTIFY_OP_MODE_LIST(78), attempt: 0
08-07 21:10:38.461  7814  8783 V Robocol : sending CMD_NOTIFY_OP_MODE_LIST(79), attempt: 0
08-07 21:10:38.461  7814  8436 V LynxModule: close(#173)
08-07 21:10:38.461  7814  8783 V Robocol : sending CMD_NOTIFY_OP_MODE_LIST(80), attempt: 0
08-07 21:10:38.462  7814  8783 V Robocol : sending CMD_NOTIFY_OP_MODE_LIST(81), attempt: 0
08-07 21:10:38.463  7814  8783 V Robocol : sending CMD_NOTIFY_OP_MODE_LIST(82), attempt: 0
08-07 21:10:38.464  7814  8436 V LynxUsb : Verified that the embedded Control Hub module has the correct address
08-07 21:10:38.464  7814  8783 V Robocol : sending CMD_NOTIFY_OP_MODE_LIST(83), attempt: 0
08-07 21:10:38.464  7814  8436 V LynxUsb : addConfiguredModule() module#=173
08-07 21:10:38.465  7814  8791 I ACodec  : onAllocateComponent:6752 mSoftCodecPref:0 componentName:
08-07 21:10:38.465  7814  8783 V Robocol : sending CMD_NOTIFY_OP_MODE_LIST(84), attempt: 0
08-07 21:10:38.466  7814  8436 V LynxModule: pingAndQueryKnownInterfaces mod=173
08-07 21:10:38.466  7814  8783 V Robocol : sending CMD_NOTIFY_OP_MODE_LIST(85), attempt: 0
08-07 21:10:38.467  7814  8783 V Robocol : sending CMD_NOTIFY_OP_MODE_LIST(86), attempt: 0
08-07 21:10:38.470  7814  8783 V Robocol : sending CMD_NOTIFY_OP_MODE_LIST(87), attempt: 0
08-07 21:10:38.471  7814  8783 V Robocol : sending CMD_NOTIFY_OP_MODE_LIST(88), attempt: 0
08-07 21:10:38.472  7814  8783 V Robocol : sending CMD_NOTIFY_OP_MODE_LIST(89), attempt: 0
08-07 21:10:38.473  7814  8791 I ACodec  : onAllocateComponent:6783 mSoftCodecPref:0 componentName:OMX.google.raw.decoder
08-07 21:10:38.474  7814  8783 V Robocol : sending CMD_NOTIFY_OP_MODE_LIST(90), attempt: 0
08-07 21:10:38.475  7814  8783 V Robocol : sending CMD_NOTIFY_OP_MODE_LIST(91), attempt: 0
08-07 21:10:38.479  7814  8783 V Robocol : sending CMD_NOTIFY_OP_MODE_LIST(92), attempt: 0
08-07 21:10:38.481  7814  8783 V Robocol : sending CMD_NOTIFY_OP_MODE_LIST(93), attempt: 0
08-07 21:10:38.482  7814  8783 V Robocol : sending CMD_NOTIFY_OP_MODE_LIST(94), attempt: 0
08-07 21:10:38.483  7814  8783 V Robocol : sending CMD_NOTIFY_OP_MODE_LIST(95), attempt: 0
08-07 21:10:38.486  7814  8783 V Robocol : sending CMD_NOTIFY_OP_MODE_LIST(96), attempt: 0
08-07 21:10:38.487  7814  8783 V Robocol : sending CMD_NOTIFY_USER_DEVICE_LIST(97), attempt: 0
08-07 21:10:38.489  7814  8783 V Robocol : sending CMD_NOTIFY_OP_MODE_LIST(98), attempt: 0
08-07 21:10:38.490  7814  8783 V Robocol : sending CMD_NOTIFY_OP_MODE_LIST(99), attempt: 0
08-07 21:10:38.491  7814  8783 V Robocol : sending CMD_NOTIFY_OP_MODE_LIST(100), attempt: 0
08-07 21:10:38.492  7814  8783 V Robocol : sending CMD_NOTIFY_OP_MODE_LIST(101), attempt: 0
08-07 21:10:38.493  7814  8436 V LynxModule: mod#=173 queryInterface(DEKA)=54 commands starting at 4096
08-07 21:10:38.500  7814  8783 V Robocol : sending CMD_NOTIFY_OP_MODE_LIST(102), attempt: 0
08-07 21:10:38.501  7814  8783 V Robocol : sending CMD_NOTIFY_OP_MODE_LIST(103), attempt: 0
08-07 21:10:38.503  7814  8783 V Robocol : sending CMD_NOTIFY_OP_MODE_LIST(104), attempt: 0
08-07 21:10:38.504  7814  8783 V Robocol : sending CMD_NOTIFY_OP_MODE_LIST(105), attempt: 0
08-07 21:10:38.505  7814  8436 V LynxModule: sending LynxFtdiResetControlCommand(true) wasInterrupted=false
08-07 21:10:38.505  7814  8783 V Robocol : sending CMD_SHOW_TOAST(106), attempt: 0
08-07 21:10:38.506  7814  8783 V Robocol : sending CMD_NOTIFY_ROBOT_STATE(114), attempt: 0
08-07 21:10:38.507  7814  8783 V Robocol : sending CMD_NOTIFY_ROBOT_STATE(115), attempt: 0
08-07 21:10:38.508  7814  8783 V Robocol : sending CMD_NOTIFY_ROBOT_STATE(116), attempt: 0
08-07 21:10:38.509  7814  8436 V LynxModule: sendLEDPatternSteps(): steps=[Step(color=65280, msDuration=1000)]
08-07 21:10:38.509  7814  8783 V Robocol : sending CMD_NOTIFY_ACTIVE_CONFIGURATION(117), attempt: 0
08-07 21:10:38.510  7814  8783 V Robocol : sending CMD_NOTIFY_USER_DEVICE_LIST(119), attempt: 0
08-07 21:10:38.512  7814  8783 V Robocol : sending CMD_NOTIFY_OP_MODE_LIST(120), attempt: 0
08-07 21:10:38.513  7814  8436 V LynxModule: setAsControlHubEmbeddedModule(mod=173)
08-07 21:10:38.514  7814  8436 V EmbeddedControlHubModule: setting embedded module
08-07 21:10:38.514  7814  8783 V Robocol : sending CMD_NOTIFY_USER_DEVICE_LIST(124), attempt: 0
08-07 21:10:38.516  7814  8783 V Robocol : sending CMD_ROBOT_CONTROLLER_PREFERENCE(125), attempt: 0
08-07 21:10:38.517  7814  8783 V Robocol : sending CMD_ROBOT_CONTROLLER_PREFERENCE(126), attempt: 0
08-07 21:10:38.518  7814  8783 V Robocol : sending CMD_ROBOT_CONTROLLER_PREFERENCE(127), attempt: 0
08-07 21:10:38.519  7814  8783 V Robocol : sending CMD_ROBOT_CONTROLLER_PREFERENCE(128), attempt: 0
08-07 21:10:38.519  7814  8789 V RobotCore: nack rec'd mod=173 msg#=8 ref#=0 reason=PARAM0:0
08-07 21:10:38.519  7814  8783 V Robocol : sending CMD_ROBOT_CONTROLLER_PREFERENCE(129), attempt: 0
08-07 21:10:38.520  7814  8285 V LynxModule: mod#=173 queryInterface(): interface SERVO_HUB is not supported
08-07 21:10:38.520  7814  8783 V Robocol : sending CMD_ROBOT_CONTROLLER_PREFERENCE(130), attempt: 0
08-07 21:10:38.520  7814  8285 I RobotCore: LynxFirmwareVersionManager: LynxI2cDeviceSynchV2
08-07 21:10:38.521  7814  8783 V Robocol : sending CMD_ROBOT_CONTROLLER_PREFERENCE(131), attempt: 0
08-07 21:10:38.522  7814  8783 V Robocol : sending CMD_ROBOT_CONTROLLER_PREFERENCE(132), attempt: 0
08-07 21:10:38.523  7814  8285 V LynxI2cDeviceSynch: initializeHardware() mod#=173
08-07 21:10:38.523  7814  8783 V Robocol : sending CMD_ROBOT_CONTROLLER_PREFERENCE(133), attempt: 0
08-07 21:10:38.523  7814  7940 D SoundPlayer: onLoadComplete(samp=2|ms=757, samp=2)=0
08-07 21:10:38.523  7814  8285 V BNO055  : Suppressing I2C warnings while we check for a BNO055 IMU
08-07 21:10:38.524  7814  8783 V Robocol : sending CMD_ROBOT_CONTROLLER_PREFERENCE(134), attempt: 0
08-07 21:10:38.528  7814  8430 W AudioTrack: AUDIO_OUTPUT_FLAG_FAST denied by client; transfer 4, track 48000 Hz, output 44100 Hz
08-07 21:10:38.531  7814  8783 V Robocol : sending CMD_SHOW_TOAST(2), attempt: 1
08-07 21:10:38.532  7814  8783 V Robocol : sending CMD_NOTIFY_OP_MODE_LIST(3), attempt: 1
08-07 21:10:38.533  7814  8285 V BNO055  : No BNO055 IMU found
08-07 21:10:38.535  7814  8430 D SoundPlayer: playing volume=0.000000 samp=2|ms=757
08-07 21:10:38.536  7814  8783 V Robocol : sending CMD_NOTIFY_OP_MODE_LIST(4), attempt: 1
08-07 21:10:38.543  7814  8285 V BHI260IMU: Suppressing I2C warnings while we check for a BHI260AP IMU
08-07 21:10:38.545  7814  8783 V Robocol : sending CMD_NOTIFY_USER_DEVICE_LIST(5), attempt: 1
08-07 21:10:38.547  7814  8783 V Robocol : sending CMD_NOTIFY_OP_MODE_LIST(10), attempt: 1
08-07 21:10:38.549  7814  8285 V BHI260IMU: Found BHI260AP IMU
08-07 21:10:38.549  7814  8285 V EmbeddedControlHubModule: setting embedded IMU type
08-07 21:10:38.549  7814  8436 V LynxModule: sending LynxFtdiResetControlCommand(false) wasInterrupted=false
08-07 21:10:38.549  7814  8783 V Robocol : sending CMD_NOTIFY_OP_MODE_LIST(11), attempt: 1
08-07 21:10:38.553  7814  8436 V LynxModule: close(#173)
08-07 21:10:38.554  7814  8783 V Robocol : sending CMD_NOTIFY_OP_MODE_LIST(12), attempt: 1
08-07 21:10:38.554  7814  8436 V LynxUsb : addConfiguredModule() module#=173
08-07 21:10:38.555  7814  8783 V Robocol : sending CMD_NOTIFY_OP_MODE_LIST(13), attempt: 1
08-07 21:10:38.556  7814  8436 V LynxModule: pingAndQueryKnownInterfaces mod=173
08-07 21:10:38.556  7814  8783 V Robocol : sending CMD_NOTIFY_OP_MODE_LIST(14), attempt: 1
08-07 21:10:38.557  7814  8783 V Robocol : sending CMD_NOTIFY_OP_MODE_LIST(15), attempt: 1
08-07 21:10:38.557  7814  8783 V Robocol : sending CMD_NOTIFY_OP_MODE_LIST(16), attempt: 1
08-07 21:10:38.558  7814  8783 V Robocol : sending CMD_NOTIFY_OP_MODE_LIST(17), attempt: 1
08-07 21:10:38.559  7814  8783 V Robocol : sending CMD_NOTIFY_OP_MODE_LIST(18), attempt: 1
08-07 21:10:38.560  7814  8783 V Robocol : sending CMD_NOTIFY_OP_MODE_LIST(19), attempt: 1
08-07 21:10:38.561  7814  8783 V Robocol : sending CMD_NOTIFY_OP_MODE_LIST(20), attempt: 1
08-07 21:10:38.562  7814  8783 V Robocol : sending CMD_NOTIFY_OP_MODE_LIST(21), attempt: 1
08-07 21:10:38.563  7814  8783 V Robocol : sending CMD_NOTIFY_OP_MODE_LIST(22), attempt: 1
08-07 21:10:38.564  7814  8783 V Robocol : sending CMD_NOTIFY_OP_MODE_LIST(23), attempt: 1
08-07 21:10:38.566  7814  8783 V Robocol : sending CMD_NOTIFY_OP_MODE_LIST(24), attempt: 1
08-07 21:10:38.568  7814  8783 V Robocol : sending CMD_NOTIFY_OP_MODE_LIST(25), attempt: 1
08-07 21:10:38.574  7814  8783 V Robocol : sending CMD_NOTIFY_OP_MODE_LIST(26), attempt: 1
08-07 21:10:38.575  7814  8783 V Robocol : sending CMD_NOTIFY_OP_MODE_LIST(27), attempt: 1
08-07 21:10:38.578  7814  8783 V Robocol : sending CMD_NOTIFY_OP_MODE_LIST(28), attempt: 1
08-07 21:10:38.580  7814  8783 V Robocol : sending CMD_PLAY_SOUND(169), attempt: 0
08-07 21:10:38.581  7814  8436 V LynxModule: mod#=173 queryInterface(DEKA)=54 commands starting at 4096
08-07 21:10:38.582  7814  8783 V Robocol : sending CMD_NOTIFY_USER_DEVICE_LIST(29), attempt: 1
08-07 21:10:38.586  7814  8783 V Robocol : sending CMD_NOTIFY_OP_MODE_LIST(30), attempt: 1
08-07 21:10:38.587  7814  8783 V Robocol : sending CMD_NOTIFY_OP_MODE_LIST(31), attempt: 1
08-07 21:10:38.588  7814  8783 V Robocol : sending CMD_NOTIFY_OP_MODE_LIST(32), attempt: 1
08-07 21:10:38.589  7814  8783 V Robocol : sending CMD_NOTIFY_OP_MODE_LIST(33), attempt: 1
08-07 21:10:38.599  7814  8436 V LynxModule: sending LynxFtdiResetControlCommand(true) wasInterrupted=false
08-07 21:10:38.607  7814  8436 V LynxModule: sendLEDPatternSteps(): steps=[Step(color=65280, msDuration=1000)]
08-07 21:10:38.614  7814  8436 V LynxModule: setAsControlHubEmbeddedModule(mod=173)
08-07 21:10:38.614  7814  8436 V EmbeddedControlHubModule: setting embedded module
08-07 21:10:38.617  7814  8285 I RobotCore: LynxFirmwareVersionManager: LynxI2cDeviceSynchV2
08-07 21:10:38.617  7814  8285 V LynxI2cDeviceSynch: initializeHardware() mod#=173
08-07 21:10:38.643  7814  8285 V BHI260IMU: flashFirmwareIfNecessary() alreadyFlashed=true firmwareVersion=20
08-07 21:10:38.644  7814  8436 V LynxModule: sending LynxFtdiResetControlCommand(false) wasInterrupted=false
08-07 21:10:38.647  7814  8436 V LynxModule: close(#173)
08-07 21:10:38.649  7814  8436 V HardwareFactory: createHardwareMap()
08-07 21:10:38.649  7814  8436 V EmbeddedControlHubModule: clearing embedded module
08-07 21:10:38.650  7814  8436 V ReadXMLFileHandler: auto-configuring embedded lynx USB device
08-07 21:10:38.650  7814  8436 V ConfigurationUtility: buildNewLynxUsbDevice((embedded))...
08-07 21:10:38.651  7814  8436 V ConfigurationUtility: buildLynxUsbDevice(): lynx modules: [173(true, ImuType.BHI260AP, Product.311152)]
08-07 21:10:38.651  7814  8436 V ConfigurationUtility: buildEmptyLynxModule() mod#=173...
08-07 21:10:38.652  7814  8436 V ConfigurationUtility: ...buildNewLynxUsbDevice((embedded)): 
08-07 21:10:38.652  7814  8436 V LynxUsb : 0x0cdf8d4a on 0x02cba6c0: releasing delegate to [(embedded)]
08-07 21:10:38.653  7814  8436 V LynxUsb : disarmDevice() serial=(embedded)...
08-07 21:10:38.653  7814  8436 V LynxUsb : shutting down incoming datagrams
08-07 21:10:38.746  7814  8789 V RobotCore: thread: ...terminating 'lynx incoming datagrams'
08-07 21:10:38.747  7814  8436 V RobotUsbDeviceTTY: closing serial=(embedded) file=/dev/ttyS1
08-07 21:10:38.749  7814  8436 V SerialPortNative: [SerialPort.cpp:254] close(osfd = 110)
08-07 21:10:38.749  7814  8436 V LynxUsb : ...done disarmDevice()
08-07 21:10:38.749  7814  8436 W EventLoopManager: Caught exception during looper init: java.lang.ClassCastException: com.qualcomm.robotcore.hardware.configuration.BuiltInConfigurationType cannot be cast to com.qualcomm.robotcore.hardware.configuration.typecontainers.ServoConfigurationType
08-07 21:10:38.751  7814  8780 W art     : Long monitor contention with owner RobotSetupRunnable.run() (8436) at java.lang.StringBuilder java.lang.StringBuilder.append(java.lang.String)(StringBuilder.java:133) waiters=0 in org.firstinspires.ftc.robotcore.internal.network.CallbackResult com.qualcomm.robotcore.eventloop.EventLoopManager.commandEvent(com.qualcomm.robotcore.robocol.Command) for 337ms
08-07 21:10:38.753  7814  8436 E EventLoopManager: java.lang.ClassCastException: com.qualcomm.robotcore.hardware.configuration.BuiltInConfigurationType cannot be cast to com.qualcomm.robotcore.hardware.configuration.typecontainers.ServoConfigurationType
08-07 21:10:38.754  7814  8436 E EventLoopManager: 	at com.qualcomm.robotcore.hardware.configuration.ConfigurationTypeManager.getStandardServoType(ConfigurationTypeManager.java:189)
08-07 21:10:38.755  7814  8436 E EventLoopManager: 	at com.qualcomm.robotcore.hardware.configuration.typecontainers.ServoConfigurationType.getStandardServoType(ServoConfigurationType.java:86)
08-07 21:10:38.756  7814  8436 E EventLoopManager: 	at com.qualcomm.robotcore.hardware.configuration.ConfigurationUtility.buildEmptyServos(ConfigurationUtility.java:410)
08-07 21:10:38.756  7814  8436 E EventLoopManager: 	at com.qualcomm.robotcore.hardware.configuration.LynxModuleConfiguration.<init>(LynxModuleConfiguration.java:81)
08-07 21:10:38.757  7814  8436 E EventLoopManager: 	at com.qualcomm.robotcore.hardware.configuration.ConfigurationUtility.buildEmptyLynxModule(ConfigurationUtility.java:422)
08-07 21:10:38.758  7814  8436 E EventLoopManager: 	at com.qualcomm.robotcore.hardware.configuration.ConfigurationUtility.buildNewLynxModule(ConfigurationUtility.java:322)
08-07 21:10:38.758  7814  8436 E EventLoopManager: 	at com.qualcomm.robotcore.hardware.configuration.ConfigurationUtility.buildNewLynxUsbDevice(ConfigurationUtility.java:265)
08-07 21:10:38.759  7814  8436 E EventLoopManager: 	at com.qualcomm.robotcore.hardware.configuration.ConfigurationUtility.buildNewEmbeddedLynxUsbDevice(ConfigurationUtility.java:378)
08-07 21:10:38.760  7814  8436 E EventLoopManager: 	at com.qualcomm.robotcore.hardware.configuration.ReadXMLFileHandler.addEmbeddedLynxModuleIfNecessary(ReadXMLFileHandler.java:183)
08-07 21:10:38.760  7814  8436 E EventLoopManager: 	at com.qualcomm.robotcore.hardware.configuration.ReadXMLFileHandler.parseDocument(ReadXMLFileHandler.java:129)
08-07 21:10:38.761  7814  8436 E EventLoopManager: 	at com.qualcomm.robotcore.hardware.configuration.ReadXMLFileHandler.parse(ReadXMLFileHandler.java:95)
08-07 21:10:38.761  7814  8783 V Robocol : sending CMD_NOTIFY_ACTIVE_CONFIGURATION(263), attempt: 0
08-07 21:10:38.763  7814  8436 E EventLoopManager: 	at com.qualcomm.hardware.HardwareFactory.createHardwareMap(HardwareFactory.java:144)
08-07 21:10:38.763  7814  8436 E EventLoopManager: 	at com.qualcomm.ftccommon.FtcEventLoopHandler.getHardwareMap(FtcEventLoopHandler.java:165)
08-07 21:10:38.764  7814  8436 E EventLoopManager: 	at com.qualcomm.ftccommon.FtcEventLoop.init(FtcEventLoop.java:248)
08-07 21:10:38.764  7814  8436 E EventLoopManager: 	at com.qualcomm.robotcore.eventloop.EventLoopManager.startEventLoop(EventLoopManager.java:598)
08-07 21:10:38.765  7814  8436 E EventLoopManager: 	at com.qualcomm.robotcore.eventloop.EventLoopManager.setEventLoop(EventLoopManager.java:572)
08-07 21:10:38.765  7814  8436 E EventLoopManager: 	at com.qualcomm.robotcore.eventloop.EventLoopManager.start(EventLoopManager.java:514)
08-07 21:10:38.766  7814  8436 E EventLoopManager: 	at com.qualcomm.robotcore.robot.Robot.start(Robot.java:59)
08-07 21:10:38.767  7814  8436 E EventLoopManager: 	at com.qualcomm.ftccommon.FtcRobotControllerService$RobotSetupRunnable.startRobot(FtcRobotControllerService.java:281)
08-07 21:10:38.767  7814  8436 E EventLoopManager: 	at com.qualcomm.ftccommon.FtcRobotControllerService$RobotSetupRunnable$1.run(FtcRobotControllerService.java:300)
08-07 21:10:38.768  7814  8436 E EventLoopManager: 	at com.qualcomm.robotcore.util.ThreadPool.logThreadLifeCycle(ThreadPool.java:737)
08-07 21:10:38.769  7814  8436 E EventLoopManager: 	at com.qualcomm.ftccommon.FtcRobotControllerService$RobotSetupRunnable.run(FtcRobotControllerService.java:291)
08-07 21:10:38.769  7814  8436 E EventLoopManager: 	at java.util.concurrent.Executors$RunnableAdapter.call(Executors.java:428)
08-07 21:10:38.770  7814  8436 E EventLoopManager: 	at java.util.concurrent.FutureTask.run(FutureTask.java:237)
08-07 21:10:38.770  7814  8436 E EventLoopManager: 	at java.util.concurrent.ThreadPoolExecutor.runWorker(ThreadPoolExecutor.java:1133)
08-07 21:10:38.771  7814  8436 E EventLoopManager: 	at java.util.concurrent.ThreadPoolExecutor$Worker.run(ThreadPoolExecutor.java:607)
08-07 21:10:38.772  7814  8436 E EventLoopManager: 	at com.qualcomm.robotcore.util.ThreadPool$ThreadFactoryImpl$1.run(ThreadPool.java:793)
08-07 21:10:38.772  7814  8436 E EventLoopManager: 	at java.lang.Thread.run(Thread.java:761)
08-07 21:10:38.773  7814  8436 V RobotCore: EventLoopManager state is EMERGENCY_STOP
08-07 21:10:38.773  7814  8436 V RobotCore: Robot Status: EMERGENCY STOP, starting robot
08-07 21:10:38.774  7814  8436 D RobotCore: system telemetry: key=$System$Error$ msg="Class Servo annotated with @com.qualcomm.robotcore.hardware.configuration.annotations.ServoTypes(value=[@com.qualcomm.robotcore.hardware.configuration.annotations.ServoType(flavor=STANDARD, usPulseFrameRate=20000.0, usPulseLower=600.0, usPulseUpper=2400.0, xmlTag=Servo), @com.qualcomm.robotcore.hardware.configuration.annotations.ServoType(flavor=STANDARD, usPulseFrameRate=20000.0, usPulseLower=500.0, usPulseUpper=2500.0, xmlTag=ServoFullRange)]) is missing @DeviceProperties annotation."
08-07 21:10:38.778  7814  8436 V RobotCore: Robot Status: EMERGENCY STOP, unable to start robot
08-07 21:10:38.779  7814  8436 D FTCService: Detecting Wi-Fi reset
08-07 21:10:38.780  7814  8436 D RobotControllerAccessPointAssistant: detectWifiReset button=false
08-07 21:10:38.781  7814  8436 V RobotCore: thread: ...terminating 'RobotSetupRunnable.run()'
08-07 21:10:38.802  7814  8783 V Robocol : sending CMD_NOTIFY_USER_DEVICE_LIST(266), attempt: 0
08-07 21:10:38.804  7814  8783 V Robocol : sending CMD_NOTIFY_ROBOT_STATE(268), attempt: 0
08-07 21:10:38.804  7814  8783 V Robocol : sending CMD_NOTIFY_OP_MODE_LIST(270), attempt: 0
08-07 21:10:38.805  7814  8783 V Robocol : sending CMD_SHOW_TOAST(272), attempt: 0
08-07 21:10:40.755  7814  8462 V SessionCookie: added SessionCookie: cookie=00542096-da00-40c1-a2e1-f242e0c9846a uri='/js/rcInfo.json'
08-07 21:10:40.755  7814  8462 I RobotCore: B-it.M-o!#2024.
