08-07 21:10:29.550  7814  8292 V SinisterRegisteredOpModes: registered supplier as {Curved Back And Forth}
08-07 21:10:29.553  7814  8292 V SinisterRegisteredOpModes: registered supplier as {Straight Back And Forth}
08-07 21:10:29.556  7814  8292 V Sinister: finished scanner dev.frozenmilk.sinister.sdk.opmodes.TeleopAutonomousOpModeScanner
08-07 21:10:29.556  7814  8292 V Sinister: running scanner dev.frozenmilk.sinister.sdk.apphooks.SinisterOpModeRegistrarScanner
08-07 21:10:29.590  7814  8292 V Sinister: finished scanner dev.frozenmilk.sinister.sdk.apphooks.SinisterOpModeRegistrarScanner
08-07 21:10:29.590  7814  8292 V Sinister: running scanner com.acmerobotics.dashboard.FtcDashboardScanner
08-07 21:10:29.594  7814  8292 V FtcDashboardScanner: Registering @Config class org.firstinspires.ftc.teamcode.Utils.GeneralTuners.ColorSensorTuning named ColorSensorTuning
08-07 21:10:29.595  7814  8292 V FtcDashboardScanner: Registering @Config class org.firstinspires.ftc.teamcode.Utils.GeneralTuners.MotorTuner named MotorTuner
08-07 21:10:29.596  7814  8292 V FtcDashboardScanner: Registering @Config class org.firstinspires.ftc.teamcode.Utils.GeneralTuners.ServoTuner named ServoTuner
08-07 21:10:29.606  7814  8292 V FtcDashboardScanner: Registering @Config class org.firstinspires.ftc.teamcode.itdbot.Limelight.LimelightAutoAlignDependenciesAndClasses.Vision named Vision
08-07 21:10:29.611  7814  8292 V FtcDashboardScanner: Registering @Config class org.firstinspires.ftc.teamcode.itdbot.SUBSYSTEMS.BBC.FSM.Subsystem.BBC_Nationale named BBC_Nationale
08-07 21:10:29.615  7814  8292 V FtcDashboardScanner: Registering @Config class org.firstinspires.ftc.teamcode.itdbot.SUBSYSTEMS.Linkage.LinkageSelector named LinkageSelector
08-07 21:10:29.616  7814  8292 V FtcDashboardScanner: Registering @Config class org.firstinspires.ftc.teamcode.itdbot.SUBSYSTEMS.Linkage.SmoothLinkageSub named SmoothLinkageSub
08-07 21:10:29.621  7814  8292 V FtcDashboardScanner: Registering @Config class org.firstinspires.ftc.teamcode.itdbot.TeleOps.TeleOp named TeleOp
08-07 21:10:29.622  7814  8292 V FtcDashboardScanner: Registering @Config class org.firstinspires.ftc.teamcode.pedroPathing.examples.Circle named Circle
08-07 21:10:29.623  7814  8292 V FtcDashboardScanner: Registering @Config class org.firstinspires.ftc.teamcode.pedroPathing.tuners_tests.automatic.ForwardVelocityTuner named ForwardVelocityTuner
08-07 21:10:29.623  7814  8292 V FtcDashboardScanner: Registering @Config class org.firstinspires.ftc.teamcode.pedroPathing.tuners_tests.automatic.ForwardZeroPowerAccelerationTuner named ForwardZeroPowerAccelerationTuner
08-07 21:10:29.624  7814  8292 V FtcDashboardScanner: Registering @Config class org.firstinspires.ftc.teamcode.pedroPathing.tuners_tests.automatic.LateralZeroPowerAccelerationTuner named LateralZeroPowerAccelerationTuner
08-07 21:10:29.624  7814  8292 V FtcDashboardScanner: Registering @Config class org.firstinspires.ftc.teamcode.pedroPathing.tuners_tests.automatic.StrafeVelocityTuner named StrafeVelocityTuner
08-07 21:10:29.626  7814  8292 V FtcDashboardScanner: Registering @Config class org.firstinspires.ftc.teamcode.pedroPathing.tuners_tests.localization.LocalizationTest named LocalizationTest
08-07 21:10:29.627  7814  8292 V FtcDashboardScanner: Registering @Config class org.firstinspires.ftc.teamcode.pedroPathing.tuners_tests.pid.CurvedBackAndForth named CurvedBackAndForth
08-07 21:10:29.627  7814  8292 V FtcDashboardScanner: Registering @Config class org.firstinspires.ftc.teamcode.pedroPathing.tuners_tests.pid.StraightBackAndForth named StraightBackAndForth
08-07 21:10:29.628  7814  8292 V FtcDashboardScanner: updating OpMode List
08-07 21:10:29.628  7814  8292 V Sinister: finished scanner com.acmerobotics.dashboard.FtcDashboardScanner
08-07 21:10:29.629  7814  7814 V SlothTeamCodeLoader: Processed TeamCode Load
08-07 21:10:29.630  7814  7814 V RCActivity: onStart()
08-07 21:10:29.633  7814  7814 V RCActivity: onResume()
08-07 21:10:29.651  7814  7814 V NetDiscover_prefremrc: onSharedPreferenceChanged(name=App Restrictions, value=AAAAAA==
08-07 21:10:29.651  7814  7814 V NetDiscover_prefremrc: )
08-07 21:10:29.668  7814  7814 V FtcRobotControllerWatchdogService: onCreate()
08-07 21:10:29.670  7814  7814 V FtcRobotControllerWatchdogService: onStartCommand() intent=Intent { cmp=com.qualcomm.ftcrobotcontroller/org.firstinspires.ftc.ftccommon.internal.FtcRobotControllerWatchdogService } flags=0x0 startId=1
08-07 21:10:29.670  7814  7814 V FtcRobotControllerWatchdogService: shouldAutoLauchRobotController() result=true
08-07 21:10:29.672  7814  7814 V FTCService: onCreate()
08-07 21:10:29.691  7814  7855 V Sinister: Failed to open DexFile: java.io.IOException: No original dex files found for dex location /storage/emulated/0/FIRST/dairy/sloth/loaded.jar, trying again...
08-07 21:10:29.693  7814  7855 V Sinister: Failed to open DexFile: java.io.IOException: No original dex files found for dex location /storage/emulated/0/FIRST/dairy/sloth/loaded.jar, trying again...
08-07 21:10:29.695  7814  7855 V Sinister: Failed to open DexFile: java.io.IOException: No original dex files found for dex location /storage/emulated/0/FIRST/dairy/sloth/loaded.jar, trying again...
08-07 21:10:29.697  7814  7855 V Sinister: Failed to open DexFile: java.io.IOException: No original dex files found for dex location /storage/emulated/0/FIRST/dairy/sloth/loaded.jar, trying again...
08-07 21:10:29.699  7814  7855 V Sinister: Failed to open DexFile: java.io.IOException: No original dex files found for dex location /storage/emulated/0/FIRST/dairy/sloth/loaded.jar, trying again...
08-07 21:10:29.700  7814  7855 V Sinister: Failed to open DexFile: java.io.IOException: No original dex files found for dex location /storage/emulated/0/FIRST/dairy/sloth/loaded.jar, trying again...
08-07 21:10:29.702  7814  7855 V Sinister: Failed to open DexFile: java.io.IOException: No original dex files found for dex location /storage/emulated/0/FIRST/dairy/sloth/loaded.jar, trying again...
08-07 21:10:29.704  7814  7855 V Sinister: Failed to open DexFile: java.io.IOException: No original dex files found for dex location /storage/emulated/0/FIRST/dairy/sloth/loaded.jar, trying again...
08-07 21:10:29.707  7814  7855 V Sinister: Failed to open DexFile: java.io.IOException: No original dex files found for dex location /storage/emulated/0/FIRST/dairy/sloth/loaded.jar, trying again...
08-07 21:10:29.709  7814  7855 V Sinister: Failed to open DexFile: java.io.IOException: No original dex files found for dex location /storage/emulated/0/FIRST/dairy/sloth/loaded.jar, trying again...
08-07 21:10:29.711  7814  7855 V Sinister: Failed to open DexFile: java.io.IOException: No original dex files found for dex location /storage/emulated/0/FIRST/dairy/sloth/loaded.jar, trying again...
08-07 21:10:29.712  7814  7855 V Sinister: Failed to open DexFile: java.io.IOException: No original dex files found for dex location /storage/emulated/0/FIRST/dairy/sloth/loaded.jar, trying again...
08-07 21:10:29.714  7814  7855 V Sinister: Failed to open DexFile: java.io.IOException: No original dex files found for dex location /storage/emulated/0/FIRST/dairy/sloth/loaded.jar, trying again...
08-07 21:10:29.716  7814  7855 V Sinister: Failed to open DexFile: java.io.IOException: No original dex files found for dex location /storage/emulated/0/FIRST/dairy/sloth/loaded.jar, trying again...
08-07 21:10:29.719  7814  7855 V Sinister: Failed to open DexFile: java.io.IOException: No original dex files found for dex location /storage/emulated/0/FIRST/dairy/sloth/loaded.jar, trying again...
08-07 21:10:29.721  7814  7855 V Sinister: Failed to open DexFile: java.io.IOException: No original dex files found for dex location /storage/emulated/0/FIRST/dairy/sloth/loaded.jar, trying again...
08-07 21:10:29.723  7814  7855 V Sinister: Failed to open DexFile: java.io.IOException: No original dex files found for dex location /storage/emulated/0/FIRST/dairy/sloth/loaded.jar, trying again...
08-07 21:10:29.725  7814  7855 V Sinister: Failed to open DexFile: java.io.IOException: No original dex files found for dex location /storage/emulated/0/FIRST/dairy/sloth/loaded.jar, trying again...
08-07 21:10:29.727  7814  7855 V Sinister: Failed to open DexFile: java.io.IOException: No original dex files found for dex location /storage/emulated/0/FIRST/dairy/sloth/loaded.jar, trying again...
08-07 21:10:29.729  7814  7814 V FTCService: onBind()
08-07 21:10:29.732  7814  7855 V Sinister: Failed to open DexFile: java.io.IOException: No original dex files found for dex location /storage/emulated/0/FIRST/dairy/sloth/loaded.jar, trying again...
08-07 21:10:29.735  7814  7855 V Sinister: Failed to open DexFile: java.io.IOException: No original dex files found for dex location /storage/emulated/0/FIRST/dairy/sloth/loaded.jar, trying again...
08-07 21:10:29.741  7814  7855 V Sinister: Failed to open DexFile: java.io.IOException: No original dex files found for dex location /storage/emulated/0/FIRST/dairy/sloth/loaded.jar, trying again...
08-07 21:10:29.743  7814  7855 V Sinister: Failed to open DexFile: java.io.IOException: No original dex files found for dex location /storage/emulated/0/FIRST/dairy/sloth/loaded.jar, trying again...
08-07 21:10:29.755  7814  7855 V Sinister: Failed to open DexFile: java.io.IOException: No original dex files found for dex location /storage/emulated/0/FIRST/dairy/sloth/loaded.jar, trying again...
08-07 21:10:29.755  7814  7814 V CoreRobotWebServer: creating NanoHTTPD(8080)
08-07 21:10:29.758  7814  7814 V WebSocketManager: Registered broadcast-only namespace progress
08-07 21:10:29.765  7814  7814 V WebSocketManager: Registered handler for namespace ControlHubUpdater
08-07 21:10:29.766  7814  7814 V RobotCore: Getting network assistant of type: RCWIRELESSAP
08-07 21:10:29.768  7814  7814 I RobotControllerAccessPointAssistant: Enabling network services
08-07 21:10:29.770  7814  7814 I RobotControllerAccessPointAssistant: Sending SSID and password to AP service
08-07 21:10:29.771  7814  7814 I RobotCore: B-it.M-o!#2024.
08-07 21:10:29.771  7814  7814 D RobotControllerAccessPointAssistant: setNetworkProperties(deviceName=20965-RC, password=B-it.M-o!#2024., ApChannel=null) sendSettingsIndividually=false
08-07 21:10:29.771  7814  7814 I NetDiscover_ControlHubNameManager: Robot controller name: 20965-RC
08-07 21:10:29.772  7814  7814 I ControlHubPasswordManager: Robot controller password: B-it.M-o!#2024.
08-07 21:10:29.772  7814  7814 D RobotControllerAccessPointAssistant: Sending bulk settings broadcast intent
08-07 21:10:29.844  7814  7855 W System  : ClassLoader referenced unknown path: 
08-07 21:10:29.846  7814  7855 V SlothTeamCodeLoader: Staged Sloth Load
08-07 21:10:29.846  7814  7855 V OnBotLoadEventHandler: Handling staging of load event
08-07 21:10:29.846  7814  7855 V OnBotLoadEventHandler: Releasing event from before robot finished starting
08-07 21:10:29.846  7814  7855 D SlothTeamCodeLoader: Attempting to unload previous Sloth Load, stage: Released
08-07 21:10:29.846  7814  7855 V SlothTeamCodeLoader: Unloading TeamCode Load
08-07 21:10:29.847  7814  8170 V Sinister: notifying that app is alive
08-07 21:10:29.852  7814  8413 I OpenGLRenderer: Initialized EGL, version 1.4
08-07 21:10:29.852  7814  8413 D OpenGLRenderer: Swap behavior 1
08-07 21:10:29.858  7814  7814 I RobotControllerAccessPointAssistant: Wi-Fi state change:, wifiApState: 13
08-07 21:10:29.858  7814  7814 I FTCService: onNetworkConnectionEvent: CONNECTION_INFO_AVAILABLE
08-07 21:10:29.859  7814  7814 I RobotCore: B-it.M-o!#2024.
08-07 21:10:29.859  7814  7814 I FTCService: Network Connection Passphrase: B-it.M-o!#2024.
08-07 21:10:29.859  7814  7814 V CoreRobotWebServer: starting port=8080
08-07 21:10:29.871  7814  7814 V RobotCore: Getting network assistant of type: RCWIRELESSAP
08-07 21:10:29.871  7814  7814 V CoreRobotWebServer: started port=8080
08-07 21:10:29.872  7814  7814 V FTCService: RCActivity.controllerService=bound
08-07 21:10:29.872  7814  7814 V UpdateUI: Network: active, disconnected
08-07 21:10:29.873  7814  7814 V RobotCore: Robot Status: stopped
08-07 21:10:29.880  7814  8425 V TooTallWebSocketServer: Started WebSocket server on port 8081
08-07 21:10:29.901  7814  7855 V Sinister: running scanners for unload
08-07 21:10:29.902  7814  8292 V Sinister: running scanner dev.frozenmilk.sinister.sdk.BlocksClassScanner
08-07 21:10:29.908  7814  8289 V Sinister: running scanner dev.frozenmilk.sinister.sdk.ConfigurationTypeScanner
08-07 21:10:29.909  7814  8185 V Sinister: running scanner dev.frozenmilk.sinister.sdk.apphooks.OnCreateEventLoopScanner
08-07 21:10:29.910  7814  8284 V Sinister: running scanner dev.frozenmilk.sinister.sdk.IdResFilter
08-07 21:10:29.911  7814  8432 V Sinister: running scanner dev.frozenmilk.sinister.sdk.opmodes.TeleopAutonomousOpModeScanner
08-07 21:10:29.912  7814  8290 V Sinister: running scanner dev.frozenmilk.sinister.sdk.IdTemplateResFilter
08-07 21:10:29.912  7814  8288 V Sinister: running scanner dev.frozenmilk.sinister.sdk.apphooks.SDKOpModeRegistrar
08-07 21:10:29.915  7814  8283 V Sinister: running scanner dev.frozenmilk.sinister.sdk.apphooks.OnCreateScanner
08-07 21:10:29.915  7814  8286 V Sinister: running scanner dev.frozenmilk.sinister.sdk.apphooks.OnCreateMenuScanner
08-07 21:10:29.918  7814  8287 V Sinister: running scanner dev.frozenmilk.sinister.sdk.apphooks.OnDestroyScanner
08-07 21:10:29.920  7814  7814 V OnCreateEventLoopScanner: Running Hooks, params: org.firstinspires.ftc.robotcontroller.internal.FtcRobotControllerActivity@ee85c36, com.qualcomm.ftccommon.FtcEventLoop@b7072da
08-07 21:10:29.920  7814  7814 V OnCreateEventLoopScanner: running OnCreateEventLoop hook com.acmerobotics.dashboard.FtcDashboard$4@992eaa4
08-07 21:10:29.921  7814  7814 V OnCreateEventLoopScanner: running OnCreateEventLoop hook dev.frozenmilk.sinister.sdk.ConfigurationTypeScanner@c1f7e67
08-07 21:10:29.921  7814  7814 V OnCreateEventLoopScanner: running OnCreateEventLoop hook dev.frozenmilk.sinister.sdk.apphooks.OnCreateScanner$CALLSITE@927fe9f
08-07 21:10:29.921  7814  7814 V OnCreateScanner: Replacing OnCreate hooks with shim
08-07 21:10:29.921  7814  7814 V OnCreateEventLoopScanner: running OnCreateEventLoop hook dev.frozenmilk.sinister.util.OnBotLoadEventHandler$OnCreateEventLoopHook@3960bec
08-07 21:10:29.921  7814  7814 V OnCreateEventLoopScanner: running OnCreateEventLoop hook public static void org.firstinspires.ftc.ftccommon.internal.manualcontrol.ManualControlOpMode.updateOpModeManager(android.content.Context,com.qualcomm.ftccommon.FtcEventLoop)
08-07 21:10:29.922  7814  8291 V Sinister: running scanner dev.frozenmilk.sinister.sdk.apphooks.SinisterOpModeRegistrarScanner
08-07 21:10:29.923  7814  8436 V RobotCore: thread: 'RobotSetupRunnable.run()' starting...
08-07 21:10:29.923  7814  8436 V FTCService: Processing robot setup
08-07 21:10:29.923  7814  8436 V RobotCore: Robot Status: stopped, scanning for USB devices
08-07 21:10:29.925  7814  8285 V Sinister: running scanner dev.frozenmilk.sinister.sdk.apphooks.WebHandlerRegistrarScanner
08-07 21:10:29.987  7814  8289 V ConfigurationTypeScanner: registering com.qualcomm.robotcore.hardware.configuration.typecontainers.I2cDeviceConfigurationType@4a16c25 as goBILDA Pinpoint Odometry Computer
08-07 21:10:29.988  7814  8289 V ConfigurationTypeScanner: registering com.qualcomm.robotcore.hardware.configuration.typecontainers.I2cDeviceConfigurationType@14c81fa as SparkFun OTOS Corrected
08-07 21:10:29.988  7814  8289 V ConfigurationTypeScanner: registering com.qualcomm.robotcore.hardware.configuration.typecontainers.I2cDeviceConfigurationType@e89b3ab as Adafruit IMU
08-07 21:10:29.988  7814  8289 V ConfigurationTypeScanner: registering com.qualcomm.robotcore.hardware.configuration.typecontainers.I2cDeviceConfigurationType@6a1ca08 as Adafruit IMU
08-07 21:10:29.988  7814  8289 V ConfigurationTypeScanner: registering com.qualcomm.robotcore.hardware.configuration.typecontainers.I2cDeviceConfigurationType@8a1a5a1 as REV internal IMU (BHI260AP)
08-07 21:10:29.989  7814  8289 V ConfigurationTypeScanner: registering com.qualcomm.robotcore.hardware.configuration.typecontainers.I2cDeviceConfigurationType@8d0c3c6 as HuskyLens
08-07 21:10:29.989  7814  8289 V ConfigurationTypeScanner: registering com.qualcomm.robotcore.hardware.configuration.typecontainers.I2cDeviceConfigurationType@daddf87 as OctoQuadFTC
08-07 21:10:29.989  7814  8289 V ConfigurationTypeScanner: registering com.qualcomm.robotcore.hardware.configuration.typecontainers.I2cDeviceConfigurationType@68d7eb4 as goBILDA Pinpoint Odometry Computer
08-07 21:10:29.992  7814  8289 V ConfigurationTypeScanner: registering com.qualcomm.robotcore.hardware.configuration.typecontainers.I2cDeviceConfigurationType@a11fadd as navX Micro
08-07 21:10:29.992  7814  8289 V ConfigurationTypeScanner: registering com.qualcomm.robotcore.hardware.configuration.typecontainers.I2cDeviceConfigurationType@8055652 as REV internal IMU (BNO055)
08-07 21:10:29.994  7814  8289 V ConfigurationTypeScanner: registering com.qualcomm.robotcore.hardware.configuration.typecontainers.I2cDeviceConfigurationType@ffeed23 as REV internal IMU (BNO055)
08-07 21:10:29.994  7814  8289 V ConfigurationTypeScanner: registering com.qualcomm.robotcore.hardware.configuration.typecontainers.I2cDeviceConfigurationType@7ddd220 as MaxSonar I2CXL
08-07 21:10:29.994  7814  8289 V ConfigurationTypeScanner: registering com.qualcomm.robotcore.hardware.configuration.typecontainers.AnalogSensorConfigurationType@43867d9 as MR Optical Distance Sensor
08-07 21:10:29.994  7814  8289 V ConfigurationTypeScanner: registering com.qualcomm.robotcore.hardware.configuration.typecontainers.I2cDeviceConfigurationType@67e859e as MR Compass Sensor
08-07 21:10:29.994  7814  8289 V ConfigurationTypeScanner: registering com.qualcomm.robotcore.hardware.configuration.typecontainers.I2cDeviceConfigurationType@6c9387f as MR Range Sensor
08-07 21:10:29.995  7814  8289 V ConfigurationTypeScanner: registering com.qualcomm.robotcore.hardware.configuration.typecontainers.AnalogSensorConfigurationType@41df04c as MR Touch Sensor
08-07 21:10:29.995  7814  8289 V ConfigurationTypeScanner: registering com.qualcomm.robotcore.hardware.configuration.typecontainers.MotorConfigurationType@6bea895 as GoBILDA 5201 series
08-07 21:10:29.996  7814  8289 V ConfigurationTypeScanner: registering com.qualcomm.robotcore.hardware.configuration.typecontainers.MotorConfigurationType@ec95daa as GoBILDA 5202/3/4 series
08-07 21:10:29.996  7814  8289 V ConfigurationTypeScanner: registering com.qualcomm.robotcore.hardware.configuration.typecontainers.MotorConfigurationType@1c2dd9b as Matrix 12v Motor
08-07 21:10:29.996  7814  8289 V ConfigurationTypeScanner: registering com.qualcomm.robotcore.hardware.configuration.typecontainers.MotorConfigurationType@5fc538 as NeveRest 20 Gearmotor
08-07 21:10:29.996  7814  8289 V ConfigurationTypeScanner: registering com.qualcomm.robotcore.hardware.configuration.typecontainers.MotorConfigurationType@82e3911 as NeveRest 3.7 v1 Gearmotor
08-07 21:10:29.999  7814  7814 V WebSocketManager: Registered handler for namespace ONBOTJAVA
08-07 21:10:29.999  7814  7814 V WebHandlerRegistrarScanner: Running Hooks, params: org.firstinspires.ftc.robotcontroller.internal.FtcRobotControllerActivity@ee85c36, org.firstinspires.ftc.robotserver.internal.webserver.RobotWebHandlerManager@9af4883
08-07 21:10:29.999  7814  7814 V WebHandlerRegistrarScanner: running WebHandlerRegistrar hook com.acmerobotics.dashboard.FtcDashboard$3@4cea009
08-07 21:10:29.997  7814  8289 V ConfigurationTypeScanner: registering com.qualcomm.robotcore.hardware.configuration.typecontainers.MotorConfigurationType@537aa76 as NeveRest 40 Gearmotor
08-07 21:10:30.005  7814  8289 V ConfigurationTypeScanner: registering com.qualcomm.robotcore.hardware.configuration.typecontainers.MotorConfigurationType@be7b877 as NeveRest 60 Gearmotor
08-07 21:10:30.005  7814  8289 V ConfigurationTypeScanner: registering com.qualcomm.robotcore.hardware.configuration.typecontainers.MotorConfigurationType@ee7fce4 as REV Robotics 20:1 HD Hex Motor
08-07 21:10:30.005  7814  8289 V ConfigurationTypeScanner: registering com.qualcomm.robotcore.hardware.configuration.typecontainers.MotorConfigurationType@42c554d as REV Robotics 40:1 HD Hex Motor
08-07 21:10:30.005  7814  8289 V ConfigurationTypeScanner: registering com.qualcomm.robotcore.hardware.configuration.typecontainers.MotorConfigurationType@f6bf802 as REV Robotics Core Hex Motor
08-07 21:10:30.005  7814  8289 V ConfigurationTypeScanner: registering com.qualcomm.robotcore.hardware.configuration.typecontainers.MotorConfigurationType@a156513 as REV Robotics UltraPlanetary HD Hex Motor
08-07 21:10:30.005  7814  8289 V ConfigurationTypeScanner: registering com.qualcomm.robotcore.hardware.configuration.typecontainers.MotorConfigurationType@f9a0350 as Studica Maverick
08-07 21:10:30.005  7814  8289 V ConfigurationTypeScanner: registering com.qualcomm.robotcore.hardware.configuration.typecontainers.MotorConfigurationType@175f949 as Tetrix Motor
08-07 21:10:30.006  7814  8289 V ConfigurationTypeScanner: registering com.qualcomm.robotcore.hardware.configuration.typecontainers.I2cDeviceConfigurationType@8a5924e as REV 2M Distance Sensor
08-07 21:10:30.006  7814  8289 V ConfigurationTypeScanner: registering com.qualcomm.robotcore.hardware.configuration.typecontainers.I2cDeviceConfigurationType@7673f6f as REV 9-Axis IMU
08-07 21:10:30.006  7814  8289 V ConfigurationTypeScanner: registering com.qualcomm.robotcore.hardware.configuration.typecontainers.ServoConfigurationType@b24047c as REV Blinkin LED Driver
08-07 21:10:30.006  7814  8289 V ConfigurationTypeScanner: registering com.qualcomm.robotcore.hardware.configuration.typecontainers.I2cDeviceConfigurationType@b9be105 as REV Color Sensor V3
08-07 21:10:30.006  7814  8289 V ConfigurationTypeScanner: registering com.qualcomm.robotcore.hardware.configuration.typecontainers.ServoConfigurationType@ecc855a as REV SPARKmini Controller
08-07 21:10:30.006  7814  8289 V ConfigurationTypeScanner: registering com.qualcomm.robotcore.hardware.configuration.typecontainers.DigitalIoDeviceConfigurationType@b52638b as REV Touch Sensor
08-07 21:10:30.006  7814  8289 V ConfigurationTypeScanner: registering com.qualcomm.robotcore.hardware.configuration.typecontainers.I2cDeviceConfigurationType@4eaec68 as SparkFun QWIIC LED Stick
08-07 21:10:30.006  7814  8289 V ConfigurationTypeScanner: registering com.qualcomm.robotcore.hardware.configuration.typecontainers.I2cDeviceConfigurationType@c7e8881 as SparkFun OTOS
08-07 21:10:30.006  7814  8289 V ConfigurationTypeScanner: registering com.qualcomm.robotcore.hardware.configuration.typecontainers.AnalogSensorConfigurationType@43d9d26 as Analog Input
08-07 21:10:30.006  7814  8289 V ConfigurationTypeScanner: registering com.qualcomm.robotcore.hardware.configuration.typecontainers.ServoConfigurationType@581ad67 as Continuous Rotation Servo
08-07 21:10:30.006  7814  8289 V ConfigurationTypeScanner: registering com.qualcomm.robotcore.hardware.configuration.typecontainers.DigitalIoDeviceConfigurationType@fb66714 as Digital Device
08-07 21:10:30.006  7814  8289 V ConfigurationTypeScanner: registering com.qualcomm.robotcore.hardware.configuration.typecontainers.DigitalIoDeviceConfigurationType@18a2bbd as LED
08-07 21:10:30.006  7814  8289 V ConfigurationTypeScanner: registering com.qualcomm.robotcore.hardware.configuration.typecontainers.MotorConfigurationType@25665b2 as Unspecified Motor
08-07 21:10:30.012  7814  8288 V Sinister: finished scanner dev.frozenmilk.sinister.sdk.apphooks.SDKOpModeRegistrar
08-07 21:10:30.023  7814  8285 V Sinister: finished scanner dev.frozenmilk.sinister.sdk.apphooks.WebHandlerRegistrarScanner
08-07 21:10:30.024  7814  8286 V Sinister: finished scanner dev.frozenmilk.sinister.sdk.apphooks.OnCreateMenuScanner
08-07 21:10:30.025  7814  8185 V Sinister: finished scanner dev.frozenmilk.sinister.sdk.apphooks.OnCreateEventLoopScanner
08-07 21:10:30.032  7814  8290 V Sinister: finished scanner dev.frozenmilk.sinister.sdk.IdTemplateResFilter
08-07 21:10:30.035  7814  8430 V SoundInfo: construct(0x0745a239)
08-07 21:10:30.039  7814  8291 V Sinister: finished scanner dev.frozenmilk.sinister.sdk.apphooks.SinisterOpModeRegistrarScanner
08-07 21:10:30.040  7814  8287 V Sinister: finished scanner dev.frozenmilk.sinister.sdk.apphooks.OnDestroyScanner
08-07 21:10:30.041  7814  8432 V SinisterRegisteredOpModes: unregistered {FSM Testbench}
08-07 21:10:30.043  7814  8432 V SinisterRegisteredOpModes: unregistered {Performance - Bulk Read Test}
08-07 21:10:30.045  7814  8432 V SinisterRegisteredOpModes: unregistered {SensorsTestOpMode}
08-07 21:10:30.047  7814  8432 V SinisterRegisteredOpModes: unregistered {Test1}
08-07 21:10:30.050  7814  8432 V SinisterRegisteredOpModes: unregistered {something}
08-07 21:10:30.052  7814  8432 V SinisterRegisteredOpModes: unregistered {General Color Sensor Tuner}
08-07 21:10:30.054  7814  8432 V SinisterRegisteredOpModes: unregistered {General Motor Tuner}
08-07 21:10:30.056  7814  8432 V SinisterRegisteredOpModes: unregistered {General Servo Tuner}
08-07 21:10:30.058  7814  8432 V SinisterRegisteredOpModes: unregistered {Specimen Auto Just Paths}
08-07 21:10:30.058  7814  8283 V Sinister: finished scanner dev.frozenmilk.sinister.sdk.apphooks.OnCreateScanner
08-07 21:10:30.060  7814  8432 V SinisterRegisteredOpModes: unregistered {Auto1AkaBasketAuto}
08-07 21:10:30.062  7814  8432 V SinisterRegisteredOpModes: unregistered {RESET FSM }
08-07 21:10:30.062  7814  7814 V WebHandlerRegistrarScanner: running WebHandlerRegistrar hook public static void org.firstinspires.ftc.ftccommon.internal.manualcontrol.ManualControlWebSocketHandler.registerNamespace(android.content.Context,com.qualcomm.robotcore.util.WebHandlerManager)
08-07 21:10:30.063  7814  8432 V SinisterRegisteredOpModes: unregistered {Auto Specimen}
08-07 21:10:30.064  7814  7814 V WebSocketManager: Registered handler for namespace MC
08-07 21:10:30.065  7814  8284 V Sinister: finished scanner dev.frozenmilk.sinister.sdk.IdResFilter
08-07 21:10:30.065  7814  8432 V SinisterRegisteredOpModes: unregistered {Align}
08-07 21:10:30.069  7814  8432 V SinisterRegisteredOpModes: unregistered {AlignAndPickup}
08-07 21:10:30.071  7814  8289 V ConfigurationTypeScanner: Rebuilding HardwareMap...
08-07 21:10:30.072  7814  8432 V SinisterRegisteredOpModes: unregistered {Sensor: Limelight3A}
08-07 21:10:30.074  7814  8292 V Sinister: finished scanner dev.frozenmilk.sinister.sdk.BlocksClassScanner
08-07 21:10:30.075  7814  8432 V SinisterRegisteredOpModes: unregistered {TestFSM_BBC}
08-07 21:10:30.078  7814  8289 V HardwareFactory: createHardwareMap()
08-07 21:10:30.078  7814  8289 V EmbeddedControlHubModule: clearing embedded module
08-07 21:10:30.078  7814  8432 V SinisterRegisteredOpModes: unregistered { Linkage Tester}
08-07 21:10:30.079  7814  8432 V SinisterRegisteredOpModes: unregistered {TeleOp2Drivers}
08-07 21:10:30.081  7814  8432 V SinisterRegisteredOpModes: unregistered {TeleOp}
08-07 21:10:30.082  7814  8432 V SinisterRegisteredOpModes: unregistered {TestBBCCuMotoareFBune}
08-07 21:10:30.084  7814  8432 V SinisterRegisteredOpModes: unregistered {Circle}
08-07 21:10:30.085  7814  8432 V SinisterRegisteredOpModes: unregistered {Triangle}
08-07 21:10:30.086  7814  8432 V SinisterRegisteredOpModes: unregistered {Forward Velocity Tuner}
08-07 21:10:30.087  7814  8432 V SinisterRegisteredOpModes: unregistered {Forward Zero Power Acceleration Tuner}
08-07 21:10:30.088  7814  8432 V SinisterRegisteredOpModes: unregistered {Lateral Zero Power Acceleration Tuner}
08-07 21:10:30.089  7814  8432 V SinisterRegisteredOpModes: unregistered {Strafe Velocity Tuner}
08-07 21:10:30.090  7814  8432 V SinisterRegisteredOpModes: unregistered {Localization Test}
08-07 21:10:30.091  7814  8432 V SinisterRegisteredOpModes: unregistered {Curved Back And Forth}
08-07 21:10:30.092  7814  8413 I [Gralloc]:  ion device open success! fd = 93
08-07 21:10:30.092  7814  8432 V SinisterRegisteredOpModes: unregistered {Straight Back And Forth}
08-07 21:10:30.093  7814  8432 V Sinister: finished scanner dev.frozenmilk.sinister.sdk.opmodes.TeleopAutonomousOpModeScanner
08-07 21:10:30.094  7814  7855 E Sinister: Caught and ignored error while running scanner java.util.ArrayList.
08-07 21:10:30.104  7814  7855 E Sinister: java.util.concurrent.ExecutionException: java.lang.ClassCastException: com.qualcomm.robotcore.hardware.configuration.BuiltInConfigurationType cannot be cast to com.qualcomm.robotcore.hardware.configuration.typecontainers.ServoConfigurationType
08-07 21:10:30.107  7814  7855 E Sinister: 	at java.util.concurrent.CompletableFuture.reportGet(CompletableFuture.java:330)
08-07 21:10:30.109  7814  7855 E Sinister: 	at java.util.concurrent.CompletableFuture.get(CompletableFuture.java:1892)
08-07 21:10:30.112  7814  7855 E Sinister: 	at dev.frozenmilk.sinister.SinisterImpl.scanUnload(SinisterImpl.kt:225)
08-07 21:10:30.114  7814  7855 E Sinister: 	at dev.frozenmilk.sinister.SinisterImpl.unload(SinisterImpl.kt:313)
08-07 21:10:30.117  7814  7855 E Sinister: 	at dev.frozenmilk.sinister.SinisterImpl.stageLoad$lambda$25(SinisterImpl.kt:256)
08-07 21:10:30.122  7814  7855 E Sinister: 	at dev.frozenmilk.sinister.SinisterImpl.$r8$lambda$Zeic3hnjLahY4QS2K4HTRNtqeRY(SinisterImpl.kt)
08-07 21:10:30.122  7814  8429 E WVMExtractor: Failed to open libwvm.so: dlopen failed: "/system/vendor/lib64/libwvm.so" is 32-bit instead of 64-bit
08-07 21:10:30.124  7814  7855 E Sinister: 	at dev.frozenmilk.sinister.SinisterImpl$$ExternalSyntheticLambda1.run(D8$$SyntheticClass:0)
08-07 21:10:30.126  7814  7855 E Sinister: 	at dev.frozenmilk.sinister.loading.LoadEvent.afterUnload$lambda$18$lambda$17(LoadEvent.kt:142)
08-07 21:10:30.129  7814  7855 E Sinister: 	at dev.frozenmilk.sinister.loading.LoadEvent.$r8$lambda$evJEWg1KQmiHXVA2AReWIxY1iik(LoadEvent.kt)
08-07 21:10:30.132  7814  7855 E Sinister: 	at dev.frozenmilk.sinister.loading.LoadEvent$$ExternalSyntheticLambda6.run(D8$$SyntheticClass:0)
08-07 21:10:30.137  7814  7855 E Sinister: 	at dev.frozenmilk.sinister.loading.LoadEvent.beforeUnload$lambda$16$lambda$15(LoadEvent.kt:129)
08-07 21:10:30.145  7814  7855 E Sinister: 	at dev.frozenmilk.sinister.loading.LoadEvent.$r8$lambda$eikqzJM4J5UElXsDbzkVhCV6Ffg(LoadEvent.kt)
08-07 21:10:30.147  7814  7855 E Sinister: 	at dev.frozenmilk.sinister.loading.LoadEvent$$ExternalSyntheticLambda8.run(D8$$SyntheticClass:0)
08-07 21:10:30.153  7814  7855 E Sinister: 	at dev.frozenmilk.sinister.loading.LoadEvent.afterUnload$lambda$18$lambda$17(LoadEvent.kt:141)
08-07 21:10:30.157  7814  7855 E Sinister: 	at dev.frozenmilk.sinister.loading.LoadEvent.$r8$lambda$evJEWg1KQmiHXVA2AReWIxY1iik(LoadEvent.kt)
08-07 21:10:30.164  7814  7855 E Sinister: 	at dev.frozenmilk.sinister.loading.LoadEvent$$ExternalSyntheticLambda6.run(D8$$SyntheticClass:0)
08-07 21:10:30.168  7814  7855 E Sinister: 	at dev.frozenmilk.sinister.loading.LoadEvent.unload(LoadEvent.kt:155)
08-07 21:10:30.172  7814  8429 I MediaCodec: callingProcessName:com.qualcomm.ftcrobotcontroller
08-07 21:10:30.175  7814  7855 E Sinister: 	at dev.frozenmilk.sinister.SlothTeamCodeLoader.switchLoader$lambda$19$lambda$18$lambda$17(SlothTeamCodeLoader.kt:112)
08-07 21:10:30.181  7814  7855 E Sinister: 	at dev.frozenmilk.sinister.SlothTeamCodeLoader.$r8$lambda$bTpR3I62WGAgF2RBlr9MsWPXghM(SlothTeamCodeLoader.kt)
08-07 21:10:30.183  7814  8442 I ACodec  : onAllocateComponent:6752 mSoftCodecPref:0 componentName:
08-07 21:10:30.184  7814  8442 I ACodec  : onAllocateComponent:6783 mSoftCodecPref:0 componentName:OMX.google.raw.decoder
08-07 21:10:30.186  7814  7814 V AppUtil : rootActivity=PermissionValidatorWrapper destroyed
08-07 21:10:30.186  7814  7814 V AppUtil : rootActivity=FtcRobotControllerActivity
08-07 21:10:30.186  7814  7814 I PermissionValidatorActivity: Lifecycle onDestroy : 21fe8bb
08-07 21:10:30.187  7814  7855 E Sinister: 	at dev.frozenmilk.sinister.SlothTeamCodeLoader$$ExternalSyntheticLambda3.run(D8$$SyntheticClass:0)
08-07 21:10:30.196  7814  7855 E Sinister: 	at dev.frozenmilk.sinister.loading.LoadEvent.beforeRelease$lambda$10$lambda$9(LoadEvent.kt:89)
08-07 21:10:30.198  7814  7855 E Sinister: 	at dev.frozenmilk.sinister.loading.LoadEvent.$r8$lambda$PAPVEvZXkZgyy0tJn6Ti95BC50Q(LoadEvent.kt)
08-07 21:10:30.205  7814  7855 E Sinister: 	at dev.frozenmilk.sinister.loading.LoadEvent$$ExternalSyntheticLambda0.run(D8$$SyntheticClass:0)
08-07 21:10:30.207  7814  7855 E Sinister: 	at dev.frozenmilk.sinister.loading.LoadEvent.release(LoadEvent.kt:116)
08-07 21:10:30.210  7814  7855 E Sinister: 	at dev.frozenmilk.sinister.util.OnBotLoadEventHandlerImpl.handleEventStaging(OnBotLoadEventHandlerImpl.kt:56)
08-07 21:10:30.213  7814  7855 E Sinister: 	at dev.frozenmilk.sinister.loading.LoadEventHandler.handleEventStaging(LoadEventHandler.kt:18)
08-07 21:10:30.216  7814  7855 E Sinister: 	at dev.frozenmilk.sinister.SinisterImpl.stageLoad(SinisterImpl.kt:262)
08-07 21:10:30.219  7814  7855 E Sinister: 	at dev.frozenmilk.sinister.SlothTeamCodeLoader.switchLoader(SlothTeamCodeLoader.kt:94)
08-07 21:10:30.221  7814  7855 E Sinister: 	at dev.frozenmilk.sinister.SlothTeamCodeLoader.onEvent(SlothTeamCodeLoader.kt:162)
08-07 21:10:30.224  7814  7855 E Sinister: 	at org.firstinspires.ftc.robotcore.internal.files.RecursiveFileObserver.notify(RecursiveFileObserver.java:229)
08-07 21:10:30.228  7814  7855 E Sinister: 	at org.firstinspires.ftc.robotcore.internal.files.RecursiveFileObserver$SingleDirOrFileObserver.onEvent(RecursiveFileObserver.java:286)
08-07 21:10:30.233  7814  7855 E Sinister: 	at org.firstinspires.ftc.robotcore.internal.files.FileObserverManager$FakeObserver.onEvent(FileObserverManager.java:138)
08-07 21:10:30.237  7814  7855 E Sinister: 	at org.firstinspires.ftc.robotcore.internal.files.FileObserverManager$OmniscientObserver.onEvent(FileObserverManager.java:291)
08-07 21:10:30.241  7814  7855 E Sinister: 	at org.firstinspires.ftc.robotcore.internal.files.FileObserverManager$OmniscientObserver$1.onEvent(FileObserverManager.java:207)
08-07 21:10:30.243  7814  7855 E Sinister: 	at android.os.FileObserver$ObserverThread.onEvent(FileObserver.java:123)
08-07 21:10:30.247  7814  7855 E Sinister: 	at android.os.FileObserver$ObserverThread.observe(Native Method)
08-07 21:10:30.249  7814  7855 E Sinister: 	at android.os.FileObserver$ObserverThread.run(FileObserver.java:86)
08-07 21:10:30.255  7814  7855 E Sinister: Caused by: java.lang.ClassCastException: com.qualcomm.robotcore.hardware.configuration.BuiltInConfigurationType cannot be cast to com.qualcomm.robotcore.hardware.configuration.typecontainers.ServoConfigurationType
08-07 21:10:30.258  7814  7855 E Sinister: 	at com.qualcomm.robotcore.hardware.configuration.ConfigurationTypeManager.getStandardServoType(ConfigurationTypeManager.java:189)
08-07 21:10:30.262  7814  7855 E Sinister: 	at com.qualcomm.robotcore.hardware.configuration.typecontainers.ServoConfigurationType.getStandardServoType(ServoConfigurationType.java:86)
08-07 21:10:30.266  7814  7855 E Sinister: 	at com.qualcomm.robotcore.hardware.configuration.ConfigurationUtility.buildEmptyServos(ConfigurationUtility.java:410)
08-07 21:10:30.269  7814  7855 E Sinister: 	at com.qualcomm.robotcore.hardware.configuration.LynxModuleConfiguration.<init>(LynxModuleConfiguration.java:81)
08-07 21:10:30.272  7814  7855 E Sinister: 	at com.qualcomm.robotcore.hardware.configuration.LynxModuleConfiguration.<init>(LynxModuleConfiguration.java:74)
08-07 21:10:30.276  7814  7855 E Sinister: 	at com.qualcomm.robotcore.hardware.configuration.LynxUsbDeviceConfiguration.deserializeChildElement(LynxUsbDeviceConfiguration.java:146)
08-07 21:10:30.280  7814  7855 E Sinister: 	at com.qualcomm.robotcore.hardware.configuration.DeviceConfiguration.deserialize(DeviceConfiguration.java:209)
08-07 21:10:30.283  7814  7855 E Sinister: 	at com.qualcomm.robotcore.hardware.configuration.ReadXMLFileHandler.parseRobot(ReadXMLFileHandler.java:156)
08-07 21:10:30.284  7814  7940 D SoundPlayer: onLoadComplete(samp=1|ms=4580, samp=1)=0
08-07 21:10:30.286  7814  8430 W AudioTrack: AUDIO_OUTPUT_FLAG_FAST denied by client; transfer 4, track 48000 Hz, output 44100 Hz
08-07 21:10:30.287  7814  7855 E Sinister: 	at com.qualcomm.robotcore.hardware.configuration.ReadXMLFileHandler.parseDocument(ReadXMLFileHandler.java:109)
08-07 21:10:30.290  7814  7855 E Sinister: 	at com.qualcomm.robotcore.hardware.configuration.ReadXMLFileHandler.parse(ReadXMLFileHandler.java:95)
08-07 21:10:30.293  7814  7855 E Sinister: 	at com.qualcomm.hardware.HardwareFactory.createHardwareMap(HardwareFactory.java:144)
08-07 21:10:30.296  7814  7855 E Sinister: 	at com.qualcomm.ftccommon.FtcEventLoopHandler.getHardwareMap(FtcEventLoopHandler.java:165)
08-07 21:10:30.298  7814  7855 E Sinister: 	at dev.frozenmilk.sinister.sdk.ConfigurationTypeScanner.onCreateEventLoop$lambda$11(ConfigurationTypeScanner.kt:168)
08-07 21:10:30.302  7814  7855 E Sinister: 	at dev.frozenmilk.sinister.sdk.ConfigurationTypeScanner.$r8$lambda$4UHv8wNxFZ3ZGe7F_FE-612RKJ0(ConfigurationTypeScanner.kt)
08-07 21:10:30.304  7814  7855 E Sinister: 	at dev.frozenmilk.sinister.sdk.ConfigurationTypeScanner$$ExternalSyntheticLambda4.run(D8$$SyntheticClass:0)
08-07 21:10:30.307  7814  7855 E Sinister: 	at dev.frozenmilk.sinister.sdk.ConfigurationTypeScanner.reregister(ConfigurationTypeScanner.kt:119)
08-07 21:10:30.310  7814  7855 E Sinister: 	at dev.frozenmilk.sinister.sdk.ConfigurationTypeScanner.afterUnload(ConfigurationTypeScanner.kt:105)
08-07 21:10:30.312  7814  8430 D SoundPlayer: playing volume=0.000000 samp=1|ms=4580
08-07 21:10:30.312  7814  7855 E Sinister: 	at dev.frozenmilk.sinister.SinisterImplKt.spawnScannerUnload$lambda$3(SinisterImpl.kt:368)
08-07 21:10:30.315  7814  7855 E Sinister: 	at dev.frozenmilk.sinister.SinisterImplKt.$r8$lambda$VC8jet1KSZUJoeUW8ihjcAi_ujI(SinisterImpl.kt)
08-07 21:10:30.318  7814  7855 E Sinister: 	at dev.frozenmilk.sinister.SinisterImplKt$$ExternalSyntheticLambda1.run(D8$$SyntheticClass:0)
08-07 21:10:30.321  7814  7855 E Sinister: 	at java.util.concurrent.CompletableFuture$AsyncRun.run(CompletableFuture.java:1632)
08-07 21:10:30.323  7814  7855 E Sinister: 	at java.util.concurrent.ThreadPoolExecutor.runWorker(ThreadPoolExecutor.java:1133)
08-07 21:10:30.326  7814  7855 E Sinister: 	at java.util.concurrent.ThreadPoolExecutor$Worker.run(ThreadPoolExecutor.java:607)
08-07 21:10:30.329  7814  7855 E Sinister: 	at com.qualcomm.robotcore.util.ThreadPool$ThreadFactoryImpl$1.run(ThreadPool.java:793)
08-07 21:10:30.331  7814  7855 E Sinister: 	at java.lang.Thread.run(Thread.java:761)
08-07 21:10:30.331  7814  8432 V Sinister: running scanner com.acmerobotics.dashboard.FtcDashboardScanner
08-07 21:10:30.378  7814  8432 V FtcDashboardScanner: updating OpMode List
08-07 21:10:30.378  7814  8432 V Sinister: finished scanner com.acmerobotics.dashboard.FtcDashboardScanner
08-07 21:10:30.378  7814  8289 V Sinister: running scanner dev.frozenmilk.sinister.configurable.ConfigurableScanner
08-07 21:10:30.442  7814  8289 V ConfigurableScanner: Configured core logging and warn utilities
08-07 21:10:30.442  7814  8289 V ConfigurableScanner: Log: dev.frozenmilk.sinister.util.OnBotLogger@99685a2
08-07 21:10:30.442  7814  8289 V ConfigurableScanner: Warn: dev.frozenmilk.sinister.util.OnBotWarn@8ad9b69
08-07 21:10:30.442  7814  8289 V ConfigurableScanner: configuring dev.frozenmilk.sinister.loading.LoadEventHandler@e82984
08-07 21:10:30.443  7814  8289 V ConfigurableScanner: configuring dev.frozenmilk.sinister.util.flag.Debug@37b59ee
08-07 21:10:30.443  7814  8289 V ConfigurableScanner: configuring dev.frozenmilk.sinister.util.flag.Test@cfffe8f
08-07 21:10:30.443  7814  8289 V ConfigurableScanner: configuring dev.frozenmilk.sinister.util.notify.Notifier@c7b8525
08-07 21:10:30.443  7814  8289 V Sinister: finished scanner dev.frozenmilk.sinister.configurable.ConfigurableScanner
08-07 21:10:30.444  7814  7855 V SlothTeamCodeLoader: Unloaded TeamCode Load
08-07 21:10:30.444  7814  7855 V SlothTeamCodeLoader: Processing Sloth Load
08-07 21:10:30.445  7814  8171 V Sinister: notifying that app is alive
08-07 21:10:30.544  7814  8462 V SessionCookie: added SessionCookie: cookie=48af256a-5737-4184-a185-a7cf27dcfa48 uri='/js/rcInfo.json'
08-07 21:10:30.546  7814  8462 I RobotCore: B-it.M-o!#2024.
08-07 21:10:30.569  7814  8462 V SessionCookie: added SessionCookie: cookie=43b12b7b-aa9f-407e-b32e-8ba8be87d3a1 uri='/revHubsAvailableForUpdate'
08-07 21:10:30.782  7814  8289 V Sinister: running scanner dev.frozenmilk.sinister.configurable.ConfigurableScanner
08-07 21:10:30.849  7814  8289 V ConfigurableScanner: Configured core logging and warn utilities
08-07 21:10:30.849  7814  8289 V ConfigurableScanner: Log: dev.frozenmilk.sinister.util.OnBotLogger@99685a2
08-07 21:10:30.849  7814  8289 V ConfigurableScanner: Warn: dev.frozenmilk.sinister.util.OnBotWarn@8ad9b69
08-07 21:10:30.849  7814  8289 V ConfigurableScanner: configuring dev.frozenmilk.sinister.loading.LoadEventHandler@e82984
08-07 21:10:30.849  7814  8289 V ConfigurableScanner: configuring dev.frozenmilk.sinister.util.flag.Debug@37b59ee
08-07 21:10:30.850  7814  8289 V ConfigurableScanner: configuring dev.frozenmilk.sinister.util.flag.Test@cfffe8f
08-07 21:10:30.850  7814  8289 V ConfigurableScanner: configuring dev.frozenmilk.sinister.util.notify.Notifier@c7b8525
08-07 21:10:30.850  7814  8289 V Sinister: finished scanner dev.frozenmilk.sinister.configurable.ConfigurableScanner
08-07 21:10:30.857  7814  7855 V Sinister: running scanners for load
08-07 21:10:30.858  7814  8432 V Sinister: running scanner dev.frozenmilk.sinister.sdk.BlocksClassScanner
08-07 21:10:30.865  7814  8292 V Sinister: running scanner dev.frozenmilk.sinister.sdk.IdResFilter
08-07 21:10:30.866  7814  8289 V Sinister: running scanner dev.frozenmilk.sinister.sdk.ConfigurationTypeScanner
08-07 21:10:30.868  7814  8284 V Sinister: running scanner dev.frozenmilk.sinister.sdk.IdTemplateResFilter
08-07 21:10:30.872  7814  8283 V Sinister: running scanner dev.frozenmilk.sinister.sdk.apphooks.OnCreateEventLoopScanner
08-07 21:10:30.872  7814  8287 V Sinister: running scanner dev.frozenmilk.sinister.sdk.apphooks.OnCreateMenuScanner
08-07 21:10:30.878  7814  8291 V Sinister: running scanner dev.frozenmilk.sinister.sdk.apphooks.OnCreateScanner
08-07 21:10:30.878  7814  8185 V Sinister: running scanner dev.frozenmilk.sinister.sdk.apphooks.SDKOpModeRegistrar
08-07 21:10:30.878  7814  8286 V Sinister: running scanner dev.frozenmilk.sinister.sdk.apphooks.WebHandlerRegistrarScanner
08-07 21:10:30.882  7814  8290 V Sinister: running scanner dev.frozenmilk.sinister.sdk.apphooks.OnDestroyScanner
08-07 21:10:30.885  7814  8285 V Sinister: running scanner dev.frozenmilk.sinister.sdk.opmodes.TeleopAutonomousOpModeScanner
08-07 21:10:30.887  7814  8285 V SinisterRegisteredOpModes: registered supplier as {FSM Testbench}
08-07 21:10:30.895  7814  8432 V Sinister: finished scanner dev.frozenmilk.sinister.sdk.BlocksClassScanner
08-07 21:10:30.899  7814  8285 V SinisterRegisteredOpModes: registered supplier as {Performance - Bulk Read Test}
08-07 21:10:30.901  7814  8285 V SinisterRegisteredOpModes: registered supplier as {SensorsTestOpMode}
08-07 21:10:30.903  7814  8285 V SinisterRegisteredOpModes: registered supplier as {Test1}
08-07 21:10:30.913  7814  8285 V SinisterRegisteredOpModes: registered supplier as {something}
08-07 21:10:30.925  7814  8285 V SinisterRegisteredOpModes: registered supplier as {General Color Sensor Tuner}
08-07 21:10:30.931  7814  8292 V Sinister: finished scanner dev.frozenmilk.sinister.sdk.IdResFilter
08-07 21:10:30.937  7814  8285 V SinisterRegisteredOpModes: registered supplier as {General Motor Tuner}
08-07 21:10:30.939  7814  8285 V SinisterRegisteredOpModes: registered supplier as {General Servo Tuner}
08-07 21:10:30.944  7814  8284 V Sinister: finished scanner dev.frozenmilk.sinister.sdk.IdTemplateResFilter
08-07 21:10:30.948  7814  8185 V Sinister: finished scanner dev.frozenmilk.sinister.sdk.apphooks.SDKOpModeRegistrar
08-07 21:10:30.965  7814  8285 V SinisterRegisteredOpModes: registered supplier as {Specimen Auto Just Paths}
08-07 21:10:30.969  7814  8285 V SinisterRegisteredOpModes: registered supplier as {Auto1AkaBasketAuto}
08-07 21:10:30.982  7814  8285 V SinisterRegisteredOpModes: registered supplier as {RESET FSM }
08-07 21:10:30.985  7814  8285 V SinisterRegisteredOpModes: registered supplier as {Auto Specimen}
08-07 21:10:30.987  7814  8285 V SinisterRegisteredOpModes: registered supplier as {Align}
08-07 21:10:30.994  7814  8287 V Sinister: finished scanner dev.frozenmilk.sinister.sdk.apphooks.OnCreateMenuScanner
08-07 21:10:30.997  7814  8283 V Sinister: finished scanner dev.frozenmilk.sinister.sdk.apphooks.OnCreateEventLoopScanner
08-07 21:10:30.998  7814  8286 V Sinister: finished scanner dev.frozenmilk.sinister.sdk.apphooks.WebHandlerRegistrarScanner
08-07 21:10:30.999  7814  8290 V Sinister: finished scanner dev.frozenmilk.sinister.sdk.apphooks.OnDestroyScanner
08-07 21:10:31.013  7814  8285 V SinisterRegisteredOpModes: registered supplier as {AlignAndPickup}
08-07 21:10:31.015  7814  8427 V FtcWebSocket: Opening websocket (ip=localhost/127.0.0.1 port=8081)
08-07 21:10:31.015  7814  8285 V SinisterRegisteredOpModes: registered supplier as {Sensor: Limelight3A}
08-07 21:10:31.021  7814  8290 V WebSocketManager: Subscribed websocket (ip=localhost/127.0.0.1 port=8081) to namespace (progress)
08-07 21:10:31.023  7814  8290 V WebSocketManager: Subscribed websocket (ip=localhost/127.0.0.1 port=8081) to namespace (ControlHubUpdater)
08-07 21:10:31.028  7814  8285 V SinisterRegisteredOpModes: registered supplier as {TestFSM_BBC}
08-07 21:10:31.037  7814  8285 V SinisterRegisteredOpModes: registered supplier as { Linkage Tester}
08-07 21:10:31.038  7814  8291 V Sinister: finished scanner dev.frozenmilk.sinister.sdk.apphooks.OnCreateScanner
08-07 21:10:31.046  7814  8289 V ConfigurationTypeScanner: registering com.qualcomm.robotcore.hardware.configuration.typecontainers.I2cDeviceConfigurationType@4a16c25 as goBILDA Pinpoint Odometry Computer
08-07 21:10:31.047  7814  8289 V ConfigurationTypeScanner: registering com.qualcomm.robotcore.hardware.configuration.typecontainers.I2cDeviceConfigurationType@14c81fa as SparkFun OTOS Corrected
08-07 21:10:31.047  7814  8289 V ConfigurationTypeScanner: registering com.qualcomm.robotcore.hardware.configuration.typecontainers.I2cDeviceConfigurationType@e89b3ab as Adafruit IMU
08-07 21:10:31.048  7814  8289 V ConfigurationTypeScanner: registering com.qualcomm.robotcore.hardware.configuration.typecontainers.I2cDeviceConfigurationType@6a1ca08 as Adafruit IMU
08-07 21:10:31.048  7814  8285 V SinisterRegisteredOpModes: registered supplier as {TeleOp2Drivers}
08-07 21:10:31.049  7814  8289 V ConfigurationTypeScanner: registering com.qualcomm.robotcore.hardware.configuration.typecontainers.I2cDeviceConfigurationType@8a1a5a1 as REV internal IMU (BHI260AP)
08-07 21:10:31.049  7814  8289 V ConfigurationTypeScanner: registering com.qualcomm.robotcore.hardware.configuration.typecontainers.I2cDeviceConfigurationType@8d0c3c6 as HuskyLens
08-07 21:10:31.049  7814  8289 V ConfigurationTypeScanner: registering com.qualcomm.robotcore.hardware.configuration.typecontainers.I2cDeviceConfigurationType@daddf87 as OctoQuadFTC
08-07 21:10:31.051  7814  8289 V ConfigurationTypeScanner: registering com.qualcomm.robotcore.hardware.configuration.typecontainers.I2cDeviceConfigurationType@68d7eb4 as goBILDA Pinpoint Odometry Computer
08-07 21:10:31.052  7814  8289 V ConfigurationTypeScanner: registering com.qualcomm.robotcore.hardware.configuration.typecontainers.I2cDeviceConfigurationType@a11fadd as navX Micro
08-07 21:10:31.052  7814  8289 V ConfigurationTypeScanner: registering com.qualcomm.robotcore.hardware.configuration.typecontainers.I2cDeviceConfigurationType@8055652 as REV internal IMU (BNO055)
08-07 21:10:31.052  7814  8289 V ConfigurationTypeScanner: registering com.qualcomm.robotcore.hardware.configuration.typecontainers.I2cDeviceConfigurationType@ffeed23 as REV internal IMU (BNO055)
08-07 21:10:31.052  7814  8289 V ConfigurationTypeScanner: registering com.qualcomm.robotcore.hardware.configuration.typecontainers.I2cDeviceConfigurationType@7ddd220 as MaxSonar I2CXL
08-07 21:10:31.053  7814  8289 V ConfigurationTypeScanner: registering com.qualcomm.robotcore.hardware.configuration.typecontainers.AnalogSensorConfigurationType@43867d9 as MR Optical Distance Sensor
08-07 21:10:31.053  7814  8289 V ConfigurationTypeScanner: registering com.qualcomm.robotcore.hardware.configuration.typecontainers.I2cDeviceConfigurationType@67e859e as MR Compass Sensor
08-07 21:10:31.053  7814  8289 V ConfigurationTypeScanner: registering com.qualcomm.robotcore.hardware.configuration.typecontainers.I2cDeviceConfigurationType@6c9387f as MR Range Sensor
08-07 21:10:31.053  7814  8289 V ConfigurationTypeScanner: registering com.qualcomm.robotcore.hardware.configuration.typecontainers.AnalogSensorConfigurationType@41df04c as MR Touch Sensor
08-07 21:10:31.054  7814  8289 V ConfigurationTypeScanner: registering com.qualcomm.robotcore.hardware.configuration.typecontainers.MotorConfigurationType@6bea895 as GoBILDA 5201 series
08-07 21:10:31.054  7814  8289 V ConfigurationTypeScanner: registering com.qualcomm.robotcore.hardware.configuration.typecontainers.MotorConfigurationType@ec95daa as GoBILDA 5202/3/4 series
08-07 21:10:31.054  7814  8285 V SinisterRegisteredOpModes: registered supplier as {TeleOp}
08-07 21:10:31.054  7814  8289 V ConfigurationTypeScanner: registering com.qualcomm.robotcore.hardware.configuration.typecontainers.MotorConfigurationType@1c2dd9b as Matrix 12v Motor
