08-07 21:10:40.770  7814  8462 V SessionCookie: added SessionCookie: cookie=aad34088-4a16-49fe-84e5-1cf21303f9a5 uri='/revHubsAvailableForUpdate'
08-07 21:10:40.772  7814  8462 V Robocol : locally injecting CMD_GET_USB_ACCESSIBLE_LYNX_MODULES
08-07 21:10:40.775  7814  8436 V FtcEventLoop: getUSBAccessibleLynxDevices(includeModuleAddresses=true)...
08-07 21:10:40.776  7814  8285 V FtcConfigTag: scanning USB bus...
08-07 21:10:40.778  7814  8285 V FtDeviceManager: createDeviceInfoList(): 0 USB devices
08-07 21:10:40.778  7814  8285 V USBScan : device count=1
08-07 21:10:40.780  7814  8834 V USBScan : opening (embedded)...
08-07 21:10:40.780  7814  8834 V RobotUsbManagerCombining: FTDI driver failed to open USB device with serial number (embedded) (returned null device)
08-07 21:10:40.781  7814  8834 V SerialPortNative: [SerialPort.cpp:150] opened(/dev/ttyS1): fd=96
08-07 21:10:40.782  7814  8834 V RobotUsbDeviceTTY: opening serial=(embedded) file=/dev/ttyS1
08-07 21:10:41.183  7814  8834 V USBScan : ... done opening (embedded)
08-07 21:10:41.184  7814  8285 V USBScan : closing (embedded)
08-07 21:10:41.185  7814  8285 V RobotUsbDeviceTTY: closing serial=(embedded) file=/dev/ttyS1
08-07 21:10:41.185  7814  8285 V SerialPortNative: [SerialPort.cpp:254] close(osfd = 96)
08-07 21:10:41.187  7814  8285 V CameraManager: construct(hash=0x01304f72|inst#=0)
08-07 21:10:41.189  7814  7814 I com.qualcomm.ftcrobotcontroller: type=1400 audit(0.0:337): avc: denied { read } for comm=64656661756C742074687265616470 name="devices" dev="sysfs" ino=7267 scontext=u:r:untrusted_app:s0:c512,c768 tcontext=u:object_r:sysfs:s0 tclass=dir permissive=1
08-07 21:10:41.191  7814  8285 D libusb  : [ 0.000416] [0000205d] libusb: debug [op_init] sysfs(/sys/bus/usb/devices) available
08-07 21:10:41.191  7814  8285 D libusb  : [ 0.000536] [0000205d] libusb: debug [op_init] sysfs can relate devices
08-07 21:10:41.191  7814  8285 D libusb  : [ 0.000594] [0000205d] libusb: debug [op_init] sysfs has complete descriptors
08-07 21:10:41.191  7814  8285 D libusb  : [ 0.000648] [0000205d] libusb: debug [op_init] sysfs has serial numbers
08-07 21:10:41.193  7814  8285 V UvcContext: construct(pointer=0x7e54e87b00|inst#=0)
08-07 21:10:41.189  7814  7814 I com.qualcomm.ftcrobotcontroller: type=1400 audit(0.0:338): avc: denied { open } for comm=64656661756C742074687265616470 path="/sys/bus/usb/devices" dev="sysfs" ino=7267 scontext=u:r:untrusted_app:s0:c512,c768 tcontext=u:object_r:sysfs:s0 tclass=dir permissive=1
08-07 21:10:41.201  7814  8285 D UvcContext: usb device is *not* UVC compatible, /dev/bus/usb/003/003
08-07 21:10:41.203  7814  8285 V USBScan : scanForUsbDevices() took 427ms count=1
08-07 21:10:41.204  7814  8285 V FtcConfigTag: .. scanning complete: [(embedded)]
08-07 21:10:41.205  7814  8436 V FtcEventLoop: getUSBAccessibleLynxDevices: found serial=(embedded)
08-07 21:10:41.205  7814  8436 V FtcEventLoop: finding module addresses and current firmware versions
08-07 21:10:41.206  7814  8436 V FtcEventLoop: getUSBAccessibleLynxDevices: finding module address for usbModule (embedded)
08-07 21:10:41.207  7814  8436 V RobotCore: Creating REV Robotics USB Expansion Hub Portal [(embedded)]
08-07 21:10:41.207  7814  8436 V LynxUsb : creating new [(embedded)]: 0x0a9b4040
08-07 21:10:41.212  7814  8436 V FtDeviceManager: createDeviceInfoList(): 0 USB devices
08-07 21:10:41.212  7814  8436 V RobotUsbManagerCombining: FTDI driver failed to open USB device with serial number (embedded) (returned null device)
08-07 21:10:41.213  7814  8436 V SerialPortNative: [SerialPort.cpp:150] opened(/dev/ttyS1): fd=110
08-07 21:10:41.213  7814  8436 V RobotUsbDeviceTTY: opening serial=(embedded) file=/dev/ttyS1
08-07 21:10:41.214  7814  8436 V LynxUsb : armDevice() serial=(embedded)...
08-07 21:10:41.214  7814  8436 V LynxUsb : resetDevice() serial=(embedded)
08-07 21:10:41.216  7814  8436 V LynxModule: resetting embedded usb device: isPresent: was=true
08-07 21:10:41.572  7814  8436 V LynxUsb : ...done armDevice()
08-07 21:10:41.572  7814  8436 V LynxUsb : 0x0114206c on 0x0a9b4040: new delegate to [(embedded)]
08-07 21:10:41.572  7814  8837 V RobotCore: thread: 'lynx incoming datagrams' starting...
08-07 21:10:41.572  7814  8436 V LynxUsb : lynx discovery beginning for device (embedded)
08-07 21:10:41.577  7814  8436 V LynxUsb : discovery waiting 1012ms and 0ns
08-07 21:10:41.577  7814  8837 V LynxUsb : synchronization gained: serial=(embedded)
08-07 21:10:41.578  7814  8837 V LynxUsb : onLynxDiscoveryResponseReceived()... module#=173 isParent=true
08-07 21:10:41.578  7814  8837 V LynxUsb : discovered lynx module#=173 isParent=true
08-07 21:10:41.579  7814  8837 V LynxUsb : ...onLynxDiscoveryResponseReceived()
08-07 21:10:42.589  7814  8436 V LynxUsb : discovery waiting complete: #modules=1
08-07 21:10:42.590  7814  8436 V LynxUsb : Checking type of discovered modules
08-07 21:10:42.598  7814  8436 V LynxUsb : addConfiguredModule() module#=173
08-07 21:10:42.600  7814  8436 V LynxModule: pingAndQueryKnownInterfaces mod=173
08-07 21:10:42.619  7814  8436 V LynxModule: mod#=173 queryInterface(DEKA)=54 commands starting at 4096
08-07 21:10:42.631  7814  8436 V LynxModule: sending LynxFtdiResetControlCommand(true) wasInterrupted=false
08-07 21:10:42.638  7814  8436 V LynxModule: sendLEDPatternSteps(): steps=[Step(color=65280, msDuration=1000)]
08-07 21:10:42.644  7814  8436 V LynxModule: setAsControlHubEmbeddedModule(mod=173)
08-07 21:10:42.644  7814  8436 V EmbeddedControlHubModule: setting embedded module
08-07 21:10:42.649  7814  8837 V RobotCore: nack rec'd mod=173 msg#=10 ref#=0 reason=PARAM0:0
08-07 21:10:42.651  7814  8285 V LynxModule: mod#=173 queryInterface(): interface SERVO_HUB is not supported
08-07 21:10:42.652  7814  8436 V LynxModule: sending LynxFtdiResetControlCommand(false) wasInterrupted=false
08-07 21:10:42.654  7814  8436 V LynxModule: close(#173)
08-07 21:10:42.656  7814  8436 V LynxModule: close(#0)
08-07 21:10:42.658  7814  8436 V LynxUsb : ...lynx discovery completed
08-07 21:10:42.658  7814  8436 V FtcEventLoop: assessing LynxModuleMeta(#173,true,ImuType.unknown)
08-07 21:10:42.659  7814  8436 V LynxUsb : addConfiguredModule() module#=173
08-07 21:10:42.661  7814  8436 V LynxModule: pingAndQueryKnownInterfaces mod=173
08-07 21:10:42.677  7814  8436 V LynxModule: mod#=173 queryInterface(DEKA)=54 commands starting at 4096
08-07 21:10:42.689  7814  8436 V LynxModule: sending LynxFtdiResetControlCommand(true) wasInterrupted=false
08-07 21:10:42.693  7814  8436 V LynxModule: sendLEDPatternSteps(): steps=[Step(color=65280, msDuration=1000)]
08-07 21:10:42.697  7814  8436 V LynxModule: setAsControlHubEmbeddedModule(mod=173)
08-07 21:10:42.698  7814  8436 V EmbeddedControlHubModule: setting embedded module
08-07 21:10:42.704  7814  8436 V LynxModule: sending LynxFtdiResetControlCommand(false) wasInterrupted=false
08-07 21:10:42.706  7814  8436 V LynxModule: close(#173)
08-07 21:10:42.708  7814  8436 V LynxUsb : 0x0114206c on 0x0a9b4040: releasing delegate to [(embedded)]
08-07 21:10:42.709  7814  8436 V LynxUsb : disarmDevice() serial=(embedded)...
08-07 21:10:42.709  7814  8436 V LynxUsb : shutting down incoming datagrams
08-07 21:10:42.807  7814  8837 V RobotCore: thread: ...terminating 'lynx incoming datagrams'
08-07 21:10:42.808  7814  8436 V RobotUsbDeviceTTY: closing serial=(embedded) file=/dev/ttyS1
08-07 21:10:42.808  7814  8436 V SerialPortNative: [SerialPort.cpp:254] close(osfd = 110)
08-07 21:10:42.809  7814  8436 V LynxUsb : ...done disarmDevice()
08-07 21:10:42.809  7814  8436 V FtcEventLoop: getUSBAccessibleLynxDevices(): 1 modules found
08-07 21:10:42.809  7814  8436 V FtcEventLoop: ...getUSBAccessibleLynxDevices()
08-07 21:10:42.822  7814  8436 V Robocol : locally injecting CMD_GET_USB_ACCESSIBLE_LYNX_MODULES_RESP
08-07 21:10:46.193  7814  8462 V SessionCookie: added SessionCookie: cookie=cc978c08-fc54-4574-b323-f79aca860b7f uri='/js/rcInfo.json'
08-07 21:10:46.193  7814  8462 I RobotCore: B-it.M-o!#2024.
08-07 21:10:46.211  7814  8462 V SessionCookie: added SessionCookie: cookie=88aad0c8-d6f7-46f4-98e9-986954fdd270 uri='/revHubsAvailableForUpdate'
08-07 21:10:46.211  7814  8462 V Robocol : locally injecting CMD_GET_USB_ACCESSIBLE_LYNX_MODULES
08-07 21:10:46.215  7814  8436 V FtcEventLoop: getUSBAccessibleLynxDevices(includeModuleAddresses=true)...
08-07 21:10:46.215  7814  8285 V FtcConfigTag: scanning USB bus...
08-07 21:10:46.218  7814  8285 V FtDeviceManager: createDeviceInfoList(): 0 USB devices
08-07 21:10:46.218  7814  8285 V USBScan : device count=1
08-07 21:10:46.220  7814  8958 V USBScan : opening (embedded)...
08-07 21:10:46.220  7814  8958 V RobotUsbManagerCombining: FTDI driver failed to open USB device with serial number (embedded) (returned null device)
08-07 21:10:46.221  7814  8958 V SerialPortNative: [SerialPort.cpp:150] opened(/dev/ttyS1): fd=88
08-07 21:10:46.221  7814  8958 V RobotUsbDeviceTTY: opening serial=(embedded) file=/dev/ttyS1
08-07 21:10:46.622  7814  8958 V USBScan : ... done opening (embedded)
08-07 21:10:46.624  7814  8285 V USBScan : closing (embedded)
08-07 21:10:46.624  7814  8285 V RobotUsbDeviceTTY: closing serial=(embedded) file=/dev/ttyS1
08-07 21:10:46.625  7814  8285 V SerialPortNative: [SerialPort.cpp:254] close(osfd = 88)
08-07 21:10:46.630  7814  8285 D UvcContext: usb device is *not* UVC compatible, /dev/bus/usb/003/003
08-07 21:10:46.633  7814  8285 V USBScan : scanForUsbDevices() took 417ms count=1
08-07 21:10:46.633  7814  8285 V FtcConfigTag: .. scanning complete: [(embedded)]
08-07 21:10:46.634  7814  8436 V FtcEventLoop: getUSBAccessibleLynxDevices: found serial=(embedded)
08-07 21:10:46.634  7814  8436 V FtcEventLoop: finding module addresses and current firmware versions
08-07 21:10:46.635  7814  8436 V FtcEventLoop: getUSBAccessibleLynxDevices: finding module address for usbModule (embedded)
08-07 21:10:46.635  7814  8436 V RobotCore: Creating REV Robotics USB Expansion Hub Portal [(embedded)]
08-07 21:10:46.637  7814  8436 V LynxUsb : creating new [(embedded)]: 0x05bbc334
08-07 21:10:46.642  7814  8436 V FtDeviceManager: createDeviceInfoList(): 0 USB devices
08-07 21:10:46.642  7814  8436 V RobotUsbManagerCombining: FTDI driver failed to open USB device with serial number (embedded) (returned null device)
08-07 21:10:46.643  7814  8436 V SerialPortNative: [SerialPort.cpp:150] opened(/dev/ttyS1): fd=88
08-07 21:10:46.644  7814  8436 V RobotUsbDeviceTTY: opening serial=(embedded) file=/dev/ttyS1
08-07 21:10:46.645  7814  8436 V LynxUsb : armDevice() serial=(embedded)...
08-07 21:10:46.645  7814  8436 V LynxUsb : resetDevice() serial=(embedded)
08-07 21:10:46.647  7814  8436 V LynxModule: resetting embedded usb device: isPresent: was=true
08-07 21:10:47.002  7814  8436 V LynxUsb : ...done armDevice()
08-07 21:10:47.003  7814  8960 V RobotCore: thread: 'lynx incoming datagrams' starting...
08-07 21:10:47.003  7814  8436 V LynxUsb : 0x08835ba3 on 0x05bbc334: new delegate to [(embedded)]
08-07 21:10:47.003  7814  8436 V LynxUsb : lynx discovery beginning for device (embedded)
08-07 21:10:47.006  7814  8960 V LynxUsb : synchronization gained: serial=(embedded)
08-07 21:10:47.006  7814  8436 V LynxUsb : discovery waiting 1012ms and 0ns
08-07 21:10:47.006  7814  8960 V LynxUsb : onLynxDiscoveryResponseReceived()... module#=173 isParent=true
08-07 21:10:47.006  7814  8960 V LynxUsb : discovered lynx module#=173 isParent=true
08-07 21:10:47.006  7814  8960 V LynxUsb : ...onLynxDiscoveryResponseReceived()
08-07 21:10:48.018  7814  8436 V LynxUsb : discovery waiting complete: #modules=1
08-07 21:10:48.018  7814  8436 V LynxUsb : Checking type of discovered modules
08-07 21:10:48.019  7814  8436 V LynxUsb : addConfiguredModule() module#=173
08-07 21:10:48.024  7814  8436 V LynxModule: pingAndQueryKnownInterfaces mod=173
08-07 21:10:48.044  7814  8436 V LynxModule: mod#=173 queryInterface(DEKA)=54 commands starting at 4096
08-07 21:10:48.054  7814  8436 V LynxModule: sending LynxFtdiResetControlCommand(true) wasInterrupted=false
08-07 21:10:48.061  7814  8436 V LynxModule: sendLEDPatternSteps(): steps=[Step(color=65280, msDuration=1000)]
08-07 21:10:48.065  7814  8436 V LynxModule: setAsControlHubEmbeddedModule(mod=173)
08-07 21:10:48.066  7814  8436 V EmbeddedControlHubModule: setting embedded module
08-07 21:10:48.070  7814  8960 V RobotCore: nack rec'd mod=173 msg#=10 ref#=0 reason=PARAM0:0
08-07 21:10:48.072  7814  8285 V LynxModule: mod#=173 queryInterface(): interface SERVO_HUB is not supported
08-07 21:10:48.072  7814  8436 V LynxModule: sending LynxFtdiResetControlCommand(false) wasInterrupted=false
08-07 21:10:48.075  7814  8436 V LynxModule: close(#173)
08-07 21:10:48.076  7814  8436 V LynxModule: close(#0)
08-07 21:10:48.077  7814  8436 V LynxUsb : ...lynx discovery completed
08-07 21:10:48.078  7814  8436 V FtcEventLoop: assessing LynxModuleMeta(#173,true,ImuType.unknown)
08-07 21:10:48.078  7814  8436 V LynxUsb : addConfiguredModule() module#=173
08-07 21:10:48.080  7814  8436 V LynxModule: pingAndQueryKnownInterfaces mod=173
08-07 21:10:48.092  7814  8436 V LynxModule: mod#=173 queryInterface(DEKA)=54 commands starting at 4096
08-07 21:10:48.099  7814  8436 V LynxModule: sending LynxFtdiResetControlCommand(true) wasInterrupted=false
08-07 21:10:48.104  7814  8436 V LynxModule: sendLEDPatternSteps(): steps=[Step(color=65280, msDuration=1000)]
08-07 21:10:48.108  7814  8436 V LynxModule: setAsControlHubEmbeddedModule(mod=173)
08-07 21:10:48.108  7814  8436 V EmbeddedControlHubModule: setting embedded module
08-07 21:10:48.114  7814  8436 V LynxModule: sending LynxFtdiResetControlCommand(false) wasInterrupted=false
08-07 21:10:48.117  7814  8436 V LynxModule: close(#173)
08-07 21:10:48.118  7814  8436 V LynxUsb : 0x08835ba3 on 0x05bbc334: releasing delegate to [(embedded)]
08-07 21:10:48.119  7814  8436 V LynxUsb : disarmDevice() serial=(embedded)...
08-07 21:10:48.119  7814  8436 V LynxUsb : shutting down incoming datagrams
08-07 21:10:48.217  7814  8960 V RobotCore: thread: ...terminating 'lynx incoming datagrams'
08-07 21:10:48.218  7814  8436 V RobotUsbDeviceTTY: closing serial=(embedded) file=/dev/ttyS1
08-07 21:10:48.218  7814  8436 V SerialPortNative: [SerialPort.cpp:254] close(osfd = 88)
08-07 21:10:48.219  7814  8436 V LynxUsb : ...done disarmDevice()
08-07 21:10:48.219  7814  8436 V FtcEventLoop: getUSBAccessibleLynxDevices(): 1 modules found
08-07 21:10:48.219  7814  8436 V FtcEventLoop: ...getUSBAccessibleLynxDevices()
08-07 21:10:48.221  7814  8436 V Robocol : locally injecting CMD_GET_USB_ACCESSIBLE_LYNX_MODULES_RESP
08-07 21:10:48.611  7814  7855 W System  : ClassLoader referenced unknown path: 
08-07 21:10:48.612  7814  7855 V SlothTeamCodeLoader: Staged Sloth Load
08-07 21:10:48.612  7814  7855 V OnBotLoadEventHandler: Handling staging of load event
08-07 21:10:48.612  7814  7855 D OnBotLoadEventHandler: Processing Load Events
08-07 21:10:48.642  7814  8783 V Robocol : sending CMD_SHOW_TOAST(382), attempt: 0
--------- beginning of main
08-07 21:10:50.087  9064  9064 D Uvc     : [jni.cpp:72] JNI_OnLoad()...
08-07 21:10:50.087  9064  9064 D Uvc     : [JniEnv.h:32] ScopedJniEnv::onJniLoad()...
08-07 21:10:50.087  9064  9064 D Uvc     : [JniEnv.h:32] ...ScopedJniEnv::onJniLoad()
08-07 21:10:50.087  9064  9064 D Uvc     : [jni.cpp:72] ...JNI_OnLoad()
08-07 21:10:50.094  9064  9064 V AppUtil : initializing: getExternalStorageDirectory()=/storage/emulated/0
08-07 21:10:50.097  9064  9064 I AppUtil : found usbFileSystemRoot: /dev/bus/usb
08-07 21:10:50.099  9064  9064 I robotcontroller: type=1400 audit(0.0:343): avc: denied { read } for name="direction" dev="sysfs" ino=16332 scontext=u:r:untrusted_app:s0:c512,c768 tcontext=u:object_r:sysfs:s0 tclass=file permissive=1
08-07 21:10:50.099  9064  9064 I robotcontroller: type=1400 audit(0.0:344): avc: denied { open } for path="/sys/devices/pinctrl.26/gpio/gpio50/direction" dev="sysfs" ino=16332 scontext=u:r:untrusted_app:s0:c512,c768 tcontext=u:object_r:sysfs:s0 tclass=file permissive=1
08-07 21:10:50.107  9064  9064 I AppAliveNotifier: Telling the OS to set the RC alive notification timeout to 20 seconds
08-07 21:10:50.099  9064  9064 I robotcontroller: type=1400 audit(0.0:345): avc: denied { getattr } for path="/sys/devices/pinctrl.26/gpio/gpio50/direction" dev="sysfs" ino=16332 scontext=u:r:untrusted_app:s0:c512,c768 tcontext=u:object_r:sysfs:s0 tclass=file permissive=1
08-07 21:10:50.099  9064  9064 I robotcontroller: type=1400 audit(0.0:346): avc: denied { write } for name="value" dev="sysfs" ino=13336 scontext=u:r:untrusted_app:s0:c512,c768 tcontext=u:object_r:sysfs:s0 tclass=file permissive=1
08-07 21:10:50.115  9064  9084 V RobotCore: saving logcat to /storage/emulated/0/robotControllerLog.txt
08-07 21:10:50.115  9064  9084 V RobotCore: logging command line: exec logcat -f /storage/emulated/0/robotControllerLog.txt -r4096 -n4 -v threadtime UsbRequestJNI:S UsbRequest:S art:W ThreadPool:W System:W ExtendedExtractor:W OMXClient:W MediaPlayer:W dalvikvm:W  *:V
08-07 21:10:50.125  9064  9064 V AppUtil : rootActivity=PermissionValidatorWrapper
08-07 21:10:50.126  9064  9064 I PermissionValidatorActivity: Lifecycle onCreate : 21fe8bb
08-07 21:10:50.150  9064  9084 I RobotCore: Done running ps
08-07 21:10:50.159  9087  9087 I sh      : type=1400 audit(0.0:347): avc: denied { read } for name="/" dev="rootfs" ino=1 scontext=u:r:untrusted_app:s0:c512,c768 tcontext=u:object_r:rootfs:s0 tclass=dir permissive=1
08-07 21:10:50.159  9087  9087 I sh      : type=1400 audit(0.0:348): avc: denied { open } for path="/" dev="rootfs" ino=1 scontext=u:r:untrusted_app:s0:c512,c768 tcontext=u:object_r:rootfs:s0 tclass=dir permissive=1
08-07 21:10:50.176  9064  9064 I PermissionValidatorActivity: Lifecycle onStart : 21fe8bb
08-07 21:10:50.178  9064  9064 I PermissionValidator: Checking permission for android.permission.WRITE_EXTERNAL_STORAGE
08-07 21:10:50.180  9064  9064 I PermissionValidator:     Granted: android.permission.WRITE_EXTERNAL_STORAGE
08-07 21:10:50.180  9064  9064 I PermissionValidator: Checking permission for android.permission.READ_EXTERNAL_STORAGE
08-07 21:10:50.182  9064  9064 I PermissionValidator:     Granted: android.permission.READ_EXTERNAL_STORAGE
08-07 21:10:50.182  9064  9064 I PermissionValidator: Checking permission for android.permission.CAMERA
08-07 21:10:50.183  9064  9064 I PermissionValidator:     Granted: android.permission.CAMERA
08-07 21:10:50.184  9064  9064 I PermissionValidator: Checking permission for android.permission.ACCESS_COARSE_LOCATION
08-07 21:10:50.184  9064  9064 I PermissionValidator:     Granted: android.permission.ACCESS_COARSE_LOCATION
08-07 21:10:50.185  9064  9064 I PermissionValidator: Checking permission for android.permission.ACCESS_FINE_LOCATION
08-07 21:10:50.185  9064  9064 I PermissionValidator:     Granted: android.permission.ACCESS_FINE_LOCATION
08-07 21:10:50.186  9064  9064 I PermissionValidator: Checking permission for android.permission.READ_PHONE_STATE
08-07 21:10:50.187  9064  9064 I PermissionValidator:     Granted: android.permission.READ_PHONE_STATE
08-07 21:10:50.191  9064  9064 V ServiceStarter: attempting to start service MediaTransferProtocolMonitorService
08-07 21:10:50.193  9064  9064 V ServiceStarter: started service MediaTransferProtocolMonitorService
08-07 21:10:50.194  9064  9064 V ServiceStarter: attempting to start service OnBotJavaService
08-07 21:10:50.196  9064  9064 V ServiceStarter: started service OnBotJavaService
08-07 21:10:50.197  9064  9064 I PermissionValidatorActivity: All permissions validated.  Starting RobotController
08-07 21:10:50.209  9064  9064 V MTPMonitorService: onCreate()
08-07 21:10:50.210  9064  9064 V MTPMonitorService: onStartCommand() intent=Intent { cmp=com.qualcomm.ftcrobotcontroller/org.firstinspires.ftc.robotcore.internal.files.MediaTransferProtocolMonitorService } flags=0x0 startId=1
08-07 21:10:50.215  9064  9064 V MTPMonitor: observing: /storage/emulated/0
08-07 21:10:52.259  9064  9064 V OnBotJavaService: onCreate()
08-07 21:10:52.260  9064  9064 V OnBotJavaService: onStartCommand() intent=Intent { cmp=com.qualcomm.ftcrobotcontroller/org.firstinspires.ftc.onbotjava.OnBotJavaService } flags=0x0 startId=1
08-07 21:10:52.261  9064  9064 V OnBotJava: OnBotJavaManager::static
08-07 21:10:52.927  9064  9064 V OnBotJava: ctor()...
08-07 21:10:52.930  9064  9064 V OnBotJava: ...ctor()
08-07 21:10:52.935  9064  9064 V RCActivity: Permissions validated already
08-07 21:10:52.936  9064  9064 V RCActivity: onCreate()
08-07 21:10:52.938  9064  9064 V RCActivity: rootActivity is of class PermissionValidatorWrapper
08-07 21:10:52.941  9064  9064 V RCActivity: launchActivity is of class class org.firstinspires.ftc.robotcontroller.internal.PermissionValidatorWrapper
08-07 21:10:52.949  9064  9191 V CallbackLooper: thread=132
08-07 21:10:52.954  9064  9064 V NetDiscover_wifiDirectAgent: doStart()...
08-07 21:10:52.959  9064  9064 V NetDiscover_wifiDirectAgent: ...doStart()
08-07 21:10:52.960  9064  9064 V NetDiscover_prefremrc: ----- all preferences -----
08-07 21:10:52.960  9064  9064 V NetDiscover_prefremrc: name='android.permission.READ_PHONE_STATE' value=false
08-07 21:10:52.960  9064  9064 V NetDiscover_prefremrc: name='pref_autostarted_robot_controller' value=true
08-07 21:10:52.960  9064  9064 V NetDiscover_prefremrc: name='pref_warn_about_obsolete_software' value=true
08-07 21:10:52.961  9064  9064 V NetDiscover_prefremrc: name='pref_has_independent_phone_battery' value=false
08-07 21:10:52.961  9064  9064 V NetDiscover_prefremrc: name='android.permission.CAMERA' value=false
08-07 21:10:52.961  9064  9064 V NetDiscover_prefremrc: name='pref_wifip2p_remote_channel_change_works' value=false
08-07 21:10:52.961  9064  9064 V NetDiscover_prefremrc: name='pref_hardware_config_filename' value={"isDirty":false,"location":"LOCAL_STORAGE","name":"Offseason","resourceId":0}
08-07 21:10:52.961  9064  9064 V NetDiscover_prefremrc: name='pref_warn_about_mismatched_app_versions' value=true
08-07 21:10:52.961  9064  9064 V NetDiscover_prefremrc: name='pref_sound_on_off' value=false
08-07 21:10:52.961  9064  9064 V NetDiscover_prefremrc: name='pref_ftc_season_year_of_current_rc_new' value=2024
08-07 21:10:52.961  9064  9064 V NetDiscover_prefremrc: name='App Restrictions' value=AAAAAA==
08-07 21:10:52.961  9064  9064 V NetDiscover_prefremrc:     
08-07 21:10:52.962  9064  9064 V NetDiscover_prefremrc: name='pref_warn_about_incorrect_clocks' value=true
08-07 21:10:52.962  9064  9064 V NetDiscover_prefremrc: name='pref_has_speaker' value=false
08-07 21:10:52.962  9064  9064 V NetDiscover_prefremrc: name='android.permission.ACCESS_COARSE_LOCATION' value=false
08-07 21:10:52.962  9064  9064 V NetDiscover_prefremrc: name='android.permission.WRITE_EXTERNAL_STORAGE' value=false
08-07 21:10:52.962  9064  9064 V NetDiscover_prefremrc: name='pref_connection_owner_password' value=B-it.M-o!#2024.
08-07 21:10:52.962  9064  9064 V NetDiscover_prefremrc: name='pref_pairing_kind' value=RCWIRELESSAP
08-07 21:10:52.962  9064  9064 V NetDiscover_prefremrc: name='pref_device_name_internal' value=20965-RC
08-07 21:10:52.962  9064  9064 V NetDiscover_prefremrc: name='android.permission.ACCESS_FINE_LOCATION' value=false
08-07 21:10:52.962  9064  9064 V NetDiscover_prefremrc: name='pref_app_theme' value=red
08-07 21:10:52.962  9064  9064 V NetDiscover_prefremrc: name='pref_device_name' value=20965-RC
08-07 21:10:52.962  9064  9064 V NetDiscover_prefremrc: name='pref_warn_about_2_4_ghz_band' value=true
08-07 21:10:52.963  9064  9064 V NetDiscover_prefremrc: name='pref_device_name_tracking' value=WIFIAP
08-07 21:10:52.963  9064  9064 V NetDiscover_prefremrc: name='android.permission.READ_EXTERNAL_STORAGE' value=false
08-07 21:10:52.963  9064  9064 V NetDiscover_prefremrc: name='pref_rc_connected' value=true
08-07 21:10:52.969  9064  9064 V Robocol : SendOnceRunnable created
08-07 21:10:52.972  9064  9064 V NetDiscover_prefremrc: doStart()...
08-07 21:10:52.972  9064  9064 V NetDiscover_prefremrc: ...doStart()
08-07 21:10:53.002  9064  9064 W System  : ClassLoader referenced unknown path: /system/app/webview/lib/arm64
08-07 21:10:53.003  9064  9064 D ApplicationLoaders: ignored Vulkan layer search path /system/app/webview/lib/arm64:/system/app/webview/webview.apk!/lib/arm64-v8a:/system/lib64:/vendor/lib64 for namespace 0x7e70d480f0
08-07 21:10:53.006  9064  9064 I WebViewFactory: Loading com.android.webview version 52.0.2743.100 (code 275610050)
08-07 21:10:53.041  9064  9064 I cr_LibraryLoader: Time to load native libraries: 3 ms (timestamps 7978-7981)
08-07 21:10:53.042  9064  9064 I cr_LibraryLoader: Expected native library version number "52.0.2743.100", actual native library version number "52.0.2743.100"
08-07 21:10:53.055  9064  9064 V WebViewChromiumFactoryProvider: Binding Chromium to main looper Looper (main, tid 1) {6d605c2}
08-07 21:10:53.055  9064  9064 I cr_LibraryLoader: Expected native library version number "52.0.2743.100", actual native library version number "52.0.2743.100"
08-07 21:10:53.056  9064  9064 I chromium: [INFO:library_loader_hooks.cc(143)] Chromium logging enabled: level = 0, default verbosity = 0
08-07 21:10:53.075  9064  9064 I cr_BrowserStartup: Initializing chromium process, singleProcess=true
08-07 21:10:53.101  9064  9064 I mali_so : [File] : hardware/rockchip/driver/./src/base/arch/arch_011_udd/base_arch_main.c; [Line] : 565; [Func] : deal_with_version_affairs_rk_ext;
08-07 21:10:53.101  9064  9064 I mali_so : arm_release_ver of this mali_so is 'r7p0-00rel1', rk_so_ver is '1@2' for 3328h_android_7.1, built at '15:47:51', on 'Jun 28 2017'.
08-07 21:10:53.101  9064  9064 I mali_so : [File] : hardware/rockchip/driver/./src/base/arch/arch_011_udd/base_arch_main.c; [Line] : 578; [Func] : deal_with_version_affairs_rk_ext;
08-07 21:10:53.101  9064  9064 I mali_so : mali_ver_property has been set to 'r7p0-00rel1-5-1@2', to return.
08-07 21:10:53.150  9064  9064 I cr_DRP  : No DRP key due to exception:java.lang.ClassNotFoundException: com.android.webview.chromium.Drp
08-07 21:10:53.193  9064  9064 W cr_AwContents: onDetachedFromWindow called when already detached. Ignoring
08-07 21:10:53.981  9064  9064 W ClassManager: kotlin.io.path.DirectoryEntriesReader java.lang.ClassNotFoundException: kotlin.io.path.DirectoryEntriesReader
08-07 21:10:53.985  9064  9064 E ClassManager: java.lang.ClassNotFoundException: kotlin.io.path.DirectoryEntriesReader
08-07 21:10:53.987  9064  9064 E ClassManager: 	at java.lang.Class.classForName(Native Method)
08-07 21:10:53.988  9064  9064 E ClassManager: 	at java.lang.Class.forName(Class.java:400)
08-07 21:10:53.992  9064  9064 E ClassManager: 	at org.firstinspires.ftc.robotcore.internal.opmode.ClassManager.classNamesToClasses(ClassManager.java:228)
08-07 21:10:53.994  9064  9064 E ClassManager: 	at org.firstinspires.ftc.robotcore.internal.opmode.ClassManager.processAllClasses(ClassManager.java:279)
08-07 21:10:53.996  9064  9064 E ClassManager: 	at com.qualcomm.ftccommon.ClassManagerFactory.processAllClasses(ClassManagerFactory.java:102)
08-07 21:10:53.999  9064  9064 E ClassManager: 	at org.firstinspires.ftc.robotcontroller.internal.FtcRobotControllerActivity.onCreate(FtcRobotControllerActivity.java:356)
08-07 21:10:53.999  9064  9064 E ClassManager: 	at android.app.Activity.performCreate(Activity.java:6709)
08-07 21:10:54.000  9064  9064 E ClassManager: 	at android.app.Instrumentation.callActivityOnCreate(Instrumentation.java:1118)
08-07 21:10:54.001  9064  9064 E ClassManager: 	at android.app.ActivityThread.performLaunchActivity(ActivityThread.java:2619)
08-07 21:10:54.001  9064  9064 E ClassManager: 	at android.app.ActivityThread.handleLaunchActivity(ActivityThread.java:2727)
08-07 21:10:54.002  9064  9064 E ClassManager: 	at android.app.ActivityThread.-wrap12(ActivityThread.java)
08-07 21:10:54.002  9064  9064 E ClassManager: 	at android.app.ActivityThread$H.handleMessage(ActivityThread.java:1478)
08-07 21:10:54.003  9064  9064 E ClassManager: 	at android.os.Handler.dispatchMessage(Handler.java:102)
08-07 21:10:54.003  9064  9064 E ClassManager: 	at android.os.Looper.loop(Looper.java:154)
08-07 21:10:54.004  9064  9064 E ClassManager: 	at android.app.ActivityThread.main(ActivityThread.java:6121)
08-07 21:10:54.004  9064  9064 E ClassManager: 	at java.lang.reflect.Method.invoke(Native Method)
08-07 21:10:54.005  9064  9064 E ClassManager: 	at com.android.internal.os.ZygoteInit$MethodAndArgsCaller.run(ZygoteInit.java:905)
08-07 21:10:54.005  9064  9064 E ClassManager: 	at com.android.internal.os.ZygoteInit.main(ZygoteInit.java:795)
08-07 21:10:54.009  9064  9064 E ClassManager: Caused by: java.lang.ClassNotFoundException: Didn't find class "kotlin.io.path.DirectoryEntriesReader" on path: DexPathList[[dex file "/storage/emulated/0/FIRST/java/build/jars/onBotJavaJar-2024-02-24+07.43.44-2008749569/classes.dex"],nativeLibraryDirectories=[/system/lib64, /vendor/lib64]]
08-07 21:10:54.010  9064  9064 E ClassManager: 	at dalvik.system.BaseDexClassLoader.findClass(BaseDexClassLoader.java:56)
08-07 21:10:54.011  9064  9064 E ClassManager: 	at java.lang.ClassLoader.loadClass(ClassLoader.java:380)
08-07 21:10:54.011  9064  9064 E ClassManager: 	at java.lang.ClassLoader.loadClass(ClassLoader.java:312)
08-07 21:10:54.012  9064  9064 E ClassManager: 	... 18 more
08-07 21:10:54.017  9064  9064 W ClassManager: kotlin.io.path.FileVisitorImpl java.lang.ClassNotFoundException: kotlin.io.path.FileVisitorImpl
08-07 21:10:54.018  9064  9064 E ClassManager: java.lang.ClassNotFoundException: kotlin.io.path.FileVisitorImpl
08-07 21:10:54.018  9064  9064 E ClassManager: 	at java.lang.Class.classForName(Native Method)
08-07 21:10:54.019  9064  9064 E ClassManager: 	at java.lang.Class.forName(Class.java:400)
08-07 21:10:54.020  9064  9064 E ClassManager: 	at org.firstinspires.ftc.robotcore.internal.opmode.ClassManager.classNamesToClasses(ClassManager.java:228)
08-07 21:10:54.021  9064  9064 E ClassManager: 	at org.firstinspires.ftc.robotcore.internal.opmode.ClassManager.processAllClasses(ClassManager.java:279)
08-07 21:10:54.021  9064  9064 E ClassManager: 	at com.qualcomm.ftccommon.ClassManagerFactory.processAllClasses(ClassManagerFactory.java:102)
08-07 21:10:54.022  9064  9064 E ClassManager: 	at org.firstinspires.ftc.robotcontroller.internal.FtcRobotControllerActivity.onCreate(FtcRobotControllerActivity.java:356)
08-07 21:10:54.022  9064  9064 E ClassManager: 	at android.app.Activity.performCreate(Activity.java:6709)
08-07 21:10:54.023  9064  9064 E ClassManager: 	at android.app.Instrumentation.callActivityOnCreate(Instrumentation.java:1118)
08-07 21:10:54.024  9064  9064 E ClassManager: 	at android.app.ActivityThread.performLaunchActivity(ActivityThread.java:2619)
08-07 21:10:54.024  9064  9064 E ClassManager: 	at android.app.ActivityThread.handleLaunchActivity(ActivityThread.java:2727)
08-07 21:10:54.025  9064  9064 E ClassManager: 	at android.app.ActivityThread.-wrap12(ActivityThread.java)
08-07 21:10:54.026  9064  9064 E ClassManager: 	at android.app.ActivityThread$H.handleMessage(ActivityThread.java:1478)
08-07 21:10:54.026  9064  9064 E ClassManager: 	at android.os.Handler.dispatchMessage(Handler.java:102)
08-07 21:10:54.027  9064  9064 E ClassManager: 	at android.os.Looper.loop(Looper.java:154)
08-07 21:10:54.028  9064  9064 E ClassManager: 	at android.app.ActivityThread.main(ActivityThread.java:6121)
08-07 21:10:54.028  9064  9064 E ClassManager: 	at java.lang.reflect.Method.invoke(Native Method)
08-07 21:10:54.028  9064  9064 E ClassManager: 	at com.android.internal.os.ZygoteInit$MethodAndArgsCaller.run(ZygoteInit.java:905)
08-07 21:10:54.029  9064  9064 E ClassManager: 	at com.android.internal.os.ZygoteInit.main(ZygoteInit.java:795)
08-07 21:10:54.031  9064  9064 E ClassManager: Caused by: java.lang.ClassNotFoundException: Didn't find class "kotlin.io.path.FileVisitorImpl" on path: DexPathList[[dex file "/storage/emulated/0/FIRST/java/build/jars/onBotJavaJar-2024-02-24+07.43.44-2008749569/classes.dex"],nativeLibraryDirectories=[/system/lib64, /vendor/lib64]]
08-07 21:10:54.031  9064  9064 E ClassManager: 	at dalvik.system.BaseDexClassLoader.findClass(BaseDexClassLoader.java:56)
08-07 21:10:54.032  9064  9064 E ClassManager: 	at java.lang.ClassLoader.loadClass(ClassLoader.java:380)
08-07 21:10:54.032  9064  9064 E ClassManager: 	at java.lang.ClassLoader.loadClass(ClassLoader.java:312)
08-07 21:10:54.032  9064  9064 E ClassManager: 	... 18 more
08-07 21:10:54.036  9064  9064 W ClassManager: kotlin.io.path.IllegalFileNameException java.lang.ClassNotFoundException: kotlin.io.path.IllegalFileNameException
08-07 21:10:54.037  9064  9064 E ClassManager: java.lang.ClassNotFoundException: kotlin.io.path.IllegalFileNameException
08-07 21:10:54.038  9064  9064 E ClassManager: 	at java.lang.Class.classForName(Native Method)
08-07 21:10:54.038  9064  9064 E ClassManager: 	at java.lang.Class.forName(Class.java:400)
08-07 21:10:54.039  9064  9064 E ClassManager: 	at org.firstinspires.ftc.robotcore.internal.opmode.ClassManager.classNamesToClasses(ClassManager.java:228)
08-07 21:10:54.040  9064  9064 E ClassManager: 	at org.firstinspires.ftc.robotcore.internal.opmode.ClassManager.processAllClasses(ClassManager.java:279)
08-07 21:10:54.041  9064  9064 E ClassManager: 	at com.qualcomm.ftccommon.ClassManagerFactory.processAllClasses(ClassManagerFactory.java:102)
08-07 21:10:54.041  9064  9064 E ClassManager: 	at org.firstinspires.ftc.robotcontroller.internal.FtcRobotControllerActivity.onCreate(FtcRobotControllerActivity.java:356)
08-07 21:10:54.042  9064  9064 E ClassManager: 	at android.app.Activity.performCreate(Activity.java:6709)
08-07 21:10:54.042  9064  9064 E ClassManager: 	at android.app.Instrumentation.callActivityOnCreate(Instrumentation.java:1118)
08-07 21:10:54.043  9064  9064 E ClassManager: 	at android.app.ActivityThread.performLaunchActivity(ActivityThread.java:2619)
08-07 21:10:54.043  9064  9064 E ClassManager: 	at android.app.ActivityThread.handleLaunchActivity(ActivityThread.java:2727)
08-07 21:10:54.044  9064  9064 E ClassManager: 	at android.app.ActivityThread.-wrap12(ActivityThread.java)
08-07 21:10:54.044  9064  9064 E ClassManager: 	at android.app.ActivityThread$H.handleMessage(ActivityThread.java:1478)
08-07 21:10:54.045  9064  9064 E ClassManager: 	at android.os.Handler.dispatchMessage(Handler.java:102)
08-07 21:10:54.045  9064  9064 E ClassManager: 	at android.os.Looper.loop(Looper.java:154)
08-07 21:10:54.046  9064  9064 E ClassManager: 	at android.app.ActivityThread.main(ActivityThread.java:6121)
08-07 21:10:54.046  9064  9064 E ClassManager: 	at java.lang.reflect.Method.invoke(Native Method)
08-07 21:10:54.047  9064  9064 E ClassManager: 	at com.android.internal.os.ZygoteInit$MethodAndArgsCaller.run(ZygoteInit.java:905)
08-07 21:10:54.047  9064  9064 E ClassManager: 	at com.android.internal.os.ZygoteInit.main(ZygoteInit.java:795)
08-07 21:10:54.049  9064  9064 E ClassManager: Caused by: java.lang.ClassNotFoundException: Didn't find class "kotlin.io.path.IllegalFileNameException" on path: DexPathList[[dex file "/storage/emulated/0/FIRST/java/build/jars/onBotJavaJar-2024-02-24+07.43.44-2008749569/classes.dex"],nativeLibraryDirectories=[/system/lib64, /vendor/lib64]]
08-07 21:10:54.049  9064  9064 E ClassManager: 	at dalvik.system.BaseDexClassLoader.findClass(BaseDexClassLoader.java:56)
08-07 21:10:54.050  9064  9064 E ClassManager: 	at java.lang.ClassLoader.loadClass(ClassLoader.java:380)
08-07 21:10:54.051  9064  9064 E ClassManager: 	at java.lang.ClassLoader.loadClass(ClassLoader.java:312)
08-07 21:10:54.051  9064  9064 E ClassManager: 	... 18 more
08-07 21:10:54.142  9064  9064 W ClassManager: org.ejml.dense.row.DMatrixComponent java.lang.ClassNotFoundException: org.ejml.dense.row.DMatrixComponent
08-07 21:10:54.144  9064  9064 E ClassManager: java.lang.ClassNotFoundException: org.ejml.dense.row.DMatrixComponent
08-07 21:10:54.145  9064  9064 E ClassManager: 	at java.lang.Class.classForName(Native Method)
08-07 21:10:54.145  9064  9064 E ClassManager: 	at java.lang.Class.forName(Class.java:400)
08-07 21:10:54.146  9064  9064 E ClassManager: 	at org.firstinspires.ftc.robotcore.internal.opmode.ClassManager.classNamesToClasses(ClassManager.java:228)
08-07 21:10:54.147  9064  9064 E ClassManager: 	at org.firstinspires.ftc.robotcore.internal.opmode.ClassManager.processAllClasses(ClassManager.java:279)
08-07 21:10:54.147  9064  9064 E ClassManager: 	at com.qualcomm.ftccommon.ClassManagerFactory.processAllClasses(ClassManagerFactory.java:102)
08-07 21:10:54.148  9064  9064 E ClassManager: 	at org.firstinspires.ftc.robotcontroller.internal.FtcRobotControllerActivity.onCreate(FtcRobotControllerActivity.java:356)
08-07 21:10:54.148  9064  9064 E ClassManager: 	at android.app.Activity.performCreate(Activity.java:6709)
08-07 21:10:54.148  9064  9064 E ClassManager: 	at android.app.Instrumentation.callActivityOnCreate(Instrumentation.java:1118)
08-07 21:10:54.149  9064  9064 E ClassManager: 	at android.app.ActivityThread.performLaunchActivity(ActivityThread.java:2619)
08-07 21:10:54.149  9064  9064 E ClassManager: 	at android.app.ActivityThread.handleLaunchActivity(ActivityThread.java:2727)
08-07 21:10:54.150  9064  9064 E ClassManager: 	at android.app.ActivityThread.-wrap12(ActivityThread.java)
08-07 21:10:54.150  9064  9064 E ClassManager: 	at android.app.ActivityThread$H.handleMessage(ActivityThread.java:1478)
08-07 21:10:54.151  9064  9064 E ClassManager: 	at android.os.Handler.dispatchMessage(Handler.java:102)
08-07 21:10:54.151  9064  9064 E ClassManager: 	at android.os.Looper.loop(Looper.java:154)
08-07 21:10:54.151  9064  9064 E ClassManager: 	at android.app.ActivityThread.main(ActivityThread.java:6121)
08-07 21:10:54.152  9064  9064 E ClassManager: 	at java.lang.reflect.Method.invoke(Native Method)
08-07 21:10:54.152  9064  9064 E ClassManager: 	at com.android.internal.os.ZygoteInit$MethodAndArgsCaller.run(ZygoteInit.java:905)
08-07 21:10:54.152  9064  9064 E ClassManager: 	at com.android.internal.os.ZygoteInit.main(ZygoteInit.java:795)
08-07 21:10:54.154  9064  9064 E ClassManager: Caused by: java.lang.ClassNotFoundException: Didn't find class "org.ejml.dense.row.DMatrixComponent" on path: DexPathList[[dex file "/storage/emulated/0/FIRST/java/build/jars/onBotJavaJar-2024-02-24+07.43.44-2008749569/classes.dex"],nativeLibraryDirectories=[/system/lib64, /vendor/lib64]]
08-07 21:10:54.154  9064  9064 E ClassManager: 	at dalvik.system.BaseDexClassLoader.findClass(BaseDexClassLoader.java:56)
08-07 21:10:54.155  9064  9064 E ClassManager: 	at java.lang.ClassLoader.loadClass(ClassLoader.java:380)
08-07 21:10:54.155  9064  9064 E ClassManager: 	at java.lang.ClassLoader.loadClass(ClassLoader.java:312)
08-07 21:10:54.155  9064  9064 E ClassManager: 	... 18 more
08-07 21:10:54.160  9064  9064 W ClassManager: org.ejml.dense.row.FMatrixComponent java.lang.ClassNotFoundException: org.ejml.dense.row.FMatrixComponent
08-07 21:10:54.161  9064  9064 E ClassManager: java.lang.ClassNotFoundException: org.ejml.dense.row.FMatrixComponent
08-07 21:10:54.161  9064  9064 E ClassManager: 	at java.lang.Class.classForName(Native Method)
08-07 21:10:54.162  9064  9064 E ClassManager: 	at java.lang.Class.forName(Class.java:400)
08-07 21:10:54.162  9064  9064 E ClassManager: 	at org.firstinspires.ftc.robotcore.internal.opmode.ClassManager.classNamesToClasses(ClassManager.java:228)
08-07 21:10:54.163  9064  9064 E ClassManager: 	at org.firstinspires.ftc.robotcore.internal.opmode.ClassManager.processAllClasses(ClassManager.java:279)
08-07 21:10:54.163  9064  9064 E ClassManager: 	at com.qualcomm.ftccommon.ClassManagerFactory.processAllClasses(ClassManagerFactory.java:102)
08-07 21:10:54.164  9064  9064 E ClassManager: 	at org.firstinspires.ftc.robotcontroller.internal.FtcRobotControllerActivity.onCreate(FtcRobotControllerActivity.java:356)
08-07 21:10:54.165  9064  9064 E ClassManager: 	at android.app.Activity.performCreate(Activity.java:6709)
08-07 21:10:54.165  9064  9064 E ClassManager: 	at android.app.Instrumentation.callActivityOnCreate(Instrumentation.java:1118)
08-07 21:10:54.165  9064  9064 E ClassManager: 	at android.app.ActivityThread.performLaunchActivity(ActivityThread.java:2619)
08-07 21:10:54.166  9064  9064 E ClassManager: 	at android.app.ActivityThread.handleLaunchActivity(ActivityThread.java:2727)
08-07 21:10:54.166  9064  9064 E ClassManager: 	at android.app.ActivityThread.-wrap12(ActivityThread.java)
08-07 21:10:54.166  9064  9064 E ClassManager: 	at android.app.ActivityThread$H.handleMessage(ActivityThread.java:1478)
08-07 21:10:54.167  9064  9064 E ClassManager: 	at android.os.Handler.dispatchMessage(Handler.java:102)
08-07 21:10:54.167  9064  9064 E ClassManager: 	at android.os.Looper.loop(Looper.java:154)
08-07 21:10:54.168  9064  9064 E ClassManager: 	at android.app.ActivityThread.main(ActivityThread.java:6121)
08-07 21:10:54.168  9064  9064 E ClassManager: 	at java.lang.reflect.Method.invoke(Native Method)
08-07 21:10:54.169  9064  9064 E ClassManager: 	at com.android.internal.os.ZygoteInit$MethodAndArgsCaller.run(ZygoteInit.java:905)
08-07 21:10:54.169  9064  9064 E ClassManager: 	at com.android.internal.os.ZygoteInit.main(ZygoteInit.java:795)
08-07 21:10:54.171  9064  9064 E ClassManager: Caused by: java.lang.ClassNotFoundException: Didn't find class "org.ejml.dense.row.FMatrixComponent" on path: DexPathList[[dex file "/storage/emulated/0/FIRST/java/build/jars/onBotJavaJar-2024-02-24+07.43.44-2008749569/classes.dex"],nativeLibraryDirectories=[/system/lib64, /vendor/lib64]]
08-07 21:10:54.171  9064  9064 E ClassManager: 	at dalvik.system.BaseDexClassLoader.findClass(BaseDexClassLoader.java:56)
08-07 21:10:54.172  9064  9064 E ClassManager: 	at java.lang.ClassLoader.loadClass(ClassLoader.java:380)
08-07 21:10:54.172  9064  9064 E ClassManager: 	at java.lang.ClassLoader.loadClass(ClassLoader.java:312)
08-07 21:10:54.172  9064  9064 E ClassManager: 	... 18 more
08-07 21:10:57.192  9064  9064 V UpdateUI: Network: inactive, disconnected
08-07 21:10:57.192  9064  9064 V ServiceStarter: attempting to start service FtcRobotControllerWatchdogService
08-07 21:10:57.195  9064  9064 V ServiceStarter: started service FtcRobotControllerWatchdogService
08-07 21:10:57.213  9064  9064 I RobotCore: App info: version=10.3.0 appId=com.qualcomm.ftcrobotcontroller
08-07 21:10:57.213  9064  9064 I RobotCore: Android Device: maker=REV Robotics model=Control Hub v1.0 sdk=25 serial=294e7c6ce246bc08
08-07 21:10:57.214  9064  9064 V AndroidBoard: REV Control Hub contains REV3328
08-07 21:10:57.214  9064  9064 V AndroidBoard: Communicating with embedded REV hub via /dev/ttyS1
08-07 21:10:57.229  9064  9064 V Sinister: attempting boot on create
08-07 21:10:57.229  9064  9064 V Sinister: not yet booted, booting
08-07 21:10:57.229  9064  9064 V Sinister: setting Sinister delegate
08-07 21:10:57.229  9064  9195 V Sinister: notifying that app is alive
08-07 21:10:57.230  9064  9195 I AppAliveNotifier: Telling the OS to set the RC alive notification timeout to 10 seconds
08-07 21:10:57.274  9064  9064 V Sinister: self booting...
08-07 21:10:58.248  9064  9064 E Sinister: Error occurred while locating class: java.lang.ClassNotFoundException: com.journeyapps.barcodescanner.ScanContract.
08-07 21:10:58.375  9064  9064 E Sinister: Error occurred while locating class: java.lang.ClassNotFoundException: com.qualcomm.robotcore.wifi.WifiDirectAssistantAndroid10Extensions$1.
08-07 21:10:58.541  9064  9064 E Sinister: Error occurred while locating class: java.lang.ClassNotFoundException: com.sun.tools.javac.model.AnnotationProxyMaker$MirroredTypeExceptionProxy.
08-07 21:10:58.547  9064  9064 E Sinister: Error occurred while locating class: java.lang.ClassNotFoundException: com.sun.tools.javac.model.AnnotationProxyMaker$MirroredTypesExceptionProxy.
08-07 21:10:58.553  9064  9064 E Sinister: Error occurred while locating class: java.lang.ClassNotFoundException: com.sun.tools.javac.model.AnnotationProxyMaker$ValueVisitor$1AnnotationTypeMismatchExceptionProxy.
08-07 21:10:58.563  9064  9064 E Sinister: Error occurred while locating class: java.lang.ClassNotFoundException: com.sun.tools.javac.nio.JavacPathFileManager$1.
08-07 21:10:58.922  9064  9064 E Sinister: Error occurred while locating class: java.lang.NoClassDefFoundError: Failed resolution of: Ljavax/swing/JPanel;.
08-07 21:10:58.924  9064  9064 E Sinister: Error occurred while locating class: java.lang.NoClassDefFoundError: Failed resolution of: Ljavax/swing/JPanel;.
08-07 21:10:59.734  9064  9064 W art     : Before Android 4.1, method double java.util.concurrent.ThreadLocalRandom.internalNextDouble(double, double) would have incorrectly overridden the package-private method in java.util.Random
08-07 21:10:59.734  9064  9064 W art     : Before Android 4.1, method int java.util.concurrent.ThreadLocalRandom.internalNextInt(int, int) would have incorrectly overridden the package-private method in java.util.Random
08-07 21:10:59.734  9064  9064 W art     : Before Android 4.1, method long java.util.concurrent.ThreadLocalRandom.internalNextLong(long, long) would have incorrectly overridden the package-private method in java.util.Random
08-07 21:10:59.734  9064  9349 V Sinister: running scanner dev.frozenmilk.sinister.configurable.ConfigurableScanner
08-07 21:11:00.671  9064  9349 V ConfigurableScanner: Configured core logging and warn utilities
08-07 21:11:00.671  9064  9349 V ConfigurableScanner: Log: dev.frozenmilk.sinister.util.OnBotLogger@f1a7233
08-07 21:11:00.671  9064  9349 V ConfigurableScanner: Warn: dev.frozenmilk.sinister.util.OnBotWarn@37b59ee
08-07 21:11:00.671  9064  9349 V ConfigurableScanner: configuring dev.frozenmilk.sinister.loading.LoadEventHandler@e82984
08-07 21:11:00.671  9064  9349 V ConfigurableScanner: configuring dev.frozenmilk.sinister.util.flag.Debug@cfffe8f
08-07 21:11:00.672  9064  9349 V ConfigurableScanner: configuring dev.frozenmilk.sinister.util.flag.Test@a29251c
08-07 21:11:00.672  9064  9349 V ConfigurableScanner: configuring dev.frozenmilk.sinister.util.notify.Notifier@2c726fa
08-07 21:11:00.672  9064  9349 V Sinister: finished scanner dev.frozenmilk.sinister.configurable.ConfigurableScanner
08-07 21:11:00.673  9064  9064 V Sinister: preloading: com.acmerobotics.dashboard.FtcDashboard$1
08-07 21:11:00.674  9064  9064 V Sinister: preloading: com.acmerobotics.dashboard.FtcDashboard$2
08-07 21:11:00.674  9064  9064 V Sinister: preloading: com.acmerobotics.dashboard.FtcDashboard$3
08-07 21:11:00.674  9064  9064 V Sinister: preloading: com.acmerobotics.dashboard.FtcDashboard$4
08-07 21:11:00.675  9064  9064 V Sinister: preloading: com.acmerobotics.dashboard.FtcDashboard$5
08-07 21:11:00.675  9064  9064 V Sinister: preloading: com.acmerobotics.dashboard.FtcDashboard$6
08-07 21:11:00.675  9064  9064 V Sinister: preloading: com.acmerobotics.dashboard.FtcDashboard
08-07 21:11:00.699  9064  9064 V Sinister: preloading: com.acmerobotics.dashboard.FtcDashboardScanner
08-07 21:11:00.809  9064  9064 V Sinister: preloading: dev.frozenmilk.sinister.Scanner
08-07 21:11:00.810  9064  9064 V Sinister: preloading: dev.frozenmilk.sinister.SlothTeamCodeLoader
08-07 21:11:00.893  9064  9064 W System  : ClassLoader referenced unknown path: 
08-07 21:11:00.898  9064  9064 V SlothTeamCodeLoader: Staged Sloth Load
08-07 21:11:00.901  9064  9064 W FileObserverManager: upgrading mask: path=/storage/emulated/0/FIRST/dairy/sloth old=0x00000ffc new=0x00004ffc: might possibly miss event
08-07 21:11:00.903  9064  9064 V Sinister: preloading: dev.frozenmilk.sinister.configurable.Configurable
08-07 21:11:00.903  9064  9064 V Sinister: preloading: dev.frozenmilk.sinister.configurable.ConfigurableScanner
08-07 21:11:00.904  9064  9064 V Sinister: preloading: dev.frozenmilk.sinister.configurable.Configuration
08-07 21:11:00.905  9064  9064 V Sinister: preloading: dev.frozenmilk.sinister.loading.LoadEventHandler
08-07 21:11:00.905  9064  9064 V Sinister: preloading: dev.frozenmilk.sinister.sdk.BlocksClassScanner
08-07 21:11:00.909  9064  9064 V Sinister: preloading: dev.frozenmilk.sinister.sdk.ConfigurationTypeScanner
08-07 21:11:00.925  9064  9064 V Sinister: preloading: dev.frozenmilk.sinister.sdk.IdResFilter
08-07 21:11:00.931  9064  9064 V Sinister: preloading: dev.frozenmilk.sinister.sdk.IdTemplateResFilter
08-07 21:11:00.933  9064  9064 V Sinister: preloading: dev.frozenmilk.sinister.sdk.RobotConfigResScanner
08-07 21:11:00.934  9064  9064 V Sinister: preloading: dev.frozenmilk.sinister.sdk.SDKClassFilterRemover
08-07 21:11:00.934  9064  9064 V Sinister: preloading: dev.frozenmilk.sinister.sdk.apphooks.AppHookScanner
08-07 21:11:00.934  9064  9064 V Sinister: preloading: dev.frozenmilk.sinister.sdk.apphooks.OnCreate$SDKMethod
08-07 21:11:00.934  9064  9064 V Sinister: preloading: dev.frozenmilk.sinister.sdk.apphooks.OnCreate
08-07 21:11:00.934  9064  9064 V Sinister: preloading: dev.frozenmilk.sinister.sdk.apphooks.OnCreateEventLoop$SDKMethod
08-07 21:11:00.935  9064  9064 V Sinister: preloading: dev.frozenmilk.sinister.sdk.apphooks.OnCreateEventLoop
08-07 21:11:00.935  9064  9064 V Sinister: preloading: dev.frozenmilk.sinister.sdk.apphooks.OnCreateEventLoopScanner$CALLSITE
08-07 21:11:00.937  9064  9064 V OnCreateEventLoopScanner: Replacing OnCreateEventLoop hooks with shim
08-07 21:11:00.937  9064  9064 V Sinister: preloading: dev.frozenmilk.sinister.sdk.apphooks.OnCreateEventLoopScanner
08-07 21:11:00.938  9064  9064 V Sinister: preloading: dev.frozenmilk.sinister.sdk.apphooks.OnCreateMenu$SDKMethod
08-07 21:11:00.938  9064  9064 V Sinister: preloading: dev.frozenmilk.sinister.sdk.apphooks.OnCreateMenu
08-07 21:11:00.938  9064  9064 V Sinister: preloading: dev.frozenmilk.sinister.sdk.apphooks.OnCreateMenuScanner$CALLSITE
08-07 21:11:00.941  9064  9064 V OnCreateMenuScanner: Replacing OnCreateMenu hooks with shim
